Archive member included to satisfy reference by file (symbol)

C:/Users/kavya/OneDrive/DOCUME~1/GitHub/3K04/SIMULI~1/slprj/ert/_sharedutils/rtwshared.lib(rt_roundd_snf.o)
                              simulink_group46.o (rt_roundd_snf)
C:/Users/kavya/OneDrive/DOCUME~1/GitHub/3K04/SIMULI~1/slprj/ert/_sharedutils/rtwshared.lib(sMultiWord2Double.o)
                              simulink_group46.o (sMultiWord2Double)
C:/ProgramData/MATLAB/SupportPackages/R2022b/3P.instrset/cmsis.instrset/CMSIS/RTOS/RTX/LIB/GCC/libRTX_CM4.a(rt_cmsis.o)
                              RTX_Conf_CM.o (osKernelInitialize)
C:/ProgramData/MATLAB/SupportPackages/R2022b/3P.instrset/cmsis.instrset/CMSIS/RTOS/RTX/LIB/GCC/libRTX_CM4.a(hal_cm.o)
                              C:/ProgramData/MATLAB/SupportPackages/R2022b/3P.instrset/cmsis.instrset/CMSIS/RTOS/RTX/LIB/GCC/libRTX_CM4.a(rt_cmsis.o) (rt_ret_val)
C:/ProgramData/MATLAB/SupportPackages/R2022b/3P.instrset/cmsis.instrset/CMSIS/RTOS/RTX/LIB/GCC/libRTX_CM4.a(rt_memory.o)
                              C:/ProgramData/MATLAB/SupportPackages/R2022b/3P.instrset/cmsis.instrset/CMSIS/RTOS/RTX/LIB/GCC/libRTX_CM4.a(rt_cmsis.o) (rt_init_mem)
C:/ProgramData/MATLAB/SupportPackages/R2022b/3P.instrset/cmsis.instrset/CMSIS/RTOS/RTX/LIB/GCC/libRTX_CM4.a(rt_membox.o)
                              C:/ProgramData/MATLAB/SupportPackages/R2022b/3P.instrset/cmsis.instrset/CMSIS/RTOS/RTX/LIB/GCC/libRTX_CM4.a(rt_cmsis.o) (_init_box)
C:/ProgramData/MATLAB/SupportPackages/R2022b/3P.instrset/cmsis.instrset/CMSIS/RTOS/RTX/LIB/GCC/libRTX_CM4.a(rt_mutex.o)
                              C:/ProgramData/MATLAB/SupportPackages/R2022b/3P.instrset/cmsis.instrset/CMSIS/RTOS/RTX/LIB/GCC/libRTX_CM4.a(rt_cmsis.o) (rt_mut_init)
C:/ProgramData/MATLAB/SupportPackages/R2022b/3P.instrset/cmsis.instrset/CMSIS/RTOS/RTX/LIB/GCC/libRTX_CM4.a(rt_time.o)
                              C:/ProgramData/MATLAB/SupportPackages/R2022b/3P.instrset/cmsis.instrset/CMSIS/RTOS/RTX/LIB/GCC/libRTX_CM4.a(rt_cmsis.o) (os_time)
C:/ProgramData/MATLAB/SupportPackages/R2022b/3P.instrset/cmsis.instrset/CMSIS/RTOS/RTX/LIB/GCC/libRTX_CM4.a(rt_semaphore.o)
                              C:/ProgramData/MATLAB/SupportPackages/R2022b/3P.instrset/cmsis.instrset/CMSIS/RTOS/RTX/LIB/GCC/libRTX_CM4.a(rt_cmsis.o) (rt_sem_init)
C:/ProgramData/MATLAB/SupportPackages/R2022b/3P.instrset/cmsis.instrset/CMSIS/RTOS/RTX/LIB/GCC/libRTX_CM4.a(rt_mailbox.o)
                              C:/ProgramData/MATLAB/SupportPackages/R2022b/3P.instrset/cmsis.instrset/CMSIS/RTOS/RTX/LIB/GCC/libRTX_CM4.a(rt_cmsis.o) (rt_mbx_init)
C:/ProgramData/MATLAB/SupportPackages/R2022b/3P.instrset/cmsis.instrset/CMSIS/RTOS/RTX/LIB/GCC/libRTX_CM4.a(rt_list.o)
                              C:/ProgramData/MATLAB/SupportPackages/R2022b/3P.instrset/cmsis.instrset/CMSIS/RTOS/RTX/LIB/GCC/libRTX_CM4.a(rt_cmsis.o) (rt_put_prio)
C:/ProgramData/MATLAB/SupportPackages/R2022b/3P.instrset/cmsis.instrset/CMSIS/RTOS/RTX/LIB/GCC/libRTX_CM4.a(rt_event.o)
                              C:/ProgramData/MATLAB/SupportPackages/R2022b/3P.instrset/cmsis.instrset/CMSIS/RTOS/RTX/LIB/GCC/libRTX_CM4.a(rt_cmsis.o) (rt_evt_wait)
C:/ProgramData/MATLAB/SupportPackages/R2022b/3P.instrset/cmsis.instrset/CMSIS/RTOS/RTX/LIB/GCC/libRTX_CM4.a(rt_system.o)
                              C:/ProgramData/MATLAB/SupportPackages/R2022b/3P.instrset/cmsis.instrset/CMSIS/RTOS/RTX/LIB/GCC/libRTX_CM4.a(rt_cmsis.o) (rt_suspend)
C:/ProgramData/MATLAB/SupportPackages/R2022b/3P.instrset/cmsis.instrset/CMSIS/RTOS/RTX/LIB/GCC/libRTX_CM4.a(rt_task.o)
                              C:/ProgramData/MATLAB/SupportPackages/R2022b/3P.instrset/cmsis.instrset/CMSIS/RTOS/RTX/LIB/GCC/libRTX_CM4.a(rt_system.o) (rt_switch_req)
C:/ProgramData/MATLAB/SupportPackages/R2022b/3P.instrset/cmsis.instrset/CMSIS/RTOS/RTX/LIB/GCC/libRTX_CM4.a(hal_cm4.o)
                              C:/ProgramData/MATLAB/SupportPackages/R2022b/3P.instrset/cmsis.instrset/CMSIS/RTOS/RTX/LIB/GCC/libRTX_CM4.a(rt_task.o) (rt_get_PSP)
C:/ProgramData/MATLAB/SupportPackages/R2022b/3P.instrset/cmsis.instrset/CMSIS/RTOS/RTX/LIB/GCC/libRTX_CM4.a(svc_table.o)
                              C:/ProgramData/MATLAB/SupportPackages/R2022b/3P.instrset/cmsis.instrset/CMSIS/RTOS/RTX/LIB/GCC/libRTX_CM4.a(hal_cm4.o) (SVC_Table)
C:/ProgramData/MATLAB/SupportPackages/R2022b/3P.instrset/cmsis.instrset/CMSIS/RTOS/RTX/LIB/GCC/libRTX_CM4.a(rt_robin.o)
                              C:/ProgramData/MATLAB/SupportPackages/R2022b/3P.instrset/cmsis.instrset/CMSIS/RTOS/RTX/LIB/GCC/libRTX_CM4.a(rt_system.o) (os_robin)
C:/ProgramData/MATLAB/SupportPackages/R2022b/toolbox/target/supportpackages/freedomk64f/src/ksdk_armgcc_lib/bm/libksdk_platform.a(fsl_os_abstraction_bm.o)
                              MW_SCI.o (OSA_SemaPost)
C:/ProgramData/MATLAB/SupportPackages/R2022b/toolbox/target/supportpackages/freedomk64f/src/ksdk_armgcc_lib/bm/libksdk_platform.a(fsl_clock_manager.o)
                              board.o (CLOCK_SYS_OscInit)
[...]
Memory Configuration

Name             Origin             Length             Attributes
m_interrupts     0x00000000         0x00000400         xr
m_flash_config   0x00000400         0x00000010         xr
m_text           0x00000410         0x000ffbf0         xr
m_data_2         0x1fff0000         0x00010000         rw
m_data           0x20000000         0x00030000         rw
*default*        0x00000000         0xffffffff

Linker script and memory map

LOAD c:/progra~3/matlab/suppor~1/r2022b/3p778c~1.ins/gnuarm~1.ins/win/bin/../lib/gcc/arm-none-eabi/9.3.1/thumb/v7e-m+fp/hard/crti.o
LOAD c:/progra~3/matlab/suppor~1/r2022b/3p778c~1.ins/gnuarm~1.ins/win/bin/../lib/gcc/arm-none-eabi/9.3.1/thumb/v7e-m+fp/hard/crtbegin.o
LOAD c:/progra~3/matlab/suppor~1/r2022b/3p778c~1.ins/gnuarm~1.ins/win/bin/../lib/gcc/arm-none-eabi/9.3.1/../../../../arm-none-eabi/lib/thumb/v7e-m+fp/hard/crt0.o
LOAD MW_digitalIO.o
LOAD mw_sdk_interface.o
LOAD MW_PWM.o
LOAD MW_SCI.o
LOAD MW_AnalogInput.o
LOAD ert_main.o
LOAD send_params.o
LOAD simulink_group46.o
LOAD simulink_group46_data.o
LOAD startup.o
LOAD system_MK64F12.o
LOAD startup_MK64F12.o
LOAD board.o
LOAD hardware_init.o
LOAD pin_mux.o
LOAD fsl_misc_utilities.o
LOAD fsl_edma_irq.o
LOAD fsl_uart_irq.o
LOAD irq_stub.o
LOAD sbrk.o
LOAD cmsis_rtos_init.o
LOAD RTX_Conf_CM.o
LOAD mw_thread.o
LOAD mw_semaphore.o
LOAD mw_timer.o
LOAD mw_signal.o
LOAD C:/Users/kavya/OneDrive/DOCUME~1/GitHub/3K04/SIMULI~1/slprj/ert/_sharedutils/rtwshared.lib
LOAD C:/ProgramData/MATLAB/SupportPackages/R2022b/3P.instrset/cmsis.instrset/CMSIS/DSP/Lib/GCC/libarm_cortexM4lf_math.a
LOAD C:/ProgramData/MATLAB/SupportPackages/R2022b/3P.instrset/cmsis.instrset/CMSIS/RTOS/RTX/LIB/GCC/libRTX_CM4.a
LOAD C:/ProgramData/MATLAB/SupportPackages/R2022b/toolbox/target/supportpackages/freedomk64f/src/ksdk_armgcc_lib/bm/libksdk_platform.a
LOAD c:/progra~3/matlab/suppor~1/r2022b/3p778c~1.ins/gnuarm~1.ins/win/bin/../lib/gcc/arm-none-eabi/9.3.1/../../../../arm-none-eabi/lib/thumb/v7e-m+fp/hard\libstdc++.a
LOAD c:/progra~3/matlab/suppor~1/r2022b/3p778c~1.ins/gnuarm~1.ins/win/bin/../lib/gcc/arm-none-eabi/9.3.1/../../../../arm-none-eabi/lib/thumb/v7e-m+fp/hard\libm.a
START GROUP
LOAD c:/progra~3/matlab/suppor~1/r2022b/3p778c~1.ins/gnuarm~1.ins/win/bin/../lib/gcc/arm-none-eabi/9.3.1/thumb/v7e-m+fp/hard\libgcc.a
LOAD c:/progra~3/matlab/suppor~1/r2022b/3p778c~1.ins/gnuarm~1.ins/win/bin/../lib/gcc/arm-none-eabi/9.3.1/../../../../arm-none-eabi/lib/thumb/v7e-m+fp/hard\libg.a
LOAD c:/progra~3/matlab/suppor~1/r2022b/3p778c~1.ins/gnuarm~1.ins/win/bin/../lib/gcc/arm-none-eabi/9.3.1/../../../../arm-none-eabi/lib/thumb/v7e-m+fp/hard\libc.a
END GROUP
START GROUP
LOAD c:/progra~3/matlab/suppor~1/r2022b/3p778c~1.ins/gnuarm~1.ins/win/bin/../lib/gcc/arm-none-eabi/9.3.1/thumb/v7e-m+fp/hard\libgcc.a
LOAD c:/progra~3/matlab/suppor~1/r2022b/3p778c~1.ins/gnuarm~1.ins/win/bin/../lib/gcc/arm-none-eabi/9.3.1/../../../../arm-none-eabi/lib/thumb/v7e-m+fp/hard\libc.a
LOAD c:/progra~3/matlab/suppor~1/r2022b/3p778c~1.ins/gnuarm~1.ins/win/bin/../lib/gcc/arm-none-eabi/9.3.1/../../../../arm-none-eabi/lib/thumb/v7e-m+fp/hard\libnosys.a
END GROUP
LOAD c:/progra~3/matlab/suppor~1/r2022b/3p778c~1.ins/gnuarm~1.ins/win/bin/../lib/gcc/arm-none-eabi/9.3.1/thumb/v7e-m+fp/hard/crtend.o
LOAD c:/progra~3/matlab/suppor~1/r2022b/3p778c~1.ins/gnuarm~1.ins/win/bin/../lib/gcc/arm-none-eabi/9.3.1/thumb/v7e-m+fp/hard/crtn.o
                0x00000400                HEAP_SIZE = DEFINED (__heap_size__)?__heap_size__:0x400
                0x00000400                STACK_SIZE = DEFINED (__stack_size__)?__stack_size__:0x400
                0x00000000                M_VECTOR_RAM_SIZE = DEFINED (__ram_vector_table__)?0x400:0x0

.interrupts     0x00000000      0x400
                0x00000000                __VECTOR_TABLE = .
                0x00000000                . = ALIGN (0x4)
 *(.isr_vector)
 .isr_vector    0x00000000      0x400 startup_MK64F12.o
                0x00000000                __isr_vector
                0x00000400                . = ALIGN (0x4)

.flash_config   0x00000400       0x10
                0x00000400                . = ALIGN (0x4)
 *(.FlashConfig)
 .FlashConfig   0x00000400       0x10 startup_MK64F12.o
                0x00000410                . = ALIGN (0x4)

.text           0x00000440     0xe120
                0x00000440                . = ALIGN (0x4)
 *(.text)
 .text          0x00000440       0x40 c:/progra~3/matlab/suppor~1/r2022b/3p778c~1.ins/gnuarm~1.ins/win/bin/../lib/gcc/arm-none-eabi/9.3.1/thumb/v7e-m+fp/hard/crtbegin.o
 .text          0x00000480       0x7c c:/progra~3/matlab/suppor~1/r2022b/3p778c~1.ins/gnuarm~1.ins/win/bin/../lib/gcc/arm-none-eabi/9.3.1/../../../../arm-none-eabi/lib/thumb/v7e-m+fp/hard/crt0.o
                0x00000480                _stack_init
                0x00000488                _start
                0x00000488                _mainCRTStartup
 .text          0x000004fc       0x14 startup_MK64F12.o
                0x000004fc                Reset_Handler
                0x0000050c                ENET_Receive_IRQHandler
                0x0000050c                ENET_1588_Timer_IRQHandler
                0x0000050c                DefaultISR
                0x0000050c                PIT2_IRQHandler
                0x0000050c                PIT0_IRQHandler
                0x0000050c                ENET_Error_IRQHandler
                0x0000050c                PIT3_IRQHandler
                0x0000050c                SDHC_IRQHandler
                0x0000050c                ENET_Transmit_IRQHandler
                0x0000050c                PIT1_IRQHandler
 .text          0x00000510      0x198 C:/ProgramData/MATLAB/SupportPackages/R2022b/3P.instrset/cmsis.instrset/CMSIS/RTOS/RTX/LIB/GCC/libRTX_CM4.a(hal_cm4.o)
                0x00000510                rt_set_PSP
                0x00000516                rt_get_PSP
                0x0000051c                os_set_env
                0x00000534                _alloc_box
                0x00000550                _free_box
                0x0000056c                SVC_Handler
                0x00000612                PendSV_Handler
                0x00000618                Sys_Switch
                0x00000672                SysTick_Handler
                0x0000067c                OS_Tick_Handler
 .text          0x000006a8      0x378 c:/progra~3/matlab/suppor~1/r2022b/3p778c~1.ins/gnuarm~1.ins/win/bin/../lib/gcc/arm-none-eabi/9.3.1/thumb/v7e-m+fp/hard\libgcc.a(_arm_addsubdf3.o)
                0x000006a8                __aeabi_drsub
                0x000006b0                __aeabi_dsub
                0x000006b0                __subdf3
                0x000006b4                __aeabi_dadd
                0x000006b4                __adddf3
                0x0000092c                __floatunsidf
                0x0000092c                __aeabi_ui2d
                0x0000094c                __floatsidf
                0x0000094c                __aeabi_i2d
                0x00000970                __aeabi_f2d
                0x00000970                __extendsfdf2
                0x000009b4                __floatundidf
                0x000009b4                __aeabi_ul2d
                0x000009c4                __floatdidf
                0x000009c4                __aeabi_l2d
 .text          0x00000a20      0x424 c:/progra~3/matlab/suppor~1/r2022b/3p778c~1.ins/gnuarm~1.ins/win/bin/../lib/gcc/arm-none-eabi/9.3.1/thumb/v7e-m+fp/hard\libgcc.a(_arm_muldivdf3.o)
                0x00000a20                __aeabi_dmul
                0x00000a20                __muldf3
                0x00000c74                __divdf3
                0x00000c74                __aeabi_ddiv
 .text          0x00000e44      0x110 c:/progra~3/matlab/suppor~1/r2022b/3p778c~1.ins/gnuarm~1.ins/win/bin/../lib/gcc/arm-none-eabi/9.3.1/thumb/v7e-m+fp/hard\libgcc.a(_arm_cmpdf2.o)
                0x00000e44                __gtdf2
                0x00000e44                __gedf2
                0x00000e4c                __ltdf2
                0x00000e4c                __ledf2
                0x00000e54                __nedf2
                0x00000e54                __eqdf2
                0x00000e54                __cmpdf2
                0x00000ed0                __aeabi_cdrcmple
                0x00000ee0                __aeabi_cdcmpeq
                0x00000ee0                __aeabi_cdcmple
                0x00000ef0                __aeabi_dcmpeq
                0x00000f04                __aeabi_dcmplt
                0x00000f18                __aeabi_dcmple
                0x00000f2c                __aeabi_dcmpge
                0x00000f40                __aeabi_dcmpgt
 .text          0x00000f54       0x50 c:/progra~3/matlab/suppor~1/r2022b/3p778c~1.ins/gnuarm~1.ins/win/bin/../lib/gcc/arm-none-eabi/9.3.1/thumb/v7e-m+fp/hard\libgcc.a(_arm_fixdfsi.o)
                0x00000f54                __aeabi_d2iz
                0x00000f54                __fixdfsi
 .text          0x00000fa4       0x40 c:/progra~3/matlab/suppor~1/r2022b/3p778c~1.ins/gnuarm~1.ins/win/bin/../lib/gcc/arm-none-eabi/9.3.1/thumb/v7e-m+fp/hard\libgcc.a(_arm_fixunsdfsi.o)
                0x00000fa4                __aeabi_d2uiz
                0x00000fa4                __fixunsdfsi
 .text          0x00000fe4       0x30 c:/progra~3/matlab/suppor~1/r2022b/3p778c~1.ins/gnuarm~1.ins/win/bin/../lib/gcc/arm-none-eabi/9.3.1/thumb/v7e-m+fp/hard\libgcc.a(_aeabi_uldivmod.o)
                0x00000fe4                __aeabi_uldivmod
 .text          0x00001014      0x2c4 c:/progra~3/matlab/suppor~1/r2022b/3p778c~1.ins/gnuarm~1.ins/win/bin/../lib/gcc/arm-none-eabi/9.3.1/thumb/v7e-m+fp/hard\libgcc.a(_udivmoddi4.o)
                0x00001014                __udivmoddi4
 .text          0x000012d8      0x9b8 c:/progra~3/matlab/suppor~1/r2022b/3p778c~1.ins/gnuarm~1.ins/win/bin/../lib/gcc/arm-none-eabi/9.3.1/thumb/v7e-m+fp/hard\libgcc.a(unwind-arm.o)
                0x00001580                _Unwind_GetCFA
                0x00001584                __gnu_Unwind_RaiseException
                0x000015e4                __gnu_Unwind_ForcedUnwind
                0x000015f8                __gnu_Unwind_Resume
                0x0000163c                __gnu_Unwind_Resume_or_Rethrow
                0x0000164c                _Unwind_Complete
                0x00001650                _Unwind_DeleteException
                0x0000165c                _Unwind_VRS_Get
                0x000016a4                _Unwind_VRS_Set
                0x000016ec                __gnu_Unwind_Backtrace
                0x00001a0c                __aeabi_unwind_cpp_pr0
                0x00001a10                __aeabi_unwind_cpp_pr1
                0x00001a14                __aeabi_unwind_cpp_pr2
                0x00001a18                _Unwind_VRS_Pop
 .text          0x00001c90      0x1ac c:/progra~3/matlab/suppor~1/r2022b/3p778c~1.ins/gnuarm~1.ins/win/bin/../lib/gcc/arm-none-eabi/9.3.1/thumb/v7e-m+fp/hard\libgcc.a(libunwind.o)
                0x00001c90                __restore_core_regs
                0x00001c90                restore_core_regs
                0x00001ca8                __gnu_Unwind_Restore_VFP
                0x00001cb0                __gnu_Unwind_Save_VFP
                0x00001cb8                __gnu_Unwind_Restore_VFP_D
                0x00001cc0                __gnu_Unwind_Save_VFP_D
                0x00001cc8                __gnu_Unwind_Restore_VFP_D_16_to_31
                0x00001cd0                __gnu_Unwind_Save_VFP_D_16_to_31
                0x00001cd8                __gnu_Unwind_Restore_WMMXD
                0x00001d1c                __gnu_Unwind_Save_WMMXD
                0x00001d60                __gnu_Unwind_Restore_WMMXC
                0x00001d74                __gnu_Unwind_Save_WMMXC
                0x00001d88                ___Unwind_RaiseException
                0x00001d88                _Unwind_RaiseException
                0x00001dac                _Unwind_Resume
                0x00001dac                ___Unwind_Resume
                0x00001dd0                _Unwind_Resume_or_Rethrow
                0x00001dd0                ___Unwind_Resume_or_Rethrow
                0x00001df4                _Unwind_ForcedUnwind
                0x00001df4                ___Unwind_ForcedUnwind
                0x00001e18                ___Unwind_Backtrace
                0x00001e18                _Unwind_Backtrace
 .text          0x00001e3c      0x340 c:/progra~3/matlab/suppor~1/r2022b/3p778c~1.ins/gnuarm~1.ins/win/bin/../lib/gcc/arm-none-eabi/9.3.1/thumb/v7e-m+fp/hard\libgcc.a(pr-support.o)
                0x00001e94                __gnu_unwind_execute
                0x00002130                __gnu_unwind_frame
                0x0000215c                _Unwind_GetRegionStart
                0x00002168                _Unwind_GetLanguageSpecificData
 .text          0x0000217c        0x4 c:/progra~3/matlab/suppor~1/r2022b/3p778c~1.ins/gnuarm~1.ins/win/bin/../lib/gcc/arm-none-eabi/9.3.1/thumb/v7e-m+fp/hard\libgcc.a(_dvmd_tls.o)
                0x0000217c                __aeabi_idiv0
                0x0000217c                __aeabi_ldiv0
 .text          0x00002180      0x134 c:/progra~3/matlab/suppor~1/r2022b/3p778c~1.ins/gnuarm~1.ins/win/bin/../lib/gcc/arm-none-eabi/9.3.1/../../../../arm-none-eabi/lib/thumb/v7e-m+fp/hard\libg.a(lib_a-memcpy.o)
                0x00002180                memcpy
 *fill*         0x000022b4        0xc 
 .text          0x000022c0       0xa0 c:/progra~3/matlab/suppor~1/r2022b/3p778c~1.ins/gnuarm~1.ins/win/bin/../lib/gcc/arm-none-eabi/9.3.1/../../../../arm-none-eabi/lib/thumb/v7e-m+fp/hard\libg.a(lib_a-memchr.o)
                0x000022c0                memchr
 *fill*         0x00002360       0x20 
 .text          0x00002380       0xdc c:/progra~3/matlab/suppor~1/r2022b/3p778c~1.ins/gnuarm~1.ins/win/bin/../lib/gcc/arm-none-eabi/9.3.1/../../../../arm-none-eabi/lib/thumb/v7e-m+fp/hard\libg.a(lib_a-strlen.o)
                0x00002380                strlen
 *(.text*)
 .text.MW_digitalIO_open
                0x0000245c       0xe0 MW_digitalIO.o
                0x0000245c                MW_digitalIO_open
 .text.MW_digitalIO_read
                0x0000253c       0x70 MW_digitalIO.o
                0x0000253c                MW_digitalIO_read
 .text.MW_digitalIO_write
                0x000025ac       0x7e MW_digitalIO.o
                0x000025ac                MW_digitalIO_write
 .text.MW_digitalIO_close
                0x0000262a       0x3c MW_digitalIO.o
                0x0000262a                MW_digitalIO_close
 *fill*         0x00002666        0x2 
 .text.PORT_HAL_SetMuxMode
                0x00002668       0x58 MW_PWM.o
 .text.FTM_HAL_SetClockSource
                0x000026c0       0x2e MW_PWM.o
 *fill*         0x000026ee        0x2 
 .text.MW_PWM_Open
                0x000026f0      0x164 MW_PWM.o
                0x000026f0                MW_PWM_Open
 .text.MW_PWM_Start
                0x00002854       0x14 MW_PWM.o
                0x00002854                MW_PWM_Start
 .text.MW_PWM_SetDutyCycle
                0x00002868       0x7c MW_PWM.o
                0x00002868                MW_PWM_SetDutyCycle
 .text.MW_PWM_Stop
                0x000028e4       0x2c MW_PWM.o
                0x000028e4                MW_PWM_Stop
 .text.MW_PWM_Close
                0x00002910       0x14 MW_PWM.o
                0x00002910                MW_PWM_Close
 .text.EDMA_HAL_HTCDSetDestAddr
                0x00002924       0x48 MW_SCI.o
 .text.EDMA_HAL_HTCDSetIntCmd
                0x0000296c       0x58 MW_SCI.o
 .text.MW_SCI_Open
                0x000029c4      0x5b0 MW_SCI.o
                0x000029c4                MW_SCI_Open
 .text.MW_SCI_SetBaudrate
                0x00002f74       0x18 MW_SCI.o
                0x00002f74                MW_SCI_SetBaudrate
 .text.MW_SCI_SetFrameFormat
                0x00002f8c       0x28 MW_SCI.o
                0x00002f8c                MW_SCI_SetFrameFormat
 .text.MW_SCI_Receive
                0x00002fb4       0xa4 MW_SCI.o
                0x00002fb4                MW_SCI_Receive
 .text.MW_SCI_Transmit
                0x00003058       0x80 MW_SCI.o
                0x00003058                MW_SCI_Transmit
 .text.MW_SCI_Close
                0x000030d8       0x14 MW_SCI.o
                0x000030d8                MW_SCI_Close
 .text.MW_UART_DRV_EdmaStartReceiveData
                0x000030ec       0xac MW_SCI.o
 .text.MW_UART_DRV_EdmaRxCallback
                0x00003198       0x1c MW_SCI.o
 .text.MW_UART_DRV_EdmaCompleteReceiveData
                0x000031b4      0x120 MW_SCI.o
 .text.MW_AnalogInSingle_Open
                0x000032d4       0xa8 MW_AnalogInput.o
                0x000032d4                MW_AnalogInSingle_Open
 .text.MW_AnalogIn_SetTriggerSource
                0x0000337c       0x1a MW_AnalogInput.o
                0x0000337c                MW_AnalogIn_SetTriggerSource
 *fill*         0x00003396        0x2 
 .text.MW_AnalogInSingle_ReadResult
                0x00003398       0xb8 MW_AnalogInput.o
                0x00003398                MW_AnalogInSingle_ReadResult
 .text.MW_AnalogIn_Start
                0x00003450       0x14 MW_AnalogInput.o
                0x00003450                MW_AnalogIn_Start
 .text.MW_AnalogIn_Stop
                0x00003464       0x14 MW_AnalogInput.o
                0x00003464                MW_AnalogIn_Stop
 .text.MW_AnalogIn_Close
                0x00003478       0x14 MW_AnalogInput.o
                0x00003478                MW_AnalogIn_Close
 .text.subrateTask
                0x0000348c       0x60 ert_main.o
                0x0000348c                subrateTask
 .text.baseRateTask
                0x000034ec       0x8c ert_main.o
                0x000034ec                baseRateTask
 .text.terminateTask
                0x00003578       0x9c ert_main.o
                0x00003578                terminateTask
 .text.main     0x00003614       0x54 ert_main.o
                0x00003614                main
 .text.simulink_group_SystemCore_setup
                0x00003668       0x5e send_params.o
 *fill*         0x000036c6        0x2 
 .text.send_params_Start
                0x000036c8       0xd0 send_params.o
                0x000036c8                send_params_Start
 .text.send_params
                0x00003798      0x4c0 send_params.o
                0x00003798                send_params
 .text.send_params_Term
                0x00003c58       0xa8 send_params.o
                0x00003c58                send_params_Term
 .text.rate_monotonic_scheduler
                0x00003d00       0x2c simulink_group46.o
 .text.simulink_gro_SystemCore_setup_g
                0x00003d2c       0x80 simulink_group46.o
 .text.simulink__enter_atomic_Wait_AAI
                0x00003dac       0x64 simulink_group46.o
 .text.simulink_Sensing_Charge_C22_AAI
                0x00003e10      0x1b0 simulink_group46.o
 .text.sim_enter_atomic_Charge_C22_AOO
                0x00003fc0       0x84 simulink_group46.o
 .text.simulink__enter_atomic_Wait_VVI
                0x00004044       0x6c simulink_group46.o
 .text.sim_enter_atomic_Charge_C22_VOO
                0x000040b0       0x84 simulink_group46.o
 .text.simulink_Sensing_Charge_C22_VVI
                0x00004134      0x1b4 simulink_group46.o
 .text.simulink_group46_step0
                0x000042e8        0xc simulink_group46.o
                0x000042e8                simulink_group46_step0
 .text.simulink_group46_step1
                0x000042f4      0x8b4 simulink_group46.o
                0x000042f4                simulink_group46_step1
 .text.simulink_group46_step
                0x00004ba8       0x2a simulink_group46.o
                0x00004ba8                simulink_group46_step
 *fill*         0x00004bd2        0x6 
 .text.simulink_group46_initialize
                0x00004bd8      0x488 simulink_group46.o
                0x00004bd8                simulink_group46_initialize
 .text.simulink_group46_terminate
                0x00005060      0x324 simulink_group46.o
                0x00005060                simulink_group46_terminate
 .text.init_data_bss
                0x00005384       0xd0 startup.o
                0x00005384                init_data_bss
 .text.SystemInit
                0x00005454      0x1dc system_MK64F12.o
                0x00005454                SystemInit
 .text.SystemCoreClockUpdate
                0x00005630      0x290 system_MK64F12.o
                0x00005630                SystemCoreClockUpdate
 .text.PORT_HAL_SetMuxMode
                0x000058c0       0x58 board.o
 .text.SMC_HAL_SetProtection
                0x00005918       0x1e board.o
 *fill*         0x00005936        0x2 
 .text.BOARD_InitOsc0
                0x00005938       0x30 board.o
                0x00005938                BOARD_InitOsc0
 .text.BOARD_InitRtcOsc
                0x00005968       0x28 board.o
                0x00005968                BOARD_InitRtcOsc
 .text.BOARD_ClockInit
                0x00005990       0x34 board.o
                0x00005990                BOARD_ClockInit
 .text.hardware_init
                0x000059c4       0x30 hardware_init.o
                0x000059c4                hardware_init
 .text.PORT_HAL_SetMuxMode
                0x000059f4       0x58 pin_mux.o
 .text.SIM_HAL_EnableClock
                0x00005a4c       0x44 pin_mux.o
 .text.configure_uart_pins
                0x00005a90      0x194 pin_mux.o
                0x00005a90                configure_uart_pins
 .text.DMA0_IRQHandler
                0x00005c24        0xe fsl_edma_irq.o
                0x00005c24                DMA0_IRQHandler
 .text.DMA1_IRQHandler
                0x00005c32        0xe fsl_edma_irq.o
                0x00005c32                DMA1_IRQHandler
 .text.DMA2_IRQHandler
                0x00005c40        0xe fsl_edma_irq.o
                0x00005c40                DMA2_IRQHandler
 .text.DMA3_IRQHandler
                0x00005c4e        0xe fsl_edma_irq.o
                0x00005c4e                DMA3_IRQHandler
 .text.DMA4_IRQHandler
                0x00005c5c        0xe fsl_edma_irq.o
                0x00005c5c                DMA4_IRQHandler
 .text.DMA5_IRQHandler
                0x00005c6a        0xe fsl_edma_irq.o
                0x00005c6a                DMA5_IRQHandler
 .text.DMA6_IRQHandler
                0x00005c78        0xe fsl_edma_irq.o
                0x00005c78                DMA6_IRQHandler
 .text.DMA7_IRQHandler
                0x00005c86        0xe fsl_edma_irq.o
                0x00005c86                DMA7_IRQHandler
 .text.DMA8_IRQHandler
                0x00005c94        0xe fsl_edma_irq.o
                0x00005c94                DMA8_IRQHandler
 .text.DMA9_IRQHandler
                0x00005ca2        0xe fsl_edma_irq.o
                0x00005ca2                DMA9_IRQHandler
 .text.DMA10_IRQHandler
                0x00005cb0        0xe fsl_edma_irq.o
                0x00005cb0                DMA10_IRQHandler
 .text.DMA11_IRQHandler
                0x00005cbe        0xe fsl_edma_irq.o
                0x00005cbe                DMA11_IRQHandler
 .text.DMA12_IRQHandler
                0x00005ccc        0xe fsl_edma_irq.o
                0x00005ccc                DMA12_IRQHandler
 .text.DMA13_IRQHandler
                0x00005cda        0xe fsl_edma_irq.o
                0x00005cda                DMA13_IRQHandler
 .text.DMA14_IRQHandler
                0x00005ce8        0xe fsl_edma_irq.o
                0x00005ce8                DMA14_IRQHandler
 .text.DMA15_IRQHandler
                0x00005cf6        0xe fsl_edma_irq.o
                0x00005cf6                DMA15_IRQHandler
 .text.DMA_Error_IRQHandler
                0x00005d04        0xe fsl_edma_irq.o
                0x00005d04                DMA_Error_IRQHandler
 .text.UART0_RX_TX_IRQHandler
                0x00005d12        0xe fsl_uart_irq.o
                0x00005d12                UART0_RX_TX_IRQHandler
 .text.UART1_RX_TX_IRQHandler
                0x00005d20        0xe fsl_uart_irq.o
                0x00005d20                UART1_RX_TX_IRQHandler
 .text.UART2_RX_TX_IRQHandler
                0x00005d2e        0xe fsl_uart_irq.o
                0x00005d2e                UART2_RX_TX_IRQHandler
 .text.UART3_RX_TX_IRQHandler
                0x00005d3c        0xe fsl_uart_irq.o
                0x00005d3c                UART3_RX_TX_IRQHandler
 .text.UART4_RX_TX_IRQHandler
                0x00005d4a        0xe fsl_uart_irq.o
                0x00005d4a                UART4_RX_TX_IRQHandler
 .text.UART5_RX_TX_IRQHandler
                0x00005d58        0xe fsl_uart_irq.o
                0x00005d58                UART5_RX_TX_IRQHandler
 .text.NMI_Handler
                0x00005d66        0x6 irq_stub.o
                0x00005d66                NMI_Handler
 .text.HardFault_Handler
                0x00005d6c        0x6 irq_stub.o
                0x00005d6c                HardFault_Handler
 .text.MemManage_Handler
                0x00005d72        0x6 irq_stub.o
                0x00005d72                MemManage_Handler
 .text.BusFault_Handler
                0x00005d78        0x6 irq_stub.o
                0x00005d78                BusFault_Handler
 .text.UsageFault_Handler
                0x00005d7e        0x6 irq_stub.o
                0x00005d7e                UsageFault_Handler
 .text.DebugMon_Handler
                0x00005d84        0x6 irq_stub.o
                0x00005d84                DebugMon_Handler
 .text.MCM_IRQHandler
                0x00005d8a        0x6 irq_stub.o
                0x00005d8a                MCM_IRQHandler
 .text.FTFE_IRQHandler
                0x00005d90        0x6 irq_stub.o
                0x00005d90                FTFE_IRQHandler
 .text.Read_Collision_IRQHandler
                0x00005d96        0x6 irq_stub.o
                0x00005d96                Read_Collision_IRQHandler
 .text.LVD_LVW_IRQHandler
                0x00005d9c        0x6 irq_stub.o
                0x00005d9c                LVD_LVW_IRQHandler
 .text.LLWU_IRQHandler
                0x00005da2        0x6 irq_stub.o
                0x00005da2                LLWU_IRQHandler
 .text.WDOG_EWM_IRQHandler
                0x00005da8        0x6 irq_stub.o
                0x00005da8                WDOG_EWM_IRQHandler
 .text.RNG_IRQHandler
                0x00005dae        0x6 irq_stub.o
                0x00005dae                RNG_IRQHandler
 .text.I2C0_IRQHandler
                0x00005db4        0x6 irq_stub.o
                0x00005db4                I2C0_IRQHandler
 .text.I2C1_IRQHandler
                0x00005dba        0x6 irq_stub.o
                0x00005dba                I2C1_IRQHandler
 .text.SPI0_IRQHandler
                0x00005dc0        0x6 irq_stub.o
                0x00005dc0                SPI0_IRQHandler
 .text.SPI1_IRQHandler
                0x00005dc6        0x6 irq_stub.o
                0x00005dc6                SPI1_IRQHandler
 .text.I2S0_Tx_IRQHandler
                0x00005dcc        0x6 irq_stub.o
                0x00005dcc                I2S0_Tx_IRQHandler
 .text.I2S0_Rx_IRQHandler
                0x00005dd2        0x6 irq_stub.o
                0x00005dd2                I2S0_Rx_IRQHandler
 .text.UART0_LON_IRQHandler
                0x00005dd8        0x6 irq_stub.o
                0x00005dd8                UART0_LON_IRQHandler
 .text.UART0_ERR_IRQHandler
                0x00005dde        0x6 irq_stub.o
                0x00005dde                UART0_ERR_IRQHandler
 .text.UART1_ERR_IRQHandler
                0x00005de4        0x6 irq_stub.o
                0x00005de4                UART1_ERR_IRQHandler
 .text.UART2_ERR_IRQHandler
                0x00005dea        0x6 irq_stub.o
                0x00005dea                UART2_ERR_IRQHandler
 .text.UART3_ERR_IRQHandler
                0x00005df0        0x6 irq_stub.o
                0x00005df0                UART3_ERR_IRQHandler
 .text.ADC0_IRQHandler
                0x00005df6        0x6 irq_stub.o
                0x00005df6                ADC0_IRQHandler
 .text.CMP0_IRQHandler
                0x00005dfc        0x6 irq_stub.o
                0x00005dfc                CMP0_IRQHandler
 .text.CMP1_IRQHandler
                0x00005e02        0x6 irq_stub.o
                0x00005e02                CMP1_IRQHandler
 .text.FTM0_IRQHandler
                0x00005e08        0x6 irq_stub.o
                0x00005e08                FTM0_IRQHandler
 .text.FTM1_IRQHandler
                0x00005e0e        0x6 irq_stub.o
                0x00005e0e                FTM1_IRQHandler
 .text.FTM2_IRQHandler
                0x00005e14        0x6 irq_stub.o
                0x00005e14                FTM2_IRQHandler
 .text.CMT_IRQHandler
                0x00005e1a        0x6 irq_stub.o
                0x00005e1a                CMT_IRQHandler
 .text.RTC_IRQHandler
                0x00005e20        0x6 irq_stub.o
                0x00005e20                RTC_IRQHandler
 .text.RTC_Seconds_IRQHandler
                0x00005e26        0x6 irq_stub.o
                0x00005e26                RTC_Seconds_IRQHandler
 .text.PDB0_IRQHandler
                0x00005e2c        0x6 irq_stub.o
                0x00005e2c                PDB0_IRQHandler
 .text.USB0_IRQHandler
                0x00005e32        0x6 irq_stub.o
                0x00005e32                USB0_IRQHandler
 .text.USBDCD_IRQHandler
                0x00005e38        0x6 irq_stub.o
                0x00005e38                USBDCD_IRQHandler
 .text.Reserved71_IRQHandler
                0x00005e3e        0x6 irq_stub.o
                0x00005e3e                Reserved71_IRQHandler
 .text.DAC0_IRQHandler
                0x00005e44        0x6 irq_stub.o
                0x00005e44                DAC0_IRQHandler
 .text.MCG_IRQHandler
                0x00005e4a        0x6 irq_stub.o
                0x00005e4a                MCG_IRQHandler
 .text.LPTMR0_IRQHandler
                0x00005e50        0x6 irq_stub.o
                0x00005e50                LPTMR0_IRQHandler
 .text.PORTA_IRQHandler
                0x00005e56        0x6 irq_stub.o
                0x00005e56                PORTA_IRQHandler
 .text.PORTB_IRQHandler
                0x00005e5c        0x6 irq_stub.o
                0x00005e5c                PORTB_IRQHandler
 .text.PORTC_IRQHandler
                0x00005e62        0x6 irq_stub.o
                0x00005e62                PORTC_IRQHandler
 .text.PORTD_IRQHandler
                0x00005e68        0x6 irq_stub.o
                0x00005e68                PORTD_IRQHandler
 .text.PORTE_IRQHandler
                0x00005e6e        0x6 irq_stub.o
                0x00005e6e                PORTE_IRQHandler
 .text.SWI_IRQHandler
                0x00005e74        0x6 irq_stub.o
                0x00005e74                SWI_IRQHandler
 .text.SPI2_IRQHandler
                0x00005e7a        0x6 irq_stub.o
                0x00005e7a                SPI2_IRQHandler
 .text.UART4_ERR_IRQHandler
                0x00005e80        0x6 irq_stub.o
                0x00005e80                UART4_ERR_IRQHandler
 .text.UART5_ERR_IRQHandler
                0x00005e86        0x6 irq_stub.o
                0x00005e86                UART5_ERR_IRQHandler
 .text.CMP2_IRQHandler
                0x00005e8c        0x6 irq_stub.o
                0x00005e8c                CMP2_IRQHandler
 .text.FTM3_IRQHandler
                0x00005e92        0x6 irq_stub.o
                0x00005e92                FTM3_IRQHandler
 .text.DAC1_IRQHandler
                0x00005e98        0x6 irq_stub.o
                0x00005e98                DAC1_IRQHandler
 .text.ADC1_IRQHandler
                0x00005e9e        0x6 irq_stub.o
                0x00005e9e                ADC1_IRQHandler
 .text.I2C2_IRQHandler
                0x00005ea4        0x6 irq_stub.o
                0x00005ea4                I2C2_IRQHandler
 .text.CAN0_ORed_Message_buffer_IRQHandler
                0x00005eaa        0x6 irq_stub.o
                0x00005eaa                CAN0_ORed_Message_buffer_IRQHandler
 .text.CAN0_Bus_Off_IRQHandler
                0x00005eb0        0x6 irq_stub.o
                0x00005eb0                CAN0_Bus_Off_IRQHandler
 .text.CAN0_Error_IRQHandler
                0x00005eb6        0x6 irq_stub.o
                0x00005eb6                CAN0_Error_IRQHandler
 .text.CAN0_Tx_Warning_IRQHandler
                0x00005ebc        0x6 irq_stub.o
                0x00005ebc                CAN0_Tx_Warning_IRQHandler
 .text.CAN0_Rx_Warning_IRQHandler
                0x00005ec2        0x6 irq_stub.o
                0x00005ec2                CAN0_Rx_Warning_IRQHandler
 .text.CAN0_Wake_Up_IRQHandler
                0x00005ec8        0x6 irq_stub.o
                0x00005ec8                CAN0_Wake_Up_IRQHandler
 *fill*         0x00005ece        0x2 
 .text._sbrk    0x00005ed0       0x5c sbrk.o
                0x00005ed0                _sbrk
 .text.schedulerTask
                0x00005f2c       0x1c cmsis_rtos_init.o
                0x00005f2c                schedulerTask
 .text.mw_initSignalEvents
                0x00005f48       0x78 cmsis_rtos_init.o
                0x00005f48                mw_initSignalEvents
 .text.mw_RTOSInit
                0x00005fc0      0x108 cmsis_rtos_init.o
                0x00005fc0                mw_RTOSInit
 .text.os_idle_demon
                0x000060c8        0x8 RTX_Conf_CM.o
                0x000060c8                os_idle_demon
 .text.os_error
                0x000060d0       0x2c RTX_Conf_CM.o
                0x000060d0                os_error
 .text.rt_init_robin
                0x000060fc        0x4 RTX_Conf_CM.o
                0x000060fc                rt_init_robin
 .text.rt_chk_robin
                0x00006100        0x4 RTX_Conf_CM.o
                0x00006100                rt_chk_robin
 .text.software_init_hook
                0x00006104       0x34 RTX_Conf_CM.o
                0x00006104                software_init_hook
 .text.mw_osThreadCreate
                0x00006138       0x52 mw_thread.o
                0x00006138                mw_osThreadCreate
 .text.mw_osThreadGetId
                0x0000618a        0xe mw_thread.o
                0x0000618a                mw_osThreadGetId
 .text.mw_osThreadExit
                0x00006198       0x22 mw_thread.o
                0x00006198                mw_osThreadExit
 .text.mw_osThreadJoin
                0x000061ba       0x1a mw_thread.o
                0x000061ba                mw_osThreadJoin
 .text.mw_osTimerCreate
                0x000061d4       0x4e mw_timer.o
                0x000061d4                mw_osTimerCreate
 .text.mw_osTimerStart
                0x00006222       0x24 mw_timer.o
                0x00006222                mw_osTimerStart
 .text.mw_osSignalSet
                0x00006246       0x2e mw_signal.o
                0x00006246                mw_osSignalSet
 .text.mw_osSignalClear
                0x00006274       0x26 mw_signal.o
                0x00006274                mw_osSignalClear
 .text.mw_osSignalWaitEver
                0x0000629a       0x20 mw_signal.o
                0x0000629a                mw_osSignalWaitEver
 .text.mw_osSignalEventCreate
                0x000062ba       0x20 mw_signal.o
                0x000062ba                mw_osSignalEventCreate
 .text.mw_osSignalEventRelease
                0x000062da       0x26 mw_signal.o
                0x000062da                mw_osSignalEventRelease
 .text.mw_osSignalEventWaitEver
                0x00006300       0x34 mw_signal.o
                0x00006300                mw_osSignalEventWaitEver
 .text.mw_osSignalEventDelete
                0x00006334       0x14 mw_signal.o
                0x00006334                mw_osSignalEventDelete
 .text.rt_roundd_snf
                0x00006348       0xf4 C:/Users/kavya/OneDrive/DOCUME~1/GitHub/3K04/SIMULI~1/slprj/ert/_sharedutils/rtwshared.lib(rt_roundd_snf.o)
                0x00006348                rt_roundd_snf
 .text.sMultiWord2Double
                0x0000643c      0x100 C:/Users/kavya/OneDrive/DOCUME~1/GitHub/3K04/SIMULI~1/slprj/ert/_sharedutils/rtwshared.lib(sMultiWord2Double.o)
                0x0000643c                sMultiWord2Double
 .text.osThreadExit
                0x0000653c       0x18 C:/ProgramData/MATLAB/SupportPackages/R2022b/3P.instrset/cmsis.instrset/CMSIS/RTOS/RTX/LIB/GCC/libRTX_CM4.a(rt_cmsis.o)
                0x0000653c                osThreadExit
 .text.svcKernelInitialize
                0x00006554      0x104 C:/ProgramData/MATLAB/SupportPackages/R2022b/3P.instrset/cmsis.instrset/CMSIS/RTOS/RTX/LIB/GCC/libRTX_CM4.a(rt_cmsis.o)
                0x00006554                svcKernelInitialize
 .text.svcKernelStart
                0x00006658       0x48 C:/ProgramData/MATLAB/SupportPackages/R2022b/3P.instrset/cmsis.instrset/CMSIS/RTOS/RTX/LIB/GCC/libRTX_CM4.a(rt_cmsis.o)
                0x00006658                svcKernelStart
 .text.osKernelInitialize
                0x000066a0       0x28 C:/ProgramData/MATLAB/SupportPackages/R2022b/3P.instrset/cmsis.instrset/CMSIS/RTOS/RTX/LIB/GCC/libRTX_CM4.a(rt_cmsis.o)
                0x000066a0                osKernelInitialize
 .text.osKernelStart
                0x000066c8       0x74 C:/ProgramData/MATLAB/SupportPackages/R2022b/3P.instrset/cmsis.instrset/CMSIS/RTOS/RTX/LIB/GCC/libRTX_CM4.a(rt_cmsis.o)
                0x000066c8                osKernelStart
 .text.svcThreadCreate
                0x0000673c       0x7c C:/ProgramData/MATLAB/SupportPackages/R2022b/3P.instrset/cmsis.instrset/CMSIS/RTOS/RTX/LIB/GCC/libRTX_CM4.a(rt_cmsis.o)
                0x0000673c                svcThreadCreate
 .text.svcThreadGetId
                0x000067b8       0x18 C:/ProgramData/MATLAB/SupportPackages/R2022b/3P.instrset/cmsis.instrset/CMSIS/RTOS/RTX/LIB/GCC/libRTX_CM4.a(rt_cmsis.o)
                0x000067b8                svcThreadGetId
 .text.svcThreadTerminate
                0x000067d0       0x48 C:/ProgramData/MATLAB/SupportPackages/R2022b/3P.instrset/cmsis.instrset/CMSIS/RTOS/RTX/LIB/GCC/libRTX_CM4.a(rt_cmsis.o)
                0x000067d0                svcThreadTerminate
 .text.osThreadCreate
                0x00006818       0xa4 C:/ProgramData/MATLAB/SupportPackages/R2022b/3P.instrset/cmsis.instrset/CMSIS/RTOS/RTX/LIB/GCC/libRTX_CM4.a(rt_cmsis.o)
                0x00006818                osThreadCreate
 .text.osThreadGetId
                0x000068bc       0x18 C:/ProgramData/MATLAB/SupportPackages/R2022b/3P.instrset/cmsis.instrset/CMSIS/RTOS/RTX/LIB/GCC/libRTX_CM4.a(rt_cmsis.o)
                0x000068bc                osThreadGetId
 .text.osThreadTerminate
                0x000068d4       0x18 C:/ProgramData/MATLAB/SupportPackages/R2022b/3P.instrset/cmsis.instrset/CMSIS/RTOS/RTX/LIB/GCC/libRTX_CM4.a(rt_cmsis.o)
                0x000068d4                osThreadTerminate
 .text.svcTimerCreate
                0x000068ec       0x40 C:/ProgramData/MATLAB/SupportPackages/R2022b/3P.instrset/cmsis.instrset/CMSIS/RTOS/RTX/LIB/GCC/libRTX_CM4.a(rt_cmsis.o)
                0x000068ec                svcTimerCreate
 .text.svcTimerStart
                0x0000692c       0xdc C:/ProgramData/MATLAB/SupportPackages/R2022b/3P.instrset/cmsis.instrset/CMSIS/RTOS/RTX/LIB/GCC/libRTX_CM4.a(rt_cmsis.o)
                0x0000692c                svcTimerStart
 .text.svcTimerCall
                0x00006a08       0x18 C:/ProgramData/MATLAB/SupportPackages/R2022b/3P.instrset/cmsis.instrset/CMSIS/RTOS/RTX/LIB/GCC/libRTX_CM4.a(rt_cmsis.o)
                0x00006a08                svcTimerCall
 .text.sysTimerTick
                0x00006a20       0xc8 C:/ProgramData/MATLAB/SupportPackages/R2022b/3P.instrset/cmsis.instrset/CMSIS/RTOS/RTX/LIB/GCC/libRTX_CM4.a(rt_cmsis.o)
                0x00006a20                sysTimerTick
 .text.osTimerCreate
                0x00006ae8       0x68 C:/ProgramData/MATLAB/SupportPackages/R2022b/3P.instrset/cmsis.instrset/CMSIS/RTOS/RTX/LIB/GCC/libRTX_CM4.a(rt_cmsis.o)
                0x00006ae8                osTimerCreate
 .text.osTimerStart
                0x00006b50       0x18 C:/ProgramData/MATLAB/SupportPackages/R2022b/3P.instrset/cmsis.instrset/CMSIS/RTOS/RTX/LIB/GCC/libRTX_CM4.a(rt_cmsis.o)
                0x00006b50                osTimerStart
 .text.osTimerThread
                0x00006b68       0x3c C:/ProgramData/MATLAB/SupportPackages/R2022b/3P.instrset/cmsis.instrset/CMSIS/RTOS/RTX/LIB/GCC/libRTX_CM4.a(rt_cmsis.o)
                0x00006b68                osTimerThread
 .text.svcSignalSet
                0x00006ba4       0x2c C:/ProgramData/MATLAB/SupportPackages/R2022b/3P.instrset/cmsis.instrset/CMSIS/RTOS/RTX/LIB/GCC/libRTX_CM4.a(rt_cmsis.o)
                0x00006ba4                svcSignalSet
 .text.svcSignalClear
                0x00006bd0       0x2c C:/ProgramData/MATLAB/SupportPackages/R2022b/3P.instrset/cmsis.instrset/CMSIS/RTOS/RTX/LIB/GCC/libRTX_CM4.a(rt_cmsis.o)
                0x00006bd0                svcSignalClear
 .text.svcSignalWait
                0x00006bfc      0x100 C:/ProgramData/MATLAB/SupportPackages/R2022b/3P.instrset/cmsis.instrset/CMSIS/RTOS/RTX/LIB/GCC/libRTX_CM4.a(rt_cmsis.o)
                0x00006bfc                svcSignalWait
 .text.osSignalSet
                0x00006cfc       0x40 C:/ProgramData/MATLAB/SupportPackages/R2022b/3P.instrset/cmsis.instrset/CMSIS/RTOS/RTX/LIB/GCC/libRTX_CM4.a(rt_cmsis.o)
                0x00006cfc                osSignalSet
 .text.osSignalClear
                0x00006d3c       0x1c C:/ProgramData/MATLAB/SupportPackages/R2022b/3P.instrset/cmsis.instrset/CMSIS/RTOS/RTX/LIB/GCC/libRTX_CM4.a(rt_cmsis.o)
                0x00006d3c                osSignalClear
 .text.osSignalWait
                0x00006d58       0x2c C:/ProgramData/MATLAB/SupportPackages/R2022b/3P.instrset/cmsis.instrset/CMSIS/RTOS/RTX/LIB/GCC/libRTX_CM4.a(rt_cmsis.o)
                0x00006d58                osSignalWait
 .text.svcMessageGet
                0x00006d84       0xbc C:/ProgramData/MATLAB/SupportPackages/R2022b/3P.instrset/cmsis.instrset/CMSIS/RTOS/RTX/LIB/GCC/libRTX_CM4.a(rt_cmsis.o)
                0x00006d84                svcMessageGet
 .text.rt_init_stack
                0x00006e40       0xa8 C:/ProgramData/MATLAB/SupportPackages/R2022b/3P.instrset/cmsis.instrset/CMSIS/RTOS/RTX/LIB/GCC/libRTX_CM4.a(hal_cm.o)
                0x00006e40                rt_init_stack
 .text.rt_ret_val
                0x00006ee8       0x14 C:/ProgramData/MATLAB/SupportPackages/R2022b/3P.instrset/cmsis.instrset/CMSIS/RTOS/RTX/LIB/GCC/libRTX_CM4.a(hal_cm.o)
                0x00006ee8                rt_ret_val
 .text.rt_ret_val2
                0x00006efc       0x24 C:/ProgramData/MATLAB/SupportPackages/R2022b/3P.instrset/cmsis.instrset/CMSIS/RTOS/RTX/LIB/GCC/libRTX_CM4.a(hal_cm.o)
                0x00006efc                rt_ret_val2
 .text.dbg_init
                0x00006f20       0x34 C:/ProgramData/MATLAB/SupportPackages/R2022b/3P.instrset/cmsis.instrset/CMSIS/RTOS/RTX/LIB/GCC/libRTX_CM4.a(hal_cm.o)
                0x00006f20                dbg_init
 .text.dbg_task_notify
                0x00006f54       0x2c C:/ProgramData/MATLAB/SupportPackages/R2022b/3P.instrset/cmsis.instrset/CMSIS/RTOS/RTX/LIB/GCC/libRTX_CM4.a(hal_cm.o)
                0x00006f54                dbg_task_notify
 .text.dbg_task_switch
                0x00006f80       0x14 C:/ProgramData/MATLAB/SupportPackages/R2022b/3P.instrset/cmsis.instrset/CMSIS/RTOS/RTX/LIB/GCC/libRTX_CM4.a(hal_cm.o)
                0x00006f80                dbg_task_switch
 .text.rt_init_mem
                0x00006f94       0x1c C:/ProgramData/MATLAB/SupportPackages/R2022b/3P.instrset/cmsis.instrset/CMSIS/RTOS/RTX/LIB/GCC/libRTX_CM4.a(rt_memory.o)
                0x00006f94                rt_init_mem
 .text.rt_alloc_mem
                0x00006fb0       0x48 C:/ProgramData/MATLAB/SupportPackages/R2022b/3P.instrset/cmsis.instrset/CMSIS/RTOS/RTX/LIB/GCC/libRTX_CM4.a(rt_memory.o)
                0x00006fb0                rt_alloc_mem
 .text.rt_free_mem
                0x00006ff8       0x54 C:/ProgramData/MATLAB/SupportPackages/R2022b/3P.instrset/cmsis.instrset/CMSIS/RTOS/RTX/LIB/GCC/libRTX_CM4.a(rt_memory.o)
                0x00006ff8                rt_free_mem
 .text._init_box
                0x0000704c       0x58 C:/ProgramData/MATLAB/SupportPackages/R2022b/3P.instrset/cmsis.instrset/CMSIS/RTOS/RTX/LIB/GCC/libRTX_CM4.a(rt_membox.o)
                0x0000704c                _init_box
 .text.rt_alloc_box
                0x000070a4       0x1c C:/ProgramData/MATLAB/SupportPackages/R2022b/3P.instrset/cmsis.instrset/CMSIS/RTOS/RTX/LIB/GCC/libRTX_CM4.a(rt_membox.o)
                0x000070a4                rt_alloc_box
 .text.rt_free_box
                0x000070c0       0x28 C:/ProgramData/MATLAB/SupportPackages/R2022b/3P.instrset/cmsis.instrset/CMSIS/RTOS/RTX/LIB/GCC/libRTX_CM4.a(rt_membox.o)
                0x000070c0                rt_free_box
 .text.rt_sem_psh
                0x000070e8       0x34 C:/ProgramData/MATLAB/SupportPackages/R2022b/3P.instrset/cmsis.instrset/CMSIS/RTOS/RTX/LIB/GCC/libRTX_CM4.a(rt_semaphore.o)
                0x000070e8                rt_sem_psh
 .text.rt_mbx_init
                0x0000711c       0x18 C:/ProgramData/MATLAB/SupportPackages/R2022b/3P.instrset/cmsis.instrset/CMSIS/RTOS/RTX/LIB/GCC/libRTX_CM4.a(rt_mailbox.o)
                0x0000711c                rt_mbx_init
 .text.rt_mbx_wait
                0x00007134       0xa8 C:/ProgramData/MATLAB/SupportPackages/R2022b/3P.instrset/cmsis.instrset/CMSIS/RTOS/RTX/LIB/GCC/libRTX_CM4.a(rt_mailbox.o)
                0x00007134                rt_mbx_wait
 .text.rt_mbx_check
                0x000071dc        0x8 C:/ProgramData/MATLAB/SupportPackages/R2022b/3P.instrset/cmsis.instrset/CMSIS/RTOS/RTX/LIB/GCC/libRTX_CM4.a(rt_mailbox.o)
                0x000071dc                rt_mbx_check
 .text.isr_mbx_send
                0x000071e4       0x10 C:/ProgramData/MATLAB/SupportPackages/R2022b/3P.instrset/cmsis.instrset/CMSIS/RTOS/RTX/LIB/GCC/libRTX_CM4.a(rt_mailbox.o)
                0x000071e4                isr_mbx_send
 .text.rt_mbx_psh
                0x000071f4       0xe8 C:/ProgramData/MATLAB/SupportPackages/R2022b/3P.instrset/cmsis.instrset/CMSIS/RTOS/RTX/LIB/GCC/libRTX_CM4.a(rt_mailbox.o)
                0x000071f4                rt_mbx_psh
 .text.rt_put_prio
                0x000072dc       0x50 C:/ProgramData/MATLAB/SupportPackages/R2022b/3P.instrset/cmsis.instrset/CMSIS/RTOS/RTX/LIB/GCC/libRTX_CM4.a(rt_list.o)
                0x000072dc                rt_put_prio
 .text.rt_get_first
                0x0000732c       0x28 C:/ProgramData/MATLAB/SupportPackages/R2022b/3P.instrset/cmsis.instrset/CMSIS/RTOS/RTX/LIB/GCC/libRTX_CM4.a(rt_list.o)
                0x0000732c                rt_get_first
 .text.rt_put_rdy_first
                0x00007354       0x14 C:/ProgramData/MATLAB/SupportPackages/R2022b/3P.instrset/cmsis.instrset/CMSIS/RTOS/RTX/LIB/GCC/libRTX_CM4.a(rt_list.o)
                0x00007354                rt_put_rdy_first
 .text.rt_resort_prio
                0x00007368       0xac C:/ProgramData/MATLAB/SupportPackages/R2022b/3P.instrset/cmsis.instrset/CMSIS/RTOS/RTX/LIB/GCC/libRTX_CM4.a(rt_list.o)
                0x00007368                rt_resort_prio
 .text.rt_put_dly
                0x00007414       0x60 C:/ProgramData/MATLAB/SupportPackages/R2022b/3P.instrset/cmsis.instrset/CMSIS/RTOS/RTX/LIB/GCC/libRTX_CM4.a(rt_list.o)
                0x00007414                rt_put_dly
 .text.rt_dec_dly
                0x00007474       0xbc C:/ProgramData/MATLAB/SupportPackages/R2022b/3P.instrset/cmsis.instrset/CMSIS/RTOS/RTX/LIB/GCC/libRTX_CM4.a(rt_list.o)
                0x00007474                rt_dec_dly
 .text.rt_rmv_list
                0x00007530       0x2c C:/ProgramData/MATLAB/SupportPackages/R2022b/3P.instrset/cmsis.instrset/CMSIS/RTOS/RTX/LIB/GCC/libRTX_CM4.a(rt_list.o)
                0x00007530                rt_rmv_list
 .text.rt_rmv_dly
                0x0000755c       0x30 C:/ProgramData/MATLAB/SupportPackages/R2022b/3P.instrset/cmsis.instrset/CMSIS/RTOS/RTX/LIB/GCC/libRTX_CM4.a(rt_list.o)
                0x0000755c                rt_rmv_dly
 .text.rt_psq_enq
                0x0000758c       0x44 C:/ProgramData/MATLAB/SupportPackages/R2022b/3P.instrset/cmsis.instrset/CMSIS/RTOS/RTX/LIB/GCC/libRTX_CM4.a(rt_list.o)
                0x0000758c                rt_psq_enq
 .text.rt_evt_wait
                0x000075d0       0x44 C:/ProgramData/MATLAB/SupportPackages/R2022b/3P.instrset/cmsis.instrset/CMSIS/RTOS/RTX/LIB/GCC/libRTX_CM4.a(rt_event.o)
                0x000075d0                rt_evt_wait
 .text.rt_evt_set
                0x00007614       0x58 C:/ProgramData/MATLAB/SupportPackages/R2022b/3P.instrset/cmsis.instrset/CMSIS/RTOS/RTX/LIB/GCC/libRTX_CM4.a(rt_event.o)
                0x00007614                rt_evt_set
 .text.rt_evt_clr
                0x0000766c       0x18 C:/ProgramData/MATLAB/SupportPackages/R2022b/3P.instrset/cmsis.instrset/CMSIS/RTOS/RTX/LIB/GCC/libRTX_CM4.a(rt_event.o)
                0x0000766c                rt_evt_clr
 .text.isr_evt_set
                0x00007684       0x24 C:/ProgramData/MATLAB/SupportPackages/R2022b/3P.instrset/cmsis.instrset/CMSIS/RTOS/RTX/LIB/GCC/libRTX_CM4.a(rt_event.o)
                0x00007684                isr_evt_set
 .text.rt_evt_psh
                0x000076a8       0x50 C:/ProgramData/MATLAB/SupportPackages/R2022b/3P.instrset/cmsis.instrset/CMSIS/RTOS/RTX/LIB/GCC/libRTX_CM4.a(rt_event.o)
                0x000076a8                rt_evt_psh
 .text.rt_psh_req
                0x000076f8       0x20 C:/ProgramData/MATLAB/SupportPackages/R2022b/3P.instrset/cmsis.instrset/CMSIS/RTOS/RTX/LIB/GCC/libRTX_CM4.a(rt_system.o)
                0x000076f8                rt_psh_req
 .text.rt_pop_req
                0x00007718       0x9c C:/ProgramData/MATLAB/SupportPackages/R2022b/3P.instrset/cmsis.instrset/CMSIS/RTOS/RTX/LIB/GCC/libRTX_CM4.a(rt_system.o)
                0x00007718                rt_pop_req
 .text.os_tick_init
                0x000077b4       0x40 C:/ProgramData/MATLAB/SupportPackages/R2022b/3P.instrset/cmsis.instrset/CMSIS/RTOS/RTX/LIB/GCC/libRTX_CM4.a(rt_system.o)
                0x000077b4                os_tick_init
 .text.os_tick_irqack
                0x000077f4        0x4 C:/ProgramData/MATLAB/SupportPackages/R2022b/3P.instrset/cmsis.instrset/CMSIS/RTOS/RTX/LIB/GCC/libRTX_CM4.a(rt_system.o)
                0x000077f4                os_tick_irqack
 .text.rt_systick
                0x000077f8       0x3c C:/ProgramData/MATLAB/SupportPackages/R2022b/3P.instrset/cmsis.instrset/CMSIS/RTOS/RTX/LIB/GCC/libRTX_CM4.a(rt_system.o)
                0x000077f8                rt_systick
 .text.rt_stk_check
                0x00007834       0x24 C:/ProgramData/MATLAB/SupportPackages/R2022b/3P.instrset/cmsis.instrset/CMSIS/RTOS/RTX/LIB/GCC/libRTX_CM4.a(rt_system.o)
                0x00007834                rt_stk_check
 .text.rt_switch_req
                0x00007858       0x24 C:/ProgramData/MATLAB/SupportPackages/R2022b/3P.instrset/cmsis.instrset/CMSIS/RTOS/RTX/LIB/GCC/libRTX_CM4.a(rt_task.o)
                0x00007858                rt_switch_req
 .text.rt_dispatch
                0x0000787c       0x78 C:/ProgramData/MATLAB/SupportPackages/R2022b/3P.instrset/cmsis.instrset/CMSIS/RTOS/RTX/LIB/GCC/libRTX_CM4.a(rt_task.o)
                0x0000787c                rt_dispatch
 .text.rt_block
                0x000078f4       0x50 C:/ProgramData/MATLAB/SupportPackages/R2022b/3P.instrset/cmsis.instrset/CMSIS/RTOS/RTX/LIB/GCC/libRTX_CM4.a(rt_task.o)
                0x000078f4                rt_block
 .text.rt_tsk_self
                0x00007944       0x10 C:/ProgramData/MATLAB/SupportPackages/R2022b/3P.instrset/cmsis.instrset/CMSIS/RTOS/RTX/LIB/GCC/libRTX_CM4.a(rt_task.o)
                0x00007944                rt_tsk_self
 .text.rt_tsk_prio
                0x00007954       0xa0 C:/ProgramData/MATLAB/SupportPackages/R2022b/3P.instrset/cmsis.instrset/CMSIS/RTOS/RTX/LIB/GCC/libRTX_CM4.a(rt_task.o)
                0x00007954                rt_tsk_prio
 .text.rt_tsk_create
                0x000079f4       0xc8 C:/ProgramData/MATLAB/SupportPackages/R2022b/3P.instrset/cmsis.instrset/CMSIS/RTOS/RTX/LIB/GCC/libRTX_CM4.a(rt_task.o)
                0x000079f4                rt_tsk_create
 .text.rt_tsk_delete
                0x00007abc      0x1bc C:/ProgramData/MATLAB/SupportPackages/R2022b/3P.instrset/cmsis.instrset/CMSIS/RTOS/RTX/LIB/GCC/libRTX_CM4.a(rt_task.o)
                0x00007abc                rt_tsk_delete
 .text.rt_sys_init
                0x00007c78       0xdc C:/ProgramData/MATLAB/SupportPackages/R2022b/3P.instrset/cmsis.instrset/CMSIS/RTOS/RTX/LIB/GCC/libRTX_CM4.a(rt_task.o)
                0x00007c78                rt_sys_init
 .text.rt_sys_start
                0x00007d54       0x8c C:/ProgramData/MATLAB/SupportPackages/R2022b/3P.instrset/cmsis.instrset/CMSIS/RTOS/RTX/LIB/GCC/libRTX_CM4.a(rt_task.o)
                0x00007d54                rt_sys_start
 .text.OSA_TimeInit
                0x00007de0       0x40 C:/ProgramData/MATLAB/SupportPackages/R2022b/toolbox/target/supportpackages/freedomk64f/src/ksdk_armgcc_lib/bm/libksdk_platform.a(fsl_os_abstraction_bm.o)
                0x00007de0                OSA_TimeInit
 .text.OSA_SemaCreate
                0x00007e20       0x2c C:/ProgramData/MATLAB/SupportPackages/R2022b/toolbox/target/supportpackages/freedomk64f/src/ksdk_armgcc_lib/bm/libksdk_platform.a(fsl_os_abstraction_bm.o)
                0x00007e20                OSA_SemaCreate
 .text.OSA_SemaPost
                0x00007e4c       0x3c C:/ProgramData/MATLAB/SupportPackages/R2022b/toolbox/target/supportpackages/freedomk64f/src/ksdk_armgcc_lib/bm/libksdk_platform.a(fsl_os_abstraction_bm.o)
                0x00007e4c                OSA_SemaPost
 .text.task_init
                0x00007e88       0x38 C:/ProgramData/MATLAB/SupportPackages/R2022b/toolbox/target/supportpackages/freedomk64f/src/ksdk_armgcc_lib/bm/libksdk_platform.a(fsl_os_abstraction_bm.o)
                0x00007e88                task_init
 .text.OSA_Init
                0x00007ec0        0xe C:/ProgramData/MATLAB/SupportPackages/R2022b/toolbox/target/supportpackages/freedomk64f/src/ksdk_armgcc_lib/bm/libksdk_platform.a(fsl_os_abstraction_bm.o)
                0x00007ec0                OSA_Init
 *fill*         0x00007ece        0x2 
 .text.CLOCK_SYS_SetMcgPeeToFbe
                0x00007ed0       0x34 C:/ProgramData/MATLAB/SupportPackages/R2022b/toolbox/target/supportpackages/freedomk64f/src/ksdk_armgcc_lib/bm/libksdk_platform.a(fsl_clock_manager.o)
 .text.CLOCK_SYS_SetMcgMode
                0x00007f04      0x124 C:/ProgramData/MATLAB/SupportPackages/R2022b/toolbox/target/supportpackages/freedomk64f/src/ksdk_armgcc_lib/bm/libksdk_platform.a(fsl_clock_manager.o)
                0x00007f04                CLOCK_SYS_SetMcgMode
 .text.CLOCK_SYS_SetOscerConfigration
                0x00008028       0x20 C:/ProgramData/MATLAB/SupportPackages/R2022b/toolbox/target/supportpackages/freedomk64f/src/ksdk_armgcc_lib/bm/libksdk_platform.a(fsl_clock_manager.o)
                0x00008028                CLOCK_SYS_SetOscerConfigration
 .text.CLOCK_SYS_OscInit
                0x00008048       0x98 C:/ProgramData/MATLAB/SupportPackages/R2022b/toolbox/target/supportpackages/freedomk64f/src/ksdk_armgcc_lib/bm/libksdk_platform.a(fsl_clock_manager.o)
                0x00008048                CLOCK_SYS_OscInit
 .text.CLOCK_SYS_RtcOscInit
                0x000080e0       0x6c C:/ProgramData/MATLAB/SupportPackages/R2022b/toolbox/target/supportpackages/freedomk64f/src/ksdk_armgcc_lib/bm/libksdk_platform.a(fsl_clock_manager.o)
                0x000080e0                CLOCK_SYS_RtcOscInit
 .text.SIM_HAL_EnableClock.constprop.0
                0x0000814c       0x1c C:/ProgramData/MATLAB/SupportPackages/R2022b/toolbox/target/supportpackages/freedomk64f/src/ksdk_armgcc_lib/bm/libksdk_platform.a(fsl_clock_MK64F12.o)
 .text.CLOCK_SYS_GetCoreClockFreq
                0x00008168       0x24 C:/ProgramData/MATLAB/SupportPackages/R2022b/toolbox/target/supportpackages/freedomk64f/src/ksdk_armgcc_lib/bm/libksdk_platform.a(fsl_clock_MK64F12.o)
                0x00008168                CLOCK_SYS_GetCoreClockFreq
 .text.CLOCK_SYS_SetConfiguration
                0x0000818c       0x94 C:/ProgramData/MATLAB/SupportPackages/R2022b/toolbox/target/supportpackages/freedomk64f/src/ksdk_armgcc_lib/bm/libksdk_platform.a(fsl_clock_MK64F12.o)
                0x0000818c                CLOCK_SYS_SetConfiguration
 .text.CLOCK_SYS_FllStableDelay
                0x00008220       0x18 C:/ProgramData/MATLAB/SupportPackages/R2022b/toolbox/target/supportpackages/freedomk64f/src/ksdk_armgcc_lib/bm/libksdk_platform.a(fsl_clock_MK64F12.o)
 .text.CLOCK_SYS_GetBusClockFreq
                0x00008238       0x24 C:/ProgramData/MATLAB/SupportPackages/R2022b/toolbox/target/supportpackages/freedomk64f/src/ksdk_armgcc_lib/bm/libksdk_platform.a(fsl_clock_MK64F12.o)
                0x00008238                CLOCK_SYS_GetBusClockFreq
 .text.CLOCK_SYS_GetUartFreq
                0x0000825c       0x16 C:/ProgramData/MATLAB/SupportPackages/R2022b/toolbox/target/supportpackages/freedomk64f/src/ksdk_armgcc_lib/bm/libksdk_platform.a(fsl_clock_MK64F12.o)
                0x0000825c                CLOCK_SYS_GetUartFreq
 *fill*         0x00008272        0x2 
 .text.CLOCK_SYS_GetFtmExternalFreq
                0x00008274       0x20 C:/ProgramData/MATLAB/SupportPackages/R2022b/toolbox/target/supportpackages/freedomk64f/src/ksdk_armgcc_lib/bm/libksdk_platform.a(fsl_clock_MK64F12.o)
                0x00008274                CLOCK_SYS_GetFtmExternalFreq
 .text.CLOCK_SYS_EnablePortClock
                0x00008294       0x30 C:/ProgramData/MATLAB/SupportPackages/R2022b/toolbox/target/supportpackages/freedomk64f/src/ksdk_armgcc_lib/bm/libksdk_platform.a(fsl_clock_MK64F12.o)
                0x00008294                CLOCK_SYS_EnablePortClock
 .text.CLOCK_SYS_EnableAdcClock
                0x000082c4       0x30 C:/ProgramData/MATLAB/SupportPackages/R2022b/toolbox/target/supportpackages/freedomk64f/src/ksdk_armgcc_lib/bm/libksdk_platform.a(fsl_clock_MK64F12.o)
                0x000082c4                CLOCK_SYS_EnableAdcClock
 .text.CLOCK_SYS_EnableFtmClock
                0x000082f4       0x30 C:/ProgramData/MATLAB/SupportPackages/R2022b/toolbox/target/supportpackages/freedomk64f/src/ksdk_armgcc_lib/bm/libksdk_platform.a(fsl_clock_MK64F12.o)
                0x000082f4                CLOCK_SYS_EnableFtmClock
 .text.CLOCK_SYS_EnableUartClock
                0x00008324       0x30 C:/ProgramData/MATLAB/SupportPackages/R2022b/toolbox/target/supportpackages/freedomk64f/src/ksdk_armgcc_lib/bm/libksdk_platform.a(fsl_clock_MK64F12.o)
                0x00008324                CLOCK_SYS_EnableUartClock
 .text.INT_SYS_EnableIRQGlobal
                0x00008354       0x14 C:/ProgramData/MATLAB/SupportPackages/R2022b/toolbox/target/supportpackages/freedomk64f/src/ksdk_armgcc_lib/bm/libksdk_platform.a(fsl_interrupt_manager.o)
                0x00008354                INT_SYS_EnableIRQGlobal
 .text.INT_SYS_DisableIRQGlobal
                0x00008368       0x10 C:/ProgramData/MATLAB/SupportPackages/R2022b/toolbox/target/supportpackages/freedomk64f/src/ksdk_armgcc_lib/bm/libksdk_platform.a(fsl_interrupt_manager.o)
                0x00008368                INT_SYS_DisableIRQGlobal
 .text.ADC16_HAL_GetChnConvCompletedFlag.part.0
                0x00008378       0x1c C:/ProgramData/MATLAB/SupportPackages/R2022b/toolbox/target/supportpackages/freedomk64f/src/ksdk_armgcc_lib/bm/libksdk_platform.a(fsl_adc16_driver.o)
 .text.ADC16_DRV_StructInitUserConfigDefault
                0x00008394       0x24 C:/ProgramData/MATLAB/SupportPackages/R2022b/toolbox/target/supportpackages/freedomk64f/src/ksdk_armgcc_lib/bm/libksdk_platform.a(fsl_adc16_driver.o)
                0x00008394                ADC16_DRV_StructInitUserConfigDefault
 .text.ADC16_DRV_Init
                0x000083b8       0x90 C:/ProgramData/MATLAB/SupportPackages/R2022b/toolbox/target/supportpackages/freedomk64f/src/ksdk_armgcc_lib/bm/libksdk_platform.a(fsl_adc16_driver.o)
                0x000083b8                ADC16_DRV_Init
 .text.ADC16_DRV_SetChnMux
                0x00008448       0x40 C:/ProgramData/MATLAB/SupportPackages/R2022b/toolbox/target/supportpackages/freedomk64f/src/ksdk_armgcc_lib/bm/libksdk_platform.a(fsl_adc16_driver.o)
                0x00008448                ADC16_DRV_SetChnMux
 .text.ADC16_DRV_ConfigConvChn
                0x00008488       0x38 C:/ProgramData/MATLAB/SupportPackages/R2022b/toolbox/target/supportpackages/freedomk64f/src/ksdk_armgcc_lib/bm/libksdk_platform.a(fsl_adc16_driver.o)
                0x00008488                ADC16_DRV_ConfigConvChn
 .text.ADC16_DRV_WaitConvDone
                0x000084c0       0x48 C:/ProgramData/MATLAB/SupportPackages/R2022b/toolbox/target/supportpackages/freedomk64f/src/ksdk_armgcc_lib/bm/libksdk_platform.a(fsl_adc16_driver.o)
                0x000084c0                ADC16_DRV_WaitConvDone
 .text.ADC16_DRV_GetConvValueRAW
                0x00008508       0x50 C:/ProgramData/MATLAB/SupportPackages/R2022b/toolbox/target/supportpackages/freedomk64f/src/ksdk_armgcc_lib/bm/libksdk_platform.a(fsl_adc16_driver.o)
                0x00008508                ADC16_DRV_GetConvValueRAW
 .text.EDMA_HAL_SetErrorIntCmd
                0x00008558        0xa C:/ProgramData/MATLAB/SupportPackages/R2022b/toolbox/target/supportpackages/freedomk64f/src/ksdk_armgcc_lib/bm/libksdk_platform.a(fsl_edma_hal.o)
                0x00008558                EDMA_HAL_SetErrorIntCmd
 .text.EDMA_HAL_SetDmaRequestCmd
                0x00008562        0xa C:/ProgramData/MATLAB/SupportPackages/R2022b/toolbox/target/supportpackages/freedomk64f/src/ksdk_armgcc_lib/bm/libksdk_platform.a(fsl_edma_hal.o)
                0x00008562                EDMA_HAL_SetDmaRequestCmd
 .text.EDMA_HAL_HTCDClearReg
                0x0000856c       0x4a C:/ProgramData/MATLAB/SupportPackages/R2022b/toolbox/target/supportpackages/freedomk64f/src/ksdk_armgcc_lib/bm/libksdk_platform.a(fsl_edma_hal.o)
                0x0000856c                EDMA_HAL_HTCDClearReg
 .text.EDMA_HAL_Init
                0x000085b6       0x28 C:/ProgramData/MATLAB/SupportPackages/R2022b/toolbox/target/supportpackages/freedomk64f/src/ksdk_armgcc_lib/bm/libksdk_platform.a(fsl_edma_hal.o)
                0x000085b6                EDMA_HAL_Init
 *fill*         0x000085de        0x2 
 .text.EDMA_HAL_HTCDSetAttribute
                0x000085e0       0x48 C:/ProgramData/MATLAB/SupportPackages/R2022b/toolbox/target/supportpackages/freedomk64f/src/ksdk_armgcc_lib/bm/libksdk_platform.a(fsl_edma_hal.o)
                0x000085e0                EDMA_HAL_HTCDSetAttribute
 .text.EDMA_HAL_HTCDSetNbytes
                0x00008628       0x7c C:/ProgramData/MATLAB/SupportPackages/R2022b/toolbox/target/supportpackages/freedomk64f/src/ksdk_armgcc_lib/bm/libksdk_platform.a(fsl_edma_hal.o)
                0x00008628                EDMA_HAL_HTCDSetNbytes
 .text.EDMA_HAL_HTCDGetNbytes
                0x000086a4       0x68 C:/ProgramData/MATLAB/SupportPackages/R2022b/toolbox/target/supportpackages/freedomk64f/src/ksdk_armgcc_lib/bm/libksdk_platform.a(fsl_edma_hal.o)
                0x000086a4                EDMA_HAL_HTCDGetNbytes
 .text.EDMA_HAL_HTCDSetChannelMinorLink
                0x0000870c       0x80 C:/ProgramData/MATLAB/SupportPackages/R2022b/toolbox/target/supportpackages/freedomk64f/src/ksdk_armgcc_lib/bm/libksdk_platform.a(fsl_edma_hal.o)
                0x0000870c                EDMA_HAL_HTCDSetChannelMinorLink
 .text.EDMA_HAL_HTCDSetMajorCount
                0x0000878c       0x78 C:/ProgramData/MATLAB/SupportPackages/R2022b/toolbox/target/supportpackages/freedomk64f/src/ksdk_armgcc_lib/bm/libksdk_platform.a(fsl_edma_hal.o)
                0x0000878c                EDMA_HAL_HTCDSetMajorCount
 .text.EDMA_HAL_HTCDGetUnfinishedBytes
                0x00008804       0x54 C:/ProgramData/MATLAB/SupportPackages/R2022b/toolbox/target/supportpackages/freedomk64f/src/ksdk_armgcc_lib/bm/libksdk_platform.a(fsl_edma_hal.o)
                0x00008804                EDMA_HAL_HTCDGetUnfinishedBytes
 .text.INT_SYS_EnableIRQ
                0x00008858       0x48 C:/ProgramData/MATLAB/SupportPackages/R2022b/toolbox/target/supportpackages/freedomk64f/src/ksdk_armgcc_lib/bm/libksdk_platform.a(fsl_edma_driver.o)
 .text.EDMA_DRV_ClaimChannel
                0x000088a0       0x70 C:/ProgramData/MATLAB/SupportPackages/R2022b/toolbox/target/supportpackages/freedomk64f/src/ksdk_armgcc_lib/bm/libksdk_platform.a(fsl_edma_driver.o)
 .text.EDMA_DRV_Init
                0x00008910       0x84 C:/ProgramData/MATLAB/SupportPackages/R2022b/toolbox/target/supportpackages/freedomk64f/src/ksdk_armgcc_lib/bm/libksdk_platform.a(fsl_edma_driver.o)
                0x00008910                EDMA_DRV_Init
 .text.EDMA_DRV_InstallCallback
                0x00008994        0x8 C:/ProgramData/MATLAB/SupportPackages/R2022b/toolbox/target/supportpackages/freedomk64f/src/ksdk_armgcc_lib/bm/libksdk_platform.a(fsl_edma_driver.o)
                0x00008994                EDMA_DRV_InstallCallback
 .text.EDMA_DRV_RequestChannel
                0x0000899c       0x70 C:/ProgramData/MATLAB/SupportPackages/R2022b/toolbox/target/supportpackages/freedomk64f/src/ksdk_armgcc_lib/bm/libksdk_platform.a(fsl_edma_driver.o)
                0x0000899c                EDMA_DRV_RequestChannel
 .text.EDMA_DRV_IRQHandler
                0x00008a0c       0x30 C:/ProgramData/MATLAB/SupportPackages/R2022b/toolbox/target/supportpackages/freedomk64f/src/ksdk_armgcc_lib/bm/libksdk_platform.a(fsl_edma_driver.o)
                0x00008a0c                EDMA_DRV_IRQHandler
 .text.EDMA_DRV_ErrorIRQHandler
                0x00008a3c       0x8c C:/ProgramData/MATLAB/SupportPackages/R2022b/toolbox/target/supportpackages/freedomk64f/src/ksdk_armgcc_lib/bm/libksdk_platform.a(fsl_edma_driver.o)
                0x00008a3c                EDMA_DRV_ErrorIRQHandler
 .text.FTM_HAL_SetClockSource
                0x00008ac8       0x12 C:/ProgramData/MATLAB/SupportPackages/R2022b/toolbox/target/supportpackages/freedomk64f/src/ksdk_armgcc_lib/bm/libksdk_platform.a(fsl_ftm_driver.o)
 *fill*         0x00008ada        0x2 
 .text.FTM_HAL_SetChnCountVal.part.0
                0x00008adc       0x1c C:/ProgramData/MATLAB/SupportPackages/R2022b/toolbox/target/supportpackages/freedomk64f/src/ksdk_armgcc_lib/bm/libksdk_platform.a(fsl_ftm_driver.o)
 .text.FTM_DRV_Init
                0x00008af8      0x10c C:/ProgramData/MATLAB/SupportPackages/R2022b/toolbox/target/supportpackages/freedomk64f/src/ksdk_armgcc_lib/bm/libksdk_platform.a(fsl_ftm_driver.o)
                0x00008af8                FTM_DRV_Init
 .text.FTM_DRV_SetClock
                0x00008c04       0x54 C:/ProgramData/MATLAB/SupportPackages/R2022b/toolbox/target/supportpackages/freedomk64f/src/ksdk_armgcc_lib/bm/libksdk_platform.a(fsl_ftm_driver.o)
                0x00008c04                FTM_DRV_SetClock
 .text.FTM_DRV_GetClock
                0x00008c58       0x68 C:/ProgramData/MATLAB/SupportPackages/R2022b/toolbox/target/supportpackages/freedomk64f/src/ksdk_armgcc_lib/bm/libksdk_platform.a(fsl_ftm_driver.o)
                0x00008c58                FTM_DRV_GetClock
 .text.FTM_DRV_PwmStart
                0x00008cc0      0x1cc C:/ProgramData/MATLAB/SupportPackages/R2022b/toolbox/target/supportpackages/freedomk64f/src/ksdk_armgcc_lib/bm/libksdk_platform.a(fsl_ftm_driver.o)
                0x00008cc0                FTM_DRV_PwmStart
 .text.PORT_HAL_SetMuxMode.part.0
                0x00008e8c       0x1c C:/ProgramData/MATLAB/SupportPackages/R2022b/toolbox/target/supportpackages/freedomk64f/src/ksdk_armgcc_lib/bm/libksdk_platform.a(fsl_gpio_driver.o)
 .text.GPIO_DRV_InputPinInit
                0x00008ea8       0xe4 C:/ProgramData/MATLAB/SupportPackages/R2022b/toolbox/target/supportpackages/freedomk64f/src/ksdk_armgcc_lib/bm/libksdk_platform.a(fsl_gpio_driver.o)
                0x00008ea8                GPIO_DRV_InputPinInit
 .text.GPIO_DRV_OutputPinInit
                0x00008f8c       0x78 C:/ProgramData/MATLAB/SupportPackages/R2022b/toolbox/target/supportpackages/freedomk64f/src/ksdk_armgcc_lib/bm/libksdk_platform.a(fsl_gpio_driver.o)
                0x00008f8c                GPIO_DRV_OutputPinInit
 .text.GPIO_DRV_WritePinOutput
                0x00009004       0x1c C:/ProgramData/MATLAB/SupportPackages/R2022b/toolbox/target/supportpackages/freedomk64f/src/ksdk_armgcc_lib/bm/libksdk_platform.a(fsl_gpio_driver.o)
                0x00009004                GPIO_DRV_WritePinOutput
 .text.GPIO_DRV_ReadPinInput
                0x00009020       0x3c C:/ProgramData/MATLAB/SupportPackages/R2022b/toolbox/target/supportpackages/freedomk64f/src/ksdk_armgcc_lib/bm/libksdk_platform.a(fsl_gpio_driver.o)
                0x00009020                GPIO_DRV_ReadPinInput
 .text.LPTMR_HAL_SetTimerWorkingMode
                0x0000905c       0x3c C:/ProgramData/MATLAB/SupportPackages/R2022b/toolbox/target/supportpackages/freedomk64f/src/ksdk_armgcc_lib/bm/libksdk_platform.a(fsl_lptmr_hal.o)
                0x0000905c                LPTMR_HAL_SetTimerWorkingMode
 .text.LPTMR_HAL_SetPrescalerMode
                0x00009098       0x1c C:/ProgramData/MATLAB/SupportPackages/R2022b/toolbox/target/supportpackages/freedomk64f/src/ksdk_armgcc_lib/bm/libksdk_platform.a(fsl_lptmr_hal.o)
                0x00009098                LPTMR_HAL_SetPrescalerMode
 .text.CLOCK_HAL_TestOscFreq
                0x000090b4       0x28 C:/ProgramData/MATLAB/SupportPackages/R2022b/toolbox/target/supportpackages/freedomk64f/src/ksdk_armgcc_lib/bm/libksdk_platform.a(fsl_mcg_hal.o)
                0x000090b4                CLOCK_HAL_TestOscFreq
 .text.CLOCK_HAL_GetMcgExternalClkFreq
                0x000090dc        0xa C:/ProgramData/MATLAB/SupportPackages/R2022b/toolbox/target/supportpackages/freedomk64f/src/ksdk_armgcc_lib/bm/libksdk_platform.a(fsl_mcg_hal.o)
 .text.CLOCK_HAL_TestFllExternalRefFreq
                0x000090e6       0x2c C:/ProgramData/MATLAB/SupportPackages/R2022b/toolbox/target/supportpackages/freedomk64f/src/ksdk_armgcc_lib/bm/libksdk_platform.a(fsl_mcg_hal.o)
                0x000090e6                CLOCK_HAL_TestFllExternalRefFreq
 *fill*         0x00009112        0x2 
 .text.CLOCK_HAL_GetFllRefClk
                0x00009114       0x40 C:/ProgramData/MATLAB/SupportPackages/R2022b/toolbox/target/supportpackages/freedomk64f/src/ksdk_armgcc_lib/bm/libksdk_platform.a(fsl_mcg_hal.o)
                0x00009114                CLOCK_HAL_GetFllRefClk
 .text.CLOCK_HAL_TestFllFreq
                0x00009154       0x34 C:/ProgramData/MATLAB/SupportPackages/R2022b/toolbox/target/supportpackages/freedomk64f/src/ksdk_armgcc_lib/bm/libksdk_platform.a(fsl_mcg_hal.o)
                0x00009154                CLOCK_HAL_TestFllFreq
 .text.CLOCK_HAL_GetFllClk
                0x00009188       0x3c C:/ProgramData/MATLAB/SupportPackages/R2022b/toolbox/target/supportpackages/freedomk64f/src/ksdk_armgcc_lib/bm/libksdk_platform.a(fsl_mcg_hal.o)
                0x00009188                CLOCK_HAL_GetFllClk
 .text.CLOCK_HAL_UpdateFastClkInternalRefDiv
                0x000091c4       0x58 C:/ProgramData/MATLAB/SupportPackages/R2022b/toolbox/target/supportpackages/freedomk64f/src/ksdk_armgcc_lib/bm/libksdk_platform.a(fsl_mcg_hal.o)
                0x000091c4                CLOCK_HAL_UpdateFastClkInternalRefDiv
 .text.CLOCK_HAL_GetPll0Clk
                0x0000921c       0x48 C:/ProgramData/MATLAB/SupportPackages/R2022b/toolbox/target/supportpackages/freedomk64f/src/ksdk_armgcc_lib/bm/libksdk_platform.a(fsl_mcg_hal.o)
                0x0000921c                CLOCK_HAL_GetPll0Clk
 .text.CLOCK_HAL_EnablePll0InFllMode
                0x00009264       0x38 C:/ProgramData/MATLAB/SupportPackages/R2022b/toolbox/target/supportpackages/freedomk64f/src/ksdk_armgcc_lib/bm/libksdk_platform.a(fsl_mcg_hal.o)
                0x00009264                CLOCK_HAL_EnablePll0InFllMode
 .text.CLOCK_HAL_GetInternalRefClk
                0x0000929c       0x40 C:/ProgramData/MATLAB/SupportPackages/R2022b/toolbox/target/supportpackages/freedomk64f/src/ksdk_armgcc_lib/bm/libksdk_platform.a(fsl_mcg_hal.o)
                0x0000929c                CLOCK_HAL_GetInternalRefClk
 .text.CLOCK_HAL_GetOutClk
                0x000092dc       0x22 C:/ProgramData/MATLAB/SupportPackages/R2022b/toolbox/target/supportpackages/freedomk64f/src/ksdk_armgcc_lib/bm/libksdk_platform.a(fsl_mcg_hal.o)
                0x000092dc                CLOCK_HAL_GetOutClk
 .text.CLOCK_HAL_GetFixedFreqClk
                0x000092fe       0x20 C:/ProgramData/MATLAB/SupportPackages/R2022b/toolbox/target/supportpackages/freedomk64f/src/ksdk_armgcc_lib/bm/libksdk_platform.a(fsl_mcg_hal.o)
                0x000092fe                CLOCK_HAL_GetFixedFreqClk
 .text.CLOCK_HAL_SetOsc0Mode
                0x0000931e       0x24 C:/ProgramData/MATLAB/SupportPackages/R2022b/toolbox/target/supportpackages/freedomk64f/src/ksdk_armgcc_lib/bm/libksdk_platform.a(fsl_mcg_hal.o)
                0x0000931e                CLOCK_HAL_SetOsc0Mode
 *fill*         0x00009342        0x2 
 .text.CLOCK_HAL_PrepareOsc
                0x00009344       0x30 C:/ProgramData/MATLAB/SupportPackages/R2022b/toolbox/target/supportpackages/freedomk64f/src/ksdk_armgcc_lib/bm/libksdk_platform.a(fsl_mcg_hal_modes.o)
 .text.CLOCK_HAL_GetMcgMode
                0x00009374       0x7c C:/ProgramData/MATLAB/SupportPackages/R2022b/toolbox/target/supportpackages/freedomk64f/src/ksdk_armgcc_lib/bm/libksdk_platform.a(fsl_mcg_hal_modes.o)
                0x00009374                CLOCK_HAL_GetMcgMode
 .text.CLOCK_HAL_SetFbiMode
                0x000093f0       0xc0 C:/ProgramData/MATLAB/SupportPackages/R2022b/toolbox/target/supportpackages/freedomk64f/src/ksdk_armgcc_lib/bm/libksdk_platform.a(fsl_mcg_hal_modes.o)
                0x000093f0                CLOCK_HAL_SetFbiMode
 .text.CLOCK_HAL_SetFbeMode
                0x000094b0       0xf0 C:/ProgramData/MATLAB/SupportPackages/R2022b/toolbox/target/supportpackages/freedomk64f/src/ksdk_armgcc_lib/bm/libksdk_platform.a(fsl_mcg_hal_modes.o)
                0x000094b0                CLOCK_HAL_SetFbeMode
 .text.CLOCK_HAL_SetPbeMode
                0x000095a0       0xd8 C:/ProgramData/MATLAB/SupportPackages/R2022b/toolbox/target/supportpackages/freedomk64f/src/ksdk_armgcc_lib/bm/libksdk_platform.a(fsl_mcg_hal_modes.o)
                0x000095a0                CLOCK_HAL_SetPbeMode
 .text.OSC_HAL_SetCapacitor
                0x00009678        0xe C:/ProgramData/MATLAB/SupportPackages/R2022b/toolbox/target/supportpackages/freedomk64f/src/ksdk_armgcc_lib/bm/libksdk_platform.a(fsl_osc_hal.o)
                0x00009678                OSC_HAL_SetCapacitor
 .text.CLOCK_HAL_SetOutDiv
                0x00009686       0x28 C:/ProgramData/MATLAB/SupportPackages/R2022b/toolbox/target/supportpackages/freedomk64f/src/ksdk_armgcc_lib/bm/libksdk_platform.a(fsl_sim_hal_MK64F12.o)
                0x00009686                CLOCK_HAL_SetOutDiv
 *fill*         0x000096ae        0x2 
 .text.SIM_HAL_GetFtmExternalClkPinMode
                0x000096b0       0x70 C:/ProgramData/MATLAB/SupportPackages/R2022b/toolbox/target/supportpackages/freedomk64f/src/ksdk_armgcc_lib/bm/libksdk_platform.a(fsl_sim_hal_MK64F12.o)
                0x000096b0                SIM_HAL_GetFtmExternalClkPinMode
 .text.UART_DRV_CompleteSendData
                0x00009720       0x54 C:/ProgramData/MATLAB/SupportPackages/R2022b/toolbox/target/supportpackages/freedomk64f/src/ksdk_armgcc_lib/bm/libksdk_platform.a(fsl_uart_driver.o)
 .text.UART_DRV_CompleteReceiveData
                0x00009774       0x5c C:/ProgramData/MATLAB/SupportPackages/R2022b/toolbox/target/supportpackages/freedomk64f/src/ksdk_armgcc_lib/bm/libksdk_platform.a(fsl_uart_driver.o)
 .text.UART_DRV_IRQHandler
                0x000097d0       0xdc C:/ProgramData/MATLAB/SupportPackages/R2022b/toolbox/target/supportpackages/freedomk64f/src/ksdk_armgcc_lib/bm/libksdk_platform.a(fsl_uart_driver.o)
                0x000097d0                UART_DRV_IRQHandler
 .text.EDMA_HAL_HTCDSetIntCmd
                0x000098ac       0x14 C:/ProgramData/MATLAB/SupportPackages/R2022b/toolbox/target/supportpackages/freedomk64f/src/ksdk_armgcc_lib/bm/libksdk_platform.a(fsl_uart_edma_driver.o)
 .text.UART_DRV_EdmaCompleteSendData
                0x000098c0       0x60 C:/ProgramData/MATLAB/SupportPackages/R2022b/toolbox/target/supportpackages/freedomk64f/src/ksdk_armgcc_lib/bm/libksdk_platform.a(fsl_uart_edma_driver.o)
 .text.UART_DRV_EdmaTxCallback
                0x00009920        0x4 C:/ProgramData/MATLAB/SupportPackages/R2022b/toolbox/target/supportpackages/freedomk64f/src/ksdk_armgcc_lib/bm/libksdk_platform.a(fsl_uart_edma_driver.o)
 .text.UART_DRV_EdmaCompleteReceiveData
                0x00009924       0x64 C:/ProgramData/MATLAB/SupportPackages/R2022b/toolbox/target/supportpackages/freedomk64f/src/ksdk_armgcc_lib/bm/libksdk_platform.a(fsl_uart_edma_driver.o)
 .text.UART_DRV_EdmaRxCallback
                0x00009988        0x4 C:/ProgramData/MATLAB/SupportPackages/R2022b/toolbox/target/supportpackages/freedomk64f/src/ksdk_armgcc_lib/bm/libksdk_platform.a(fsl_uart_edma_driver.o)
 .text.UART_DRV_EdmaStartSendData
                0x0000998c       0x78 C:/ProgramData/MATLAB/SupportPackages/R2022b/toolbox/target/supportpackages/freedomk64f/src/ksdk_armgcc_lib/bm/libksdk_platform.a(fsl_uart_edma_driver.o)
 .text.UART_DRV_EdmaInit
                0x00009a04      0x260 C:/ProgramData/MATLAB/SupportPackages/R2022b/toolbox/target/supportpackages/freedomk64f/src/ksdk_armgcc_lib/bm/libksdk_platform.a(fsl_uart_edma_driver.o)
                0x00009a04                UART_DRV_EdmaInit
 .text.UART_DRV_EdmaSendData
                0x00009c64       0x48 C:/ProgramData/MATLAB/SupportPackages/R2022b/toolbox/target/supportpackages/freedomk64f/src/ksdk_armgcc_lib/bm/libksdk_platform.a(fsl_uart_edma_driver.o)
                0x00009c64                UART_DRV_EdmaSendData
 .text.UART_DRV_EdmaGetTransmitStatus
                0x00009cac       0x58 C:/ProgramData/MATLAB/SupportPackages/R2022b/toolbox/target/supportpackages/freedomk64f/src/ksdk_armgcc_lib/bm/libksdk_platform.a(fsl_uart_edma_driver.o)
                0x00009cac                UART_DRV_EdmaGetTransmitStatus
 .text.ADC16_HAL_Init
                0x00009d04       0x10 C:/ProgramData/MATLAB/SupportPackages/R2022b/toolbox/target/supportpackages/freedomk64f/src/ksdk_armgcc_lib/bm/libksdk_platform.a(fsl_adc16_hal.o)
                0x00009d04                ADC16_HAL_Init
 .text.ADC16_HAL_ConfigChn
                0x00009d14       0x40 C:/ProgramData/MATLAB/SupportPackages/R2022b/toolbox/target/supportpackages/freedomk64f/src/ksdk_armgcc_lib/bm/libksdk_platform.a(fsl_adc16_hal.o)
                0x00009d14                ADC16_HAL_ConfigChn
 .text.ADC16_HAL_ConfigConverter
                0x00009d54       0x92 C:/ProgramData/MATLAB/SupportPackages/R2022b/toolbox/target/supportpackages/freedomk64f/src/ksdk_armgcc_lib/bm/libksdk_platform.a(fsl_adc16_hal.o)
                0x00009d54                ADC16_HAL_ConfigConverter
 .text.DMAMUX_HAL_Init
                0x00009de6       0x22 C:/ProgramData/MATLAB/SupportPackages/R2022b/toolbox/target/supportpackages/freedomk64f/src/ksdk_armgcc_lib/bm/libksdk_platform.a(fsl_dmamux_hal.o)
                0x00009de6                DMAMUX_HAL_Init
 .text.FTM_HAL_SetChnEdgeLevel.part.0
                0x00009e08       0x1c C:/ProgramData/MATLAB/SupportPackages/R2022b/toolbox/target/supportpackages/freedomk64f/src/ksdk_armgcc_lib/bm/libksdk_platform.a(fsl_ftm_hal.o)
 .text.FTM_HAL_Init
                0x00009e24       0x3c C:/ProgramData/MATLAB/SupportPackages/R2022b/toolbox/target/supportpackages/freedomk64f/src/ksdk_armgcc_lib/bm/libksdk_platform.a(fsl_ftm_hal.o)
                0x00009e24                FTM_HAL_Init
 .text.FTM_HAL_SetSyncMode
                0x00009e60       0x98 C:/ProgramData/MATLAB/SupportPackages/R2022b/toolbox/target/supportpackages/freedomk64f/src/ksdk_armgcc_lib/bm/libksdk_platform.a(fsl_ftm_hal.o)
                0x00009e60                FTM_HAL_SetSyncMode
 .text.FTM_HAL_Reset
                0x00009ef8       0x3e C:/ProgramData/MATLAB/SupportPackages/R2022b/toolbox/target/supportpackages/freedomk64f/src/ksdk_armgcc_lib/bm/libksdk_platform.a(fsl_ftm_hal.o)
                0x00009ef8                FTM_HAL_Reset
 .text.FTM_HAL_GetChnPairIndex
                0x00009f36       0x1e C:/ProgramData/MATLAB/SupportPackages/R2022b/toolbox/target/supportpackages/freedomk64f/src/ksdk_armgcc_lib/bm/libksdk_platform.a(fsl_ftm_hal.o)
                0x00009f36                FTM_HAL_GetChnPairIndex
 .text.FTM_HAL_EnablePwmMode
                0x00009f54       0xd8 C:/ProgramData/MATLAB/SupportPackages/R2022b/toolbox/target/supportpackages/freedomk64f/src/ksdk_armgcc_lib/bm/libksdk_platform.a(fsl_ftm_hal.o)
                0x00009f54                FTM_HAL_EnablePwmMode
 .text.GPIO_HAL_SetPinDir
                0x0000a02c       0x34 C:/ProgramData/MATLAB/SupportPackages/R2022b/toolbox/target/supportpackages/freedomk64f/src/ksdk_armgcc_lib/bm/libksdk_platform.a(fsl_gpio_hal.o)
                0x0000a02c                GPIO_HAL_SetPinDir
 .text.GPIO_HAL_WritePinOutput
                0x0000a060       0x30 C:/ProgramData/MATLAB/SupportPackages/R2022b/toolbox/target/supportpackages/freedomk64f/src/ksdk_armgcc_lib/bm/libksdk_platform.a(fsl_gpio_hal.o)
                0x0000a060                GPIO_HAL_WritePinOutput
 .text.UART_HAL_Init
                0x0000a090       0x2a C:/ProgramData/MATLAB/SupportPackages/R2022b/toolbox/target/supportpackages/freedomk64f/src/ksdk_armgcc_lib/bm/libksdk_platform.a(fsl_uart_hal.o)
                0x0000a090                UART_HAL_Init
 .text.UART_HAL_SetBaudRate
                0x0000a0ba       0x42 C:/ProgramData/MATLAB/SupportPackages/R2022b/toolbox/target/supportpackages/freedomk64f/src/ksdk_armgcc_lib/bm/libksdk_platform.a(fsl_uart_hal.o)
                0x0000a0ba                UART_HAL_SetBaudRate
 .text.UART_HAL_SetParityMode
                0x0000a0fc       0x18 C:/ProgramData/MATLAB/SupportPackages/R2022b/toolbox/target/supportpackages/freedomk64f/src/ksdk_armgcc_lib/bm/libksdk_platform.a(fsl_uart_hal.o)
                0x0000a0fc                UART_HAL_SetParityMode
 .text.UART_HAL_Putchar
                0x0000a114        0x6 C:/ProgramData/MATLAB/SupportPackages/R2022b/toolbox/target/supportpackages/freedomk64f/src/ksdk_armgcc_lib/bm/libksdk_platform.a(fsl_uart_hal.o)
                0x0000a114                UART_HAL_Putchar
 .text.UART_HAL_Getchar
                0x0000a11a        0x8 C:/ProgramData/MATLAB/SupportPackages/R2022b/toolbox/target/supportpackages/freedomk64f/src/ksdk_armgcc_lib/bm/libksdk_platform.a(fsl_uart_hal.o)
                0x0000a11a                UART_HAL_Getchar
 .text.UART_HAL_SetIntMode
                0x0000a122       0x66 C:/ProgramData/MATLAB/SupportPackages/R2022b/toolbox/target/supportpackages/freedomk64f/src/ksdk_armgcc_lib/bm/libksdk_platform.a(fsl_uart_hal.o)
                0x0000a122                UART_HAL_SetIntMode
 .text.UART_HAL_SetTxDmaCmd
                0x0000a188       0x28 C:/ProgramData/MATLAB/SupportPackages/R2022b/toolbox/target/supportpackages/freedomk64f/src/ksdk_armgcc_lib/bm/libksdk_platform.a(fsl_uart_hal.o)
                0x0000a188                UART_HAL_SetTxDmaCmd
 .text.UART_HAL_SetRxDmaCmd
                0x0000a1b0       0x1c C:/ProgramData/MATLAB/SupportPackages/R2022b/toolbox/target/supportpackages/freedomk64f/src/ksdk_armgcc_lib/bm/libksdk_platform.a(fsl_uart_hal.o)
                0x0000a1b0                UART_HAL_SetRxDmaCmd
 .text.UART_HAL_GetStatusFlag
                0x0000a1cc       0x30 C:/ProgramData/MATLAB/SupportPackages/R2022b/toolbox/target/supportpackages/freedomk64f/src/ksdk_armgcc_lib/bm/libksdk_platform.a(fsl_uart_hal.o)
                0x0000a1cc                UART_HAL_GetStatusFlag
 .text.UART_HAL_ClearStatusFlag
                0x0000a1fc       0x7a C:/ProgramData/MATLAB/SupportPackages/R2022b/toolbox/target/supportpackages/freedomk64f/src/ksdk_armgcc_lib/bm/libksdk_platform.a(fsl_uart_hal.o)
                0x0000a1fc                UART_HAL_ClearStatusFlag
 *fill*         0x0000a276        0x2 
 .text.ceil     0x0000a278      0x100 c:/progra~3/matlab/suppor~1/r2022b/3p778c~1.ins/gnuarm~1.ins/win/bin/../lib/gcc/arm-none-eabi/9.3.1/../../../../arm-none-eabi/lib/thumb/v7e-m+fp/hard\libm.a(lib_a-s_ceil.o)
                0x0000a278                ceil
 .text.fabs     0x0000a378       0x14 c:/progra~3/matlab/suppor~1/r2022b/3p778c~1.ins/gnuarm~1.ins/win/bin/../lib/gcc/arm-none-eabi/9.3.1/../../../../arm-none-eabi/lib/thumb/v7e-m+fp/hard\libm.a(lib_a-s_fabs.o)
                0x0000a378                fabs
 *fill*         0x0000a38c        0x4 
 .text.floor    0x0000a390      0x108 c:/progra~3/matlab/suppor~1/r2022b/3p778c~1.ins/gnuarm~1.ins/win/bin/../lib/gcc/arm-none-eabi/9.3.1/../../../../arm-none-eabi/lib/thumb/v7e-m+fp/hard\libm.a(lib_a-s_floor.o)
                0x0000a390                floor
 .text.ldexp    0x0000a498       0x74 c:/progra~3/matlab/suppor~1/r2022b/3p778c~1.ins/gnuarm~1.ins/win/bin/../lib/gcc/arm-none-eabi/9.3.1/../../../../arm-none-eabi/lib/thumb/v7e-m+fp/hard\libm.a(lib_a-s_ldexp.o)
                0x0000a498                ldexp
 *fill*         0x0000a50c        0x4 
 .text.scalbn   0x0000a510      0x124 c:/progra~3/matlab/suppor~1/r2022b/3p778c~1.ins/gnuarm~1.ins/win/bin/../lib/gcc/arm-none-eabi/9.3.1/../../../../arm-none-eabi/lib/thumb/v7e-m+fp/hard\libm.a(lib_a-s_scalbn.o)
                0x0000a510                scalbn
 .text.finite   0x0000a634       0x18 c:/progra~3/matlab/suppor~1/r2022b/3p778c~1.ins/gnuarm~1.ins/win/bin/../lib/gcc/arm-none-eabi/9.3.1/../../../../arm-none-eabi/lib/thumb/v7e-m+fp/hard\libm.a(lib_a-s_finite.o)
                0x0000a634                finite
 .text.abort    0x0000a64c       0x10 c:/progra~3/matlab/suppor~1/r2022b/3p778c~1.ins/gnuarm~1.ins/win/bin/../lib/gcc/arm-none-eabi/9.3.1/../../../../arm-none-eabi/lib/thumb/v7e-m+fp/hard\libg.a(lib_a-abort.o)
                0x0000a64c                abort
 .text.__assert_func
                0x0000a65c       0x3c c:/progra~3/matlab/suppor~1/r2022b/3p778c~1.ins/gnuarm~1.ins/win/bin/../lib/gcc/arm-none-eabi/9.3.1/../../../../arm-none-eabi/lib/thumb/v7e-m+fp/hard\libg.a(lib_a-assert.o)
                0x0000a65c                __assert_func
 .text.atexit   0x0000a698        0xc c:/progra~3/matlab/suppor~1/r2022b/3p778c~1.ins/gnuarm~1.ins/win/bin/../lib/gcc/arm-none-eabi/9.3.1/../../../../arm-none-eabi/lib/thumb/v7e-m+fp/hard\libg.a(lib_a-atexit.o)
                0x0000a698                atexit
 .text.__errno  0x0000a6a4        0xc c:/progra~3/matlab/suppor~1/r2022b/3p778c~1.ins/gnuarm~1.ins/win/bin/../lib/gcc/arm-none-eabi/9.3.1/../../../../arm-none-eabi/lib/thumb/v7e-m+fp/hard\libg.a(lib_a-errno.o)
                0x0000a6a4                __errno
 .text.exit     0x0000a6b0       0x20 c:/progra~3/matlab/suppor~1/r2022b/3p778c~1.ins/gnuarm~1.ins/win/bin/../lib/gcc/arm-none-eabi/9.3.1/../../../../arm-none-eabi/lib/thumb/v7e-m+fp/hard\libg.a(lib_a-exit.o)
                0x0000a6b0                exit
 .text.__libc_fini_array
                0x0000a6d0       0x2c c:/progra~3/matlab/suppor~1/r2022b/3p778c~1.ins/gnuarm~1.ins/win/bin/../lib/gcc/arm-none-eabi/9.3.1/../../../../arm-none-eabi/lib/thumb/v7e-m+fp/hard\libg.a(lib_a-fini.o)
                0x0000a6d0                __libc_fini_array
 .text.fiprintf
                0x0000a6fc       0x28 c:/progra~3/matlab/suppor~1/r2022b/3p778c~1.ins/gnuarm~1.ins/win/bin/../lib/gcc/arm-none-eabi/9.3.1/../../../../arm-none-eabi/lib/thumb/v7e-m+fp/hard\libg.a(lib_a-fiprintf.o)
                0x0000a6fc                fiprintf
 .text.__libc_init_array
                0x0000a724       0x48 c:/progra~3/matlab/suppor~1/r2022b/3p778c~1.ins/gnuarm~1.ins/win/bin/../lib/gcc/arm-none-eabi/9.3.1/../../../../arm-none-eabi/lib/thumb/v7e-m+fp/hard\libg.a(lib_a-init.o)
                0x0000a724                __libc_init_array
 .text._malloc_r
                0x0000a76c      0x574 c:/progra~3/matlab/suppor~1/r2022b/3p778c~1.ins/gnuarm~1.ins/win/bin/../lib/gcc/arm-none-eabi/9.3.1/../../../../arm-none-eabi/lib/thumb/v7e-m+fp/hard\libg.a(lib_a-mallocr.o)
                0x0000a76c                _malloc_r
 .text.memset   0x0000ace0       0xa0 c:/progra~3/matlab/suppor~1/r2022b/3p778c~1.ins/gnuarm~1.ins/win/bin/../lib/gcc/arm-none-eabi/9.3.1/../../../../arm-none-eabi/lib/thumb/v7e-m+fp/hard\libg.a(lib_a-memset.o)
                0x0000ace0                memset
 .text.__malloc_lock
                0x0000ad80        0xc c:/progra~3/matlab/suppor~1/r2022b/3p778c~1.ins/gnuarm~1.ins/win/bin/../lib/gcc/arm-none-eabi/9.3.1/../../../../arm-none-eabi/lib/thumb/v7e-m+fp/hard\libg.a(lib_a-mlock.o)
                0x0000ad80                __malloc_lock
 .text.__malloc_unlock
                0x0000ad8c        0xc c:/progra~3/matlab/suppor~1/r2022b/3p778c~1.ins/gnuarm~1.ins/win/bin/../lib/gcc/arm-none-eabi/9.3.1/../../../../arm-none-eabi/lib/thumb/v7e-m+fp/hard\libg.a(lib_a-mlock.o)
                0x0000ad8c                __malloc_unlock
 .text._sbrk_r  0x0000ad98       0x24 c:/progra~3/matlab/suppor~1/r2022b/3p778c~1.ins/gnuarm~1.ins/win/bin/../lib/gcc/arm-none-eabi/9.3.1/../../../../arm-none-eabi/lib/thumb/v7e-m+fp/hard\libg.a(lib_a-sbrkr.o)
                0x0000ad98                _sbrk_r
 .text._raise_r
                0x0000adbc       0x58 c:/progra~3/matlab/suppor~1/r2022b/3p778c~1.ins/gnuarm~1.ins/win/bin/../lib/gcc/arm-none-eabi/9.3.1/../../../../arm-none-eabi/lib/thumb/v7e-m+fp/hard\libg.a(lib_a-signal.o)
                0x0000adbc                _raise_r
 .text.raise    0x0000ae14       0x10 c:/progra~3/matlab/suppor~1/r2022b/3p778c~1.ins/gnuarm~1.ins/win/bin/../lib/gcc/arm-none-eabi/9.3.1/../../../../arm-none-eabi/lib/thumb/v7e-m+fp/hard\libg.a(lib_a-signal.o)
                0x0000ae14                raise
 .text._kill_r  0x0000ae24       0x2c c:/progra~3/matlab/suppor~1/r2022b/3p778c~1.ins/gnuarm~1.ins/win/bin/../lib/gcc/arm-none-eabi/9.3.1/../../../../arm-none-eabi/lib/thumb/v7e-m+fp/hard\libg.a(lib_a-signalr.o)
                0x0000ae24                _kill_r
 .text._getpid_r
                0x0000ae50        0x4 c:/progra~3/matlab/suppor~1/r2022b/3p778c~1.ins/gnuarm~1.ins/win/bin/../lib/gcc/arm-none-eabi/9.3.1/../../../../arm-none-eabi/lib/thumb/v7e-m+fp/hard\libg.a(lib_a-signalr.o)
                0x0000ae50                _getpid_r
 .text.__sprint_r.part.0
                0x0000ae54       0x78 c:/progra~3/matlab/suppor~1/r2022b/3p778c~1.ins/gnuarm~1.ins/win/bin/../lib/gcc/arm-none-eabi/9.3.1/../../../../arm-none-eabi/lib/thumb/v7e-m+fp/hard\libg.a(lib_a-vfiprintf.o)
 .text._vfiprintf_r
                0x0000aecc      0xd4c c:/progra~3/matlab/suppor~1/r2022b/3p778c~1.ins/gnuarm~1.ins/win/bin/../lib/gcc/arm-none-eabi/9.3.1/../../../../arm-none-eabi/lib/thumb/v7e-m+fp/hard\libg.a(lib_a-vfiprintf.o)
                0x0000aecc                _vfiprintf_r
 .text.__sbprintf
                0x0000bc18       0x84 c:/progra~3/matlab/suppor~1/r2022b/3p778c~1.ins/gnuarm~1.ins/win/bin/../lib/gcc/arm-none-eabi/9.3.1/../../../../arm-none-eabi/lib/thumb/v7e-m+fp/hard\libg.a(lib_a-vfiprintf.o)
 .text.__swsetup_r
                0x0000bc9c       0xd0 c:/progra~3/matlab/suppor~1/r2022b/3p778c~1.ins/gnuarm~1.ins/win/bin/../lib/gcc/arm-none-eabi/9.3.1/../../../../arm-none-eabi/lib/thumb/v7e-m+fp/hard\libg.a(lib_a-wsetup.o)
                0x0000bc9c                __swsetup_r
 .text.__register_exitproc
                0x0000bd6c       0x8c c:/progra~3/matlab/suppor~1/r2022b/3p778c~1.ins/gnuarm~1.ins/win/bin/../lib/gcc/arm-none-eabi/9.3.1/../../../../arm-none-eabi/lib/thumb/v7e-m+fp/hard\libg.a(lib_a-__atexit.o)
                0x0000bd6c                __register_exitproc
 .text.startup.register_fini
                0x0000bdf8       0x14 c:/progra~3/matlab/suppor~1/r2022b/3p778c~1.ins/gnuarm~1.ins/win/bin/../lib/gcc/arm-none-eabi/9.3.1/../../../../arm-none-eabi/lib/thumb/v7e-m+fp/hard\libg.a(lib_a-__call_atexit.o)
 .text.__call_exitprocs
                0x0000be0c       0xcc c:/progra~3/matlab/suppor~1/r2022b/3p778c~1.ins/gnuarm~1.ins/win/bin/../lib/gcc/arm-none-eabi/9.3.1/../../../../arm-none-eabi/lib/thumb/v7e-m+fp/hard\libg.a(lib_a-__call_atexit.o)
                0x0000be0c                __call_exitprocs
 .text.__sflush_r
                0x0000bed8      0x130 c:/progra~3/matlab/suppor~1/r2022b/3p778c~1.ins/gnuarm~1.ins/win/bin/../lib/gcc/arm-none-eabi/9.3.1/../../../../arm-none-eabi/lib/thumb/v7e-m+fp/hard\libg.a(lib_a-fflush.o)
                0x0000bed8                __sflush_r
 .text._fflush_r
                0x0000c008       0x5c c:/progra~3/matlab/suppor~1/r2022b/3p778c~1.ins/gnuarm~1.ins/win/bin/../lib/gcc/arm-none-eabi/9.3.1/../../../../arm-none-eabi/lib/thumb/v7e-m+fp/hard\libg.a(lib_a-fflush.o)
                0x0000c008                _fflush_r
 .text.std      0x0000c064       0x50 c:/progra~3/matlab/suppor~1/r2022b/3p778c~1.ins/gnuarm~1.ins/win/bin/../lib/gcc/arm-none-eabi/9.3.1/../../../../arm-none-eabi/lib/thumb/v7e-m+fp/hard\libg.a(lib_a-findfp.o)
 .text._cleanup_r
                0x0000c0b4        0xc c:/progra~3/matlab/suppor~1/r2022b/3p778c~1.ins/gnuarm~1.ins/win/bin/../lib/gcc/arm-none-eabi/9.3.1/../../../../arm-none-eabi/lib/thumb/v7e-m+fp/hard\libg.a(lib_a-findfp.o)
                0x0000c0b4                _cleanup_r
 .text.__sinit  0x0000c0c0       0x54 c:/progra~3/matlab/suppor~1/r2022b/3p778c~1.ins/gnuarm~1.ins/win/bin/../lib/gcc/arm-none-eabi/9.3.1/../../../../arm-none-eabi/lib/thumb/v7e-m+fp/hard\libg.a(lib_a-findfp.o)
                0x0000c0c0                __sinit
 .text.__sfp_lock_acquire
                0x0000c114        0xc c:/progra~3/matlab/suppor~1/r2022b/3p778c~1.ins/gnuarm~1.ins/win/bin/../lib/gcc/arm-none-eabi/9.3.1/../../../../arm-none-eabi/lib/thumb/v7e-m+fp/hard\libg.a(lib_a-findfp.o)
                0x0000c114                __sfp_lock_acquire
 .text.__sfp_lock_release
                0x0000c120        0xc c:/progra~3/matlab/suppor~1/r2022b/3p778c~1.ins/gnuarm~1.ins/win/bin/../lib/gcc/arm-none-eabi/9.3.1/../../../../arm-none-eabi/lib/thumb/v7e-m+fp/hard\libg.a(lib_a-findfp.o)
                0x0000c120                __sfp_lock_release
 .text.__fputwc
                0x0000c12c       0xa8 c:/progra~3/matlab/suppor~1/r2022b/3p778c~1.ins/gnuarm~1.ins/win/bin/../lib/gcc/arm-none-eabi/9.3.1/../../../../arm-none-eabi/lib/thumb/v7e-m+fp/hard\libg.a(lib_a-fputwc.o)
                0x0000c12c                __fputwc
 .text._fputwc_r