Archive member included to satisfy reference by file (symbol)

C:/ProgramData/MATLAB/SupportPackages/R2022b/3P.instrset/cmsis.instrset/CMSIS/RTOS/RTX/LIB/GCC/libRTX_CM4.a(rt_cmsis.o)
                              RTX_Conf_CM.o (osKernelInitialize)
C:/ProgramData/MATLAB/SupportPackages/R2022b/3P.instrset/cmsis.instrset/CMSIS/RTOS/RTX/LIB/GCC/libRTX_CM4.a(hal_cm.o)
                              C:/ProgramData/MATLAB/SupportPackages/R2022b/3P.instrset/cmsis.instrset/CMSIS/RTOS/RTX/LIB/GCC/libRTX_CM4.a(rt_cmsis.o) (rt_ret_val)
C:/ProgramData/MATLAB/SupportPackages/R2022b/3P.instrset/cmsis.instrset/CMSIS/RTOS/RTX/LIB/GCC/libRTX_CM4.a(rt_memory.o)
                              C:/ProgramData/MATLAB/SupportPackages/R2022b/3P.instrset/cmsis.instrset/CMSIS/RTOS/RTX/LIB/GCC/libRTX_CM4.a(rt_cmsis.o) (rt_init_mem)
C:/ProgramData/MATLAB/SupportPackages/R2022b/3P.instrset/cmsis.instrset/CMSIS/RTOS/RTX/LIB/GCC/libRTX_CM4.a(rt_membox.o)
                              C:/ProgramData/MATLAB/SupportPackages/R2022b/3P.instrset/cmsis.instrset/CMSIS/RTOS/RTX/LIB/GCC/libRTX_CM4.a(rt_cmsis.o) (_init_box)
C:/ProgramData/MATLAB/SupportPackages/R2022b/3P.instrset/cmsis.instrset/CMSIS/RTOS/RTX/LIB/GCC/libRTX_CM4.a(rt_mutex.o)
                              C:/ProgramData/MATLAB/SupportPackages/R2022b/3P.instrset/cmsis.instrset/CMSIS/RTOS/RTX/LIB/GCC/libRTX_CM4.a(rt_cmsis.o) (rt_mut_init)
C:/ProgramData/MATLAB/SupportPackages/R2022b/3P.instrset/cmsis.instrset/CMSIS/RTOS/RTX/LIB/GCC/libRTX_CM4.a(rt_time.o)
                              C:/ProgramData/MATLAB/SupportPackages/R2022b/3P.instrset/cmsis.instrset/CMSIS/RTOS/RTX/LIB/GCC/libRTX_CM4.a(rt_cmsis.o) (os_time)
C:/ProgramData/MATLAB/SupportPackages/R2022b/3P.instrset/cmsis.instrset/CMSIS/RTOS/RTX/LIB/GCC/libRTX_CM4.a(rt_semaphore.o)
                              C:/ProgramData/MATLAB/SupportPackages/R2022b/3P.instrset/cmsis.instrset/CMSIS/RTOS/RTX/LIB/GCC/libRTX_CM4.a(rt_cmsis.o) (rt_sem_init)
C:/ProgramData/MATLAB/SupportPackages/R2022b/3P.instrset/cmsis.instrset/CMSIS/RTOS/RTX/LIB/GCC/libRTX_CM4.a(rt_mailbox.o)
                              C:/ProgramData/MATLAB/SupportPackages/R2022b/3P.instrset/cmsis.instrset/CMSIS/RTOS/RTX/LIB/GCC/libRTX_CM4.a(rt_cmsis.o) (rt_mbx_init)
C:/ProgramData/MATLAB/SupportPackages/R2022b/3P.instrset/cmsis.instrset/CMSIS/RTOS/RTX/LIB/GCC/libRTX_CM4.a(rt_list.o)
                              C:/ProgramData/MATLAB/SupportPackages/R2022b/3P.instrset/cmsis.instrset/CMSIS/RTOS/RTX/LIB/GCC/libRTX_CM4.a(rt_cmsis.o) (rt_put_prio)
C:/ProgramData/MATLAB/SupportPackages/R2022b/3P.instrset/cmsis.instrset/CMSIS/RTOS/RTX/LIB/GCC/libRTX_CM4.a(rt_event.o)
                              C:/ProgramData/MATLAB/SupportPackages/R2022b/3P.instrset/cmsis.instrset/CMSIS/RTOS/RTX/LIB/GCC/libRTX_CM4.a(rt_cmsis.o) (rt_evt_wait)
C:/ProgramData/MATLAB/SupportPackages/R2022b/3P.instrset/cmsis.instrset/CMSIS/RTOS/RTX/LIB/GCC/libRTX_CM4.a(rt_system.o)
                              C:/ProgramData/MATLAB/SupportPackages/R2022b/3P.instrset/cmsis.instrset/CMSIS/RTOS/RTX/LIB/GCC/libRTX_CM4.a(rt_cmsis.o) (rt_suspend)
C:/ProgramData/MATLAB/SupportPackages/R2022b/3P.instrset/cmsis.instrset/CMSIS/RTOS/RTX/LIB/GCC/libRTX_CM4.a(rt_task.o)
                              C:/ProgramData/MATLAB/SupportPackages/R2022b/3P.instrset/cmsis.instrset/CMSIS/RTOS/RTX/LIB/GCC/libRTX_CM4.a(rt_system.o) (rt_switch_req)
C:/ProgramData/MATLAB/SupportPackages/R2022b/3P.instrset/cmsis.instrset/CMSIS/RTOS/RTX/LIB/GCC/libRTX_CM4.a(hal_cm4.o)
                              C:/ProgramData/MATLAB/SupportPackages/R2022b/3P.instrset/cmsis.instrset/CMSIS/RTOS/RTX/LIB/GCC/libRTX_CM4.a(rt_task.o) (rt_get_PSP)
C:/ProgramData/MATLAB/SupportPackages/R2022b/3P.instrset/cmsis.instrset/CMSIS/RTOS/RTX/LIB/GCC/libRTX_CM4.a(svc_table.o)
                              C:/ProgramData/MATLAB/SupportPackages/R2022b/3P.instrset/cmsis.instrset/CMSIS/RTOS/RTX/LIB/GCC/libRTX_CM4.a(hal_cm4.o) (SVC_Table)
C:/ProgramData/MATLAB/SupportPackages/R2022b/3P.instrset/cmsis.instrset/CMSIS/RTOS/RTX/LIB/GCC/libRTX_CM4.a(rt_robin.o)
                              C:/ProgramData/MATLAB/SupportPackages/R2022b/3P.instrset/cmsis.instrset/CMSIS/RTOS/RTX/LIB/GCC/libRTX_CM4.a(rt_system.o) (os_robin)
C:/ProgramData/MATLAB/SupportPackages/R2022b/toolbox/target/supportpackages/freedomk64f/src/ksdk_armgcc_lib/bm/libksdk_platform.a(fsl_os_abstraction_bm.o)
                              hardware_init.o (OSA_Init)
C:/ProgramData/MATLAB/SupportPackages/R2022b/toolbox/target/supportpackages/freedomk64f/src/ksdk_armgcc_lib/bm/libksdk_platform.a(fsl_clock_manager.o)
                              board.o (CLOCK_SYS_OscInit)
C:/ProgramData/MATLAB/SupportPackages/R2022b/toolbox/target/supportpackages/freedomk64f/src/ksdk_armgcc_lib/bm/libksdk_platform.a(fsl_clock_manager_common.o)
                              C:/ProgramData/MATLAB/SupportPackages/R2022b/toolbox/target/supportpackages/freedomk64f/src/ksdk_armgcc_lib/bm/libksdk_platform.a(fsl_clock_manager.o) (g_oscBase)
[...]
Memory Configuration

Name             Origin             Length             Attributes
m_interrupts     0x00000000         0x00000400         xr
m_flash_config   0x00000400         0x00000010         xr
m_text           0x00000410         0x000ffbf0         xr
m_data_2         0x1fff0000         0x00010000         rw
m_data           0x20000000         0x00030000         rw
*default*        0x00000000         0xffffffff

Linker script and memory map

LOAD c:/progra~3/matlab/supportpackages/r2022b/3p.instrset/gnuarm-armcortex.instrset/win/bin/../lib/gcc/arm-none-eabi/9.3.1/thumb/v7e-m+fp/hard/crti.o
LOAD c:/progra~3/matlab/supportpackages/r2022b/3p.instrset/gnuarm-armcortex.instrset/win/bin/../lib/gcc/arm-none-eabi/9.3.1/thumb/v7e-m+fp/hard/crtbegin.o
LOAD c:/progra~3/matlab/supportpackages/r2022b/3p.instrset/gnuarm-armcortex.instrset/win/bin/../lib/gcc/arm-none-eabi/9.3.1/../../../../arm-none-eabi/lib/thumb/v7e-m+fp/hard/crt0.o
LOAD MW_digitalIO.o
LOAD mw_sdk_interface.o
LOAD MW_PWM.o
LOAD ert_main.o
LOAD Pacemaker.o
LOAD Pacemaker_data.o
LOAD startup.o
LOAD system_MK64F12.o
LOAD startup_MK64F12.o
LOAD board.o
LOAD hardware_init.o
LOAD pin_mux.o
LOAD fsl_misc_utilities.o
LOAD fsl_edma_irq.o
LOAD fsl_uart_irq.o
LOAD irq_stub.o
LOAD sbrk.o
LOAD cmsis_rtos_init.o
LOAD RTX_Conf_CM.o
LOAD mw_thread.o
LOAD mw_semaphore.o
LOAD mw_timer.o
LOAD mw_signal.o
LOAD C:/ProgramData/MATLAB/SupportPackages/R2022b/3P.instrset/cmsis.instrset/CMSIS/DSP/Lib/GCC/libarm_cortexM4lf_math.a
LOAD C:/ProgramData/MATLAB/SupportPackages/R2022b/3P.instrset/cmsis.instrset/CMSIS/RTOS/RTX/LIB/GCC/libRTX_CM4.a
LOAD C:/ProgramData/MATLAB/SupportPackages/R2022b/toolbox/target/supportpackages/freedomk64f/src/ksdk_armgcc_lib/bm/libksdk_platform.a
LOAD c:/progra~3/matlab/supportpackages/r2022b/3p.instrset/gnuarm-armcortex.instrset/win/bin/../lib/gcc/arm-none-eabi/9.3.1/../../../../arm-none-eabi/lib/thumb/v7e-m+fp/hard\libstdc++.a
LOAD c:/progra~3/matlab/supportpackages/r2022b/3p.instrset/gnuarm-armcortex.instrset/win/bin/../lib/gcc/arm-none-eabi/9.3.1/../../../../arm-none-eabi/lib/thumb/v7e-m+fp/hard\libm.a
START GROUP
LOAD c:/progra~3/matlab/supportpackages/r2022b/3p.instrset/gnuarm-armcortex.instrset/win/bin/../lib/gcc/arm-none-eabi/9.3.1/thumb/v7e-m+fp/hard\libgcc.a
LOAD c:/progra~3/matlab/supportpackages/r2022b/3p.instrset/gnuarm-armcortex.instrset/win/bin/../lib/gcc/arm-none-eabi/9.3.1/../../../../arm-none-eabi/lib/thumb/v7e-m+fp/hard\libg.a
LOAD c:/progra~3/matlab/supportpackages/r2022b/3p.instrset/gnuarm-armcortex.instrset/win/bin/../lib/gcc/arm-none-eabi/9.3.1/../../../../arm-none-eabi/lib/thumb/v7e-m+fp/hard\libc.a
END GROUP
START GROUP
LOAD c:/progra~3/matlab/supportpackages/r2022b/3p.instrset/gnuarm-armcortex.instrset/win/bin/../lib/gcc/arm-none-eabi/9.3.1/thumb/v7e-m+fp/hard\libgcc.a
LOAD c:/progra~3/matlab/supportpackages/r2022b/3p.instrset/gnuarm-armcortex.instrset/win/bin/../lib/gcc/arm-none-eabi/9.3.1/../../../../arm-none-eabi/lib/thumb/v7e-m+fp/hard\libc.a
LOAD c:/progra~3/matlab/supportpackages/r2022b/3p.instrset/gnuarm-armcortex.instrset/win/bin/../lib/gcc/arm-none-eabi/9.3.1/../../../../arm-none-eabi/lib/thumb/v7e-m+fp/hard\libnosys.a
END GROUP
LOAD c:/progra~3/matlab/supportpackages/r2022b/3p.instrset/gnuarm-armcortex.instrset/win/bin/../lib/gcc/arm-none-eabi/9.3.1/thumb/v7e-m+fp/hard/crtend.o
LOAD c:/progra~3/matlab/supportpackages/r2022b/3p.instrset/gnuarm-armcortex.instrset/win/bin/../lib/gcc/arm-none-eabi/9.3.1/thumb/v7e-m+fp/hard/crtn.o
                0x00000400                HEAP_SIZE = DEFINED (__heap_size__)?__heap_size__:0x400
                0x00000400                STACK_SIZE = DEFINED (__stack_size__)?__stack_size__:0x400
                0x00000000                M_VECTOR_RAM_SIZE = DEFINED (__ram_vector_table__)?0x400:0x0

.interrupts     0x00000000      0x400
                0x00000000                __VECTOR_TABLE = .
                0x00000000                . = ALIGN (0x4)
 *(.isr_vector)
 .isr_vector    0x00000000      0x400 startup_MK64F12.o
                0x00000000                __isr_vector
                0x00000400                . = ALIGN (0x4)

.flash_config   0x00000400       0x10
                0x00000400                . = ALIGN (0x4)
 *(.FlashConfig)
 .FlashConfig   0x00000400       0x10 startup_MK64F12.o
                0x00000410                . = ALIGN (0x4)

.text           0x00000440     0xb188
                0x00000440                . = ALIGN (0x4)
 *(.text)
 .text          0x00000440       0x40 c:/progra~3/matlab/supportpackages/r2022b/3p.instrset/gnuarm-armcortex.instrset/win/bin/../lib/gcc/arm-none-eabi/9.3.1/thumb/v7e-m+fp/hard/crtbegin.o
 .text          0x00000480       0x7c c:/progra~3/matlab/supportpackages/r2022b/3p.instrset/gnuarm-armcortex.instrset/win/bin/../lib/gcc/arm-none-eabi/9.3.1/../../../../arm-none-eabi/lib/thumb/v7e-m+fp/hard/crt0.o
                0x00000480                _stack_init
                0x00000488                _start
                0x00000488                _mainCRTStartup
 .text          0x000004fc       0x14 startup_MK64F12.o
                0x000004fc                Reset_Handler
                0x0000050c                ENET_Receive_IRQHandler
                0x0000050c                ENET_1588_Timer_IRQHandler
                0x0000050c                DefaultISR
                0x0000050c                PIT2_IRQHandler
                0x0000050c                PIT0_IRQHandler
                0x0000050c                ENET_Error_IRQHandler
                0x0000050c                PIT3_IRQHandler
                0x0000050c                SDHC_IRQHandler
                0x0000050c                ENET_Transmit_IRQHandler
                0x0000050c                PIT1_IRQHandler
 .text          0x00000510      0x198 C:/ProgramData/MATLAB/SupportPackages/R2022b/3P.instrset/cmsis.instrset/CMSIS/RTOS/RTX/LIB/GCC/libRTX_CM4.a(hal_cm4.o)
                0x00000510                rt_set_PSP
                0x00000516                rt_get_PSP
                0x0000051c                os_set_env
                0x00000534                _alloc_box
                0x00000550                _free_box
                0x0000056c                SVC_Handler
                0x00000612                PendSV_Handler
                0x00000618                Sys_Switch
                0x00000672                SysTick_Handler
                0x0000067c                OS_Tick_Handler
 .text          0x000006a8      0x378 c:/progra~3/matlab/supportpackages/r2022b/3p.instrset/gnuarm-armcortex.instrset/win/bin/../lib/gcc/arm-none-eabi/9.3.1/thumb/v7e-m+fp/hard\libgcc.a(_arm_addsubdf3.o)
                0x000006a8                __aeabi_drsub
                0x000006b0                __aeabi_dsub
                0x000006b0                __subdf3
                0x000006b4                __aeabi_dadd
                0x000006b4                __adddf3
                0x0000092c                __floatunsidf
                0x0000092c                __aeabi_ui2d
                0x0000094c                __floatsidf
                0x0000094c                __aeabi_i2d
                0x00000970                __aeabi_f2d
                0x00000970                __extendsfdf2
                0x000009b4                __floatundidf
                0x000009b4                __aeabi_ul2d
                0x000009c4                __floatdidf
                0x000009c4                __aeabi_l2d
 .text          0x00000a20      0x424 c:/progra~3/matlab/supportpackages/r2022b/3p.instrset/gnuarm-armcortex.instrset/win/bin/../lib/gcc/arm-none-eabi/9.3.1/thumb/v7e-m+fp/hard\libgcc.a(_arm_muldivdf3.o)
                0x00000a20                __aeabi_dmul
                0x00000a20                __muldf3
                0x00000c74                __divdf3
                0x00000c74                __aeabi_ddiv
 .text          0x00000e44      0x110 c:/progra~3/matlab/supportpackages/r2022b/3p.instrset/gnuarm-armcortex.instrset/win/bin/../lib/gcc/arm-none-eabi/9.3.1/thumb/v7e-m+fp/hard\libgcc.a(_arm_cmpdf2.o)
                0x00000e44                __gtdf2
                0x00000e44                __gedf2
                0x00000e4c                __ltdf2
                0x00000e4c                __ledf2
                0x00000e54                __nedf2
                0x00000e54                __eqdf2
                0x00000e54                __cmpdf2
                0x00000ed0                __aeabi_cdrcmple
                0x00000ee0                __aeabi_cdcmpeq
                0x00000ee0                __aeabi_cdcmple
                0x00000ef0                __aeabi_dcmpeq
                0x00000f04                __aeabi_dcmplt
                0x00000f18                __aeabi_dcmple
                0x00000f2c                __aeabi_dcmpge
                0x00000f40                __aeabi_dcmpgt
 .text          0x00000f54       0x50 c:/progra~3/matlab/supportpackages/r2022b/3p.instrset/gnuarm-armcortex.instrset/win/bin/../lib/gcc/arm-none-eabi/9.3.1/thumb/v7e-m+fp/hard\libgcc.a(_arm_fixdfsi.o)
                0x00000f54                __aeabi_d2iz
                0x00000f54                __fixdfsi
 .text          0x00000fa4       0x40 c:/progra~3/matlab/supportpackages/r2022b/3p.instrset/gnuarm-armcortex.instrset/win/bin/../lib/gcc/arm-none-eabi/9.3.1/thumb/v7e-m+fp/hard\libgcc.a(_arm_fixunsdfsi.o)
                0x00000fa4                __aeabi_d2uiz
                0x00000fa4                __fixunsdfsi
 .text          0x00000fe4       0x30 c:/progra~3/matlab/supportpackages/r2022b/3p.instrset/gnuarm-armcortex.instrset/win/bin/../lib/gcc/arm-none-eabi/9.3.1/thumb/v7e-m+fp/hard\libgcc.a(_aeabi_uldivmod.o)
                0x00000fe4                __aeabi_uldivmod
 .text          0x00001014      0x2c4 c:/progra~3/matlab/supportpackages/r2022b/3p.instrset/gnuarm-armcortex.instrset/win/bin/../lib/gcc/arm-none-eabi/9.3.1/thumb/v7e-m+fp/hard\libgcc.a(_udivmoddi4.o)
                0x00001014                __udivmoddi4
 .text          0x000012d8      0x9b8 c:/progra~3/matlab/supportpackages/r2022b/3p.instrset/gnuarm-armcortex.instrset/win/bin/../lib/gcc/arm-none-eabi/9.3.1/thumb/v7e-m+fp/hard\libgcc.a(unwind-arm.o)
                0x00001580                _Unwind_GetCFA
                0x00001584                __gnu_Unwind_RaiseException
                0x000015e4                __gnu_Unwind_ForcedUnwind
                0x000015f8                __gnu_Unwind_Resume
                0x0000163c                __gnu_Unwind_Resume_or_Rethrow
                0x0000164c                _Unwind_Complete
                0x00001650                _Unwind_DeleteException
                0x0000165c                _Unwind_VRS_Get
                0x000016a4                _Unwind_VRS_Set
                0x000016ec                __gnu_Unwind_Backtrace
                0x00001a0c                __aeabi_unwind_cpp_pr0
                0x00001a10                __aeabi_unwind_cpp_pr1
                0x00001a14                __aeabi_unwind_cpp_pr2
                0x00001a18                _Unwind_VRS_Pop
 .text          0x00001c90      0x1ac c:/progra~3/matlab/supportpackages/r2022b/3p.instrset/gnuarm-armcortex.instrset/win/bin/../lib/gcc/arm-none-eabi/9.3.1/thumb/v7e-m+fp/hard\libgcc.a(libunwind.o)
                0x00001c90                __restore_core_regs
                0x00001c90                restore_core_regs
                0x00001ca8                __gnu_Unwind_Restore_VFP
                0x00001cb0                __gnu_Unwind_Save_VFP
                0x00001cb8                __gnu_Unwind_Restore_VFP_D
                0x00001cc0                __gnu_Unwind_Save_VFP_D
                0x00001cc8                __gnu_Unwind_Restore_VFP_D_16_to_31
                0x00001cd0                __gnu_Unwind_Save_VFP_D_16_to_31
                0x00001cd8                __gnu_Unwind_Restore_WMMXD
                0x00001d1c                __gnu_Unwind_Save_WMMXD
                0x00001d60                __gnu_Unwind_Restore_WMMXC
                0x00001d74                __gnu_Unwind_Save_WMMXC
                0x00001d88                ___Unwind_RaiseException
                0x00001d88                _Unwind_RaiseException
                0x00001dac                _Unwind_Resume
                0x00001dac                ___Unwind_Resume
                0x00001dd0                _Unwind_Resume_or_Rethrow
                0x00001dd0                ___Unwind_Resume_or_Rethrow
                0x00001df4                _Unwind_ForcedUnwind
                0x00001df4                ___Unwind_ForcedUnwind
                0x00001e18                ___Unwind_Backtrace
                0x00001e18                _Unwind_Backtrace
 .text          0x00001e3c      0x340 c:/progra~3/matlab/supportpackages/r2022b/3p.instrset/gnuarm-armcortex.instrset/win/bin/../lib/gcc/arm-none-eabi/9.3.1/thumb/v7e-m+fp/hard\libgcc.a(pr-support.o)
                0x00001e94                __gnu_unwind_execute
                0x00002130                __gnu_unwind_frame
                0x0000215c                _Unwind_GetRegionStart
                0x00002168                _Unwind_GetLanguageSpecificData
 .text          0x0000217c        0x4 c:/progra~3/matlab/supportpackages/r2022b/3p.instrset/gnuarm-armcortex.instrset/win/bin/../lib/gcc/arm-none-eabi/9.3.1/thumb/v7e-m+fp/hard\libgcc.a(_dvmd_tls.o)
                0x0000217c                __aeabi_idiv0
                0x0000217c                __aeabi_ldiv0
 .text          0x00002180      0x134 c:/progra~3/matlab/supportpackages/r2022b/3p.instrset/gnuarm-armcortex.instrset/win/bin/../lib/gcc/arm-none-eabi/9.3.1/../../../../arm-none-eabi/lib/thumb/v7e-m+fp/hard\libg.a(lib_a-memcpy.o)
                0x00002180                memcpy
 *fill*         0x000022b4        0xc 
 .text          0x000022c0       0xa0 c:/progra~3/matlab/supportpackages/r2022b/3p.instrset/gnuarm-armcortex.instrset/win/bin/../lib/gcc/arm-none-eabi/9.3.1/../../../../arm-none-eabi/lib/thumb/v7e-m+fp/hard\libg.a(lib_a-memchr.o)
                0x000022c0                memchr
 *fill*         0x00002360       0x20 
 .text          0x00002380       0xdc c:/progra~3/matlab/supportpackages/r2022b/3p.instrset/gnuarm-armcortex.instrset/win/bin/../lib/gcc/arm-none-eabi/9.3.1/../../../../arm-none-eabi/lib/thumb/v7e-m+fp/hard\libg.a(lib_a-strlen.o)
                0x00002380                strlen
 *(.text*)
 .text.MW_digitalIO_open
                0x0000245c       0xe0 MW_digitalIO.o
                0x0000245c                MW_digitalIO_open
 .text.MW_digitalIO_read
                0x0000253c       0x70 MW_digitalIO.o
                0x0000253c                MW_digitalIO_read
 .text.MW_digitalIO_write
                0x000025ac       0x7e MW_digitalIO.o
                0x000025ac                MW_digitalIO_write
 .text.MW_digitalIO_close
                0x0000262a       0x3c MW_digitalIO.o
                0x0000262a                MW_digitalIO_close
 *fill*         0x00002666        0x2 
 .text.PORT_HAL_SetMuxMode
                0x00002668       0x58 MW_PWM.o
 .text.FTM_HAL_SetClockSource
                0x000026c0       0x2e MW_PWM.o
 *fill*         0x000026ee        0x2 
 .text.MW_PWM_Open
                0x000026f0      0x164 MW_PWM.o
                0x000026f0                MW_PWM_Open
 .text.MW_PWM_Start
                0x00002854       0x14 MW_PWM.o
                0x00002854                MW_PWM_Start
 .text.MW_PWM_SetDutyCycle
                0x00002868       0x7c MW_PWM.o
                0x00002868                MW_PWM_SetDutyCycle
 .text.MW_PWM_Stop
                0x000028e4       0x2c MW_PWM.o
                0x000028e4                MW_PWM_Stop
 .text.MW_PWM_Close
                0x00002910       0x14 MW_PWM.o
                0x00002910                MW_PWM_Close
 .text.baseRateTask
                0x00002924       0x7c ert_main.o
                0x00002924                baseRateTask
 .text.terminateTask
                0x000029a0       0x34 ert_main.o
                0x000029a0                terminateTask
 .text.main     0x000029d4       0x48 ert_main.o
                0x000029d4                main
 .text.sMultiWord2Double
                0x00002a1c      0x100 Pacemaker.o
                0x00002a1c                sMultiWord2Double
 .text.Pac_enter_atomic_Charge_C22_AOO
                0x00002b1c       0x48 Pacemaker.o
 .text.Pac_enter_atomic_Charge_C22_VOO
                0x00002b64       0x48 Pacemaker.o
 .text.Pacemaker_Mode_Selector
                0x00002bac      0x100 Pacemaker.o
 .text.rt_roundd_snf
                0x00002cac       0xf4 Pacemaker.o
                0x00002cac                rt_roundd_snf
 .text.Pacemaker_step
                0x00002da0      0x894 Pacemaker.o
                0x00002da0                Pacemaker_step
 *fill*         0x00003634        0x4 
 .text.Pacemaker_initialize
                0x00003638      0x40c Pacemaker.o
                0x00003638                Pacemaker_initialize
 .text.Pacemaker_terminate
                0x00003a44      0x2d4 Pacemaker.o
                0x00003a44                Pacemaker_terminate
 .text.init_data_bss
                0x00003d18       0xd0 startup.o
                0x00003d18                init_data_bss
 .text.SystemInit
                0x00003de8      0x1dc system_MK64F12.o
                0x00003de8                SystemInit
 .text.SystemCoreClockUpdate
                0x00003fc4      0x290 system_MK64F12.o
                0x00003fc4                SystemCoreClockUpdate
 .text.PORT_HAL_SetMuxMode
                0x00004254       0x58 board.o
 .text.SMC_HAL_SetProtection
                0x000042ac       0x1e board.o
 *fill*         0x000042ca        0x2 
 .text.BOARD_InitOsc0
                0x000042cc       0x30 board.o
                0x000042cc                BOARD_InitOsc0
 .text.BOARD_InitRtcOsc
                0x000042fc       0x28 board.o
                0x000042fc                BOARD_InitRtcOsc
 .text.BOARD_ClockInit
                0x00004324       0x34 board.o
                0x00004324                BOARD_ClockInit
 .text.hardware_init
                0x00004358       0x30 hardware_init.o
                0x00004358                hardware_init
 .text.DMA0_IRQHandler
                0x00004388        0xe fsl_edma_irq.o
                0x00004388                DMA0_IRQHandler
 .text.DMA1_IRQHandler
                0x00004396        0xe fsl_edma_irq.o
                0x00004396                DMA1_IRQHandler
 .text.DMA2_IRQHandler
                0x000043a4        0xe fsl_edma_irq.o
                0x000043a4                DMA2_IRQHandler
 .text.DMA3_IRQHandler
                0x000043b2        0xe fsl_edma_irq.o
                0x000043b2                DMA3_IRQHandler
 .text.DMA4_IRQHandler
                0x000043c0        0xe fsl_edma_irq.o
                0x000043c0                DMA4_IRQHandler
 .text.DMA5_IRQHandler
                0x000043ce        0xe fsl_edma_irq.o
                0x000043ce                DMA5_IRQHandler
 .text.DMA6_IRQHandler
                0x000043dc        0xe fsl_edma_irq.o
                0x000043dc                DMA6_IRQHandler
 .text.DMA7_IRQHandler
                0x000043ea        0xe fsl_edma_irq.o
                0x000043ea                DMA7_IRQHandler
 .text.DMA8_IRQHandler
                0x000043f8        0xe fsl_edma_irq.o
                0x000043f8                DMA8_IRQHandler
 .text.DMA9_IRQHandler
                0x00004406        0xe fsl_edma_irq.o
                0x00004406                DMA9_IRQHandler
 .text.DMA10_IRQHandler
                0x00004414        0xe fsl_edma_irq.o
                0x00004414                DMA10_IRQHandler
 .text.DMA11_IRQHandler
                0x00004422        0xe fsl_edma_irq.o
                0x00004422                DMA11_IRQHandler
 .text.DMA12_IRQHandler
                0x00004430        0xe fsl_edma_irq.o
                0x00004430                DMA12_IRQHandler
 .text.DMA13_IRQHandler
                0x0000443e        0xe fsl_edma_irq.o
                0x0000443e                DMA13_IRQHandler
 .text.DMA14_IRQHandler
                0x0000444c        0xe fsl_edma_irq.o
                0x0000444c                DMA14_IRQHandler
 .text.DMA15_IRQHandler
                0x0000445a        0xe fsl_edma_irq.o
                0x0000445a                DMA15_IRQHandler
 .text.DMA_Error_IRQHandler
                0x00004468        0xe fsl_edma_irq.o
                0x00004468                DMA_Error_IRQHandler
 .text.UART0_RX_TX_IRQHandler
                0x00004476        0xe fsl_uart_irq.o
                0x00004476                UART0_RX_TX_IRQHandler
 .text.UART1_RX_TX_IRQHandler
                0x00004484        0xe fsl_uart_irq.o
                0x00004484                UART1_RX_TX_IRQHandler
 .text.UART2_RX_TX_IRQHandler
                0x00004492        0xe fsl_uart_irq.o
                0x00004492                UART2_RX_TX_IRQHandler
 .text.UART3_RX_TX_IRQHandler
                0x000044a0        0xe fsl_uart_irq.o
                0x000044a0                UART3_RX_TX_IRQHandler
 .text.UART4_RX_TX_IRQHandler
                0x000044ae        0xe fsl_uart_irq.o
                0x000044ae                UART4_RX_TX_IRQHandler
 .text.UART5_RX_TX_IRQHandler
                0x000044bc        0xe fsl_uart_irq.o
                0x000044bc                UART5_RX_TX_IRQHandler
 .text.NMI_Handler
                0x000044ca        0x6 irq_stub.o
                0x000044ca                NMI_Handler
 .text.HardFault_Handler
                0x000044d0        0x6 irq_stub.o
                0x000044d0                HardFault_Handler
 .text.MemManage_Handler
                0x000044d6        0x6 irq_stub.o
                0x000044d6                MemManage_Handler
 .text.BusFault_Handler
                0x000044dc        0x6 irq_stub.o
                0x000044dc                BusFault_Handler
 .text.UsageFault_Handler
                0x000044e2        0x6 irq_stub.o
                0x000044e2                UsageFault_Handler
 .text.DebugMon_Handler
                0x000044e8        0x6 irq_stub.o
                0x000044e8                DebugMon_Handler
 .text.MCM_IRQHandler
                0x000044ee        0x6 irq_stub.o
                0x000044ee                MCM_IRQHandler
 .text.FTFE_IRQHandler
                0x000044f4        0x6 irq_stub.o
                0x000044f4                FTFE_IRQHandler
 .text.Read_Collision_IRQHandler
                0x000044fa        0x6 irq_stub.o
                0x000044fa                Read_Collision_IRQHandler
 .text.LVD_LVW_IRQHandler
                0x00004500        0x6 irq_stub.o
                0x00004500                LVD_LVW_IRQHandler
 .text.LLWU_IRQHandler
                0x00004506        0x6 irq_stub.o
                0x00004506                LLWU_IRQHandler
 .text.WDOG_EWM_IRQHandler
                0x0000450c        0x6 irq_stub.o
                0x0000450c                WDOG_EWM_IRQHandler
 .text.RNG_IRQHandler
                0x00004512        0x6 irq_stub.o
                0x00004512                RNG_IRQHandler
 .text.I2C0_IRQHandler
                0x00004518        0x6 irq_stub.o
                0x00004518                I2C0_IRQHandler
 .text.I2C1_IRQHandler
                0x0000451e        0x6 irq_stub.o
                0x0000451e                I2C1_IRQHandler
 .text.SPI0_IRQHandler
                0x00004524        0x6 irq_stub.o
                0x00004524                SPI0_IRQHandler
 .text.SPI1_IRQHandler
                0x0000452a        0x6 irq_stub.o
                0x0000452a                SPI1_IRQHandler
 .text.I2S0_Tx_IRQHandler
                0x00004530        0x6 irq_stub.o
                0x00004530                I2S0_Tx_IRQHandler
 .text.I2S0_Rx_IRQHandler
                0x00004536        0x6 irq_stub.o
                0x00004536                I2S0_Rx_IRQHandler
 .text.UART0_LON_IRQHandler
                0x0000453c        0x6 irq_stub.o
                0x0000453c                UART0_LON_IRQHandler
 .text.UART0_ERR_IRQHandler
                0x00004542        0x6 irq_stub.o
                0x00004542                UART0_ERR_IRQHandler
 .text.UART1_ERR_IRQHandler
                0x00004548        0x6 irq_stub.o
                0x00004548                UART1_ERR_IRQHandler
 .text.UART2_ERR_IRQHandler
                0x0000454e        0x6 irq_stub.o
                0x0000454e                UART2_ERR_IRQHandler
 .text.UART3_ERR_IRQHandler
                0x00004554        0x6 irq_stub.o
                0x00004554                UART3_ERR_IRQHandler
 .text.ADC0_IRQHandler
                0x0000455a        0x6 irq_stub.o
                0x0000455a                ADC0_IRQHandler
 .text.CMP0_IRQHandler
                0x00004560        0x6 irq_stub.o
                0x00004560                CMP0_IRQHandler
 .text.CMP1_IRQHandler
                0x00004566        0x6 irq_stub.o
                0x00004566                CMP1_IRQHandler
 .text.FTM0_IRQHandler
                0x0000456c        0x6 irq_stub.o
                0x0000456c                FTM0_IRQHandler
 .text.FTM1_IRQHandler
                0x00004572        0x6 irq_stub.o
                0x00004572                FTM1_IRQHandler
 .text.FTM2_IRQHandler
                0x00004578        0x6 irq_stub.o
                0x00004578                FTM2_IRQHandler
 .text.CMT_IRQHandler
                0x0000457e        0x6 irq_stub.o
                0x0000457e                CMT_IRQHandler
 .text.RTC_IRQHandler
                0x00004584        0x6 irq_stub.o
                0x00004584                RTC_IRQHandler
 .text.RTC_Seconds_IRQHandler
                0x0000458a        0x6 irq_stub.o
                0x0000458a                RTC_Seconds_IRQHandler
 .text.PDB0_IRQHandler
                0x00004590        0x6 irq_stub.o
                0x00004590                PDB0_IRQHandler
 .text.USB0_IRQHandler
                0x00004596        0x6 irq_stub.o
                0x00004596                USB0_IRQHandler
 .text.USBDCD_IRQHandler
                0x0000459c        0x6 irq_stub.o
                0x0000459c                USBDCD_IRQHandler
 .text.Reserved71_IRQHandler
                0x000045a2        0x6 irq_stub.o
                0x000045a2                Reserved71_IRQHandler
 .text.DAC0_IRQHandler
                0x000045a8        0x6 irq_stub.o
                0x000045a8                DAC0_IRQHandler
 .text.MCG_IRQHandler
                0x000045ae        0x6 irq_stub.o
                0x000045ae                MCG_IRQHandler
 .text.LPTMR0_IRQHandler
                0x000045b4        0x6 irq_stub.o
                0x000045b4                LPTMR0_IRQHandler
 .text.PORTA_IRQHandler
                0x000045ba        0x6 irq_stub.o
                0x000045ba                PORTA_IRQHandler
 .text.PORTB_IRQHandler
                0x000045c0        0x6 irq_stub.o
                0x000045c0                PORTB_IRQHandler
 .text.PORTC_IRQHandler
                0x000045c6        0x6 irq_stub.o
                0x000045c6                PORTC_IRQHandler
 .text.PORTD_IRQHandler
                0x000045cc        0x6 irq_stub.o
                0x000045cc                PORTD_IRQHandler
 .text.PORTE_IRQHandler
                0x000045d2        0x6 irq_stub.o
                0x000045d2                PORTE_IRQHandler
 .text.SWI_IRQHandler
                0x000045d8        0x6 irq_stub.o
                0x000045d8                SWI_IRQHandler
 .text.SPI2_IRQHandler
                0x000045de        0x6 irq_stub.o
                0x000045de                SPI2_IRQHandler
 .text.UART4_ERR_IRQHandler
                0x000045e4        0x6 irq_stub.o
                0x000045e4                UART4_ERR_IRQHandler
 .text.UART5_ERR_IRQHandler
                0x000045ea        0x6 irq_stub.o
                0x000045ea                UART5_ERR_IRQHandler
 .text.CMP2_IRQHandler
                0x000045f0        0x6 irq_stub.o
                0x000045f0                CMP2_IRQHandler
 .text.FTM3_IRQHandler
                0x000045f6        0x6 irq_stub.o
                0x000045f6                FTM3_IRQHandler
 .text.DAC1_IRQHandler
                0x000045fc        0x6 irq_stub.o
                0x000045fc                DAC1_IRQHandler
 .text.ADC1_IRQHandler
                0x00004602        0x6 irq_stub.o
                0x00004602                ADC1_IRQHandler
 .text.I2C2_IRQHandler
                0x00004608        0x6 irq_stub.o
                0x00004608                I2C2_IRQHandler
 .text.CAN0_ORed_Message_buffer_IRQHandler
                0x0000460e        0x6 irq_stub.o
                0x0000460e                CAN0_ORed_Message_buffer_IRQHandler
 .text.CAN0_Bus_Off_IRQHandler
                0x00004614        0x6 irq_stub.o
                0x00004614                CAN0_Bus_Off_IRQHandler
 .text.CAN0_Error_IRQHandler
                0x0000461a        0x6 irq_stub.o
                0x0000461a                CAN0_Error_IRQHandler
 .text.CAN0_Tx_Warning_IRQHandler
                0x00004620        0x6 irq_stub.o
                0x00004620                CAN0_Tx_Warning_IRQHandler
 .text.CAN0_Rx_Warning_IRQHandler
                0x00004626        0x6 irq_stub.o
                0x00004626                CAN0_Rx_Warning_IRQHandler
 .text.CAN0_Wake_Up_IRQHandler
                0x0000462c        0x6 irq_stub.o
                0x0000462c                CAN0_Wake_Up_IRQHandler
 *fill*         0x00004632        0x2 
 .text._sbrk    0x00004634       0x5c sbrk.o
                0x00004634                _sbrk
 .text.schedulerTask
                0x00004690       0x1c cmsis_rtos_init.o
                0x00004690                schedulerTask
 .text.mw_initSignalEvents
                0x000046ac       0x40 cmsis_rtos_init.o
                0x000046ac                mw_initSignalEvents
 .text.mw_RTOSInit
                0x000046ec       0x8c cmsis_rtos_init.o
                0x000046ec                mw_RTOSInit
 .text.os_idle_demon
                0x00004778        0x8 RTX_Conf_CM.o
                0x00004778                os_idle_demon
 .text.os_error
                0x00004780       0x2c RTX_Conf_CM.o
                0x00004780                os_error
 .text.rt_init_robin
                0x000047ac        0x4 RTX_Conf_CM.o
                0x000047ac                rt_init_robin
 .text.rt_chk_robin
                0x000047b0        0x4 RTX_Conf_CM.o
                0x000047b0                rt_chk_robin
 .text.software_init_hook
                0x000047b4       0x34 RTX_Conf_CM.o
                0x000047b4                software_init_hook
 .text.mw_osThreadCreate
                0x000047e8       0x52 mw_thread.o
                0x000047e8                mw_osThreadCreate
 .text.mw_osThreadGetId
                0x0000483a        0xe mw_thread.o
                0x0000483a                mw_osThreadGetId
 .text.mw_osThreadExit
                0x00004848       0x22 mw_thread.o
                0x00004848                mw_osThreadExit
 .text.mw_osTimerCreate
                0x0000486a       0x4e mw_timer.o
                0x0000486a                mw_osTimerCreate
 .text.mw_osTimerStart
                0x000048b8       0x24 mw_timer.o
                0x000048b8                mw_osTimerStart
 .text.mw_osSignalSet
                0x000048dc       0x2e mw_signal.o
                0x000048dc                mw_osSignalSet
 .text.mw_osSignalClear
                0x0000490a       0x26 mw_signal.o
                0x0000490a                mw_osSignalClear
 .text.mw_osSignalWaitEver
                0x00004930       0x20 mw_signal.o
                0x00004930                mw_osSignalWaitEver
 .text.mw_osSignalEventCreate
                0x00004950       0x20 mw_signal.o
                0x00004950                mw_osSignalEventCreate
 .text.mw_osSignalEventRelease
                0x00004970       0x26 mw_signal.o
                0x00004970                mw_osSignalEventRelease
 .text.mw_osSignalEventWaitEver
                0x00004996       0x34 mw_signal.o
                0x00004996                mw_osSignalEventWaitEver
 *fill*         0x000049ca        0x2 
 .text.osThreadExit
                0x000049cc       0x18 C:/ProgramData/MATLAB/SupportPackages/R2022b/3P.instrset/cmsis.instrset/CMSIS/RTOS/RTX/LIB/GCC/libRTX_CM4.a(rt_cmsis.o)
                0x000049cc                osThreadExit
 .text.svcKernelInitialize
                0x000049e4      0x104 C:/ProgramData/MATLAB/SupportPackages/R2022b/3P.instrset/cmsis.instrset/CMSIS/RTOS/RTX/LIB/GCC/libRTX_CM4.a(rt_cmsis.o)
                0x000049e4                svcKernelInitialize
 .text.svcKernelStart
                0x00004ae8       0x48 C:/ProgramData/MATLAB/SupportPackages/R2022b/3P.instrset/cmsis.instrset/CMSIS/RTOS/RTX/LIB/GCC/libRTX_CM4.a(rt_cmsis.o)
                0x00004ae8                svcKernelStart
 .text.osKernelInitialize
                0x00004b30       0x28 C:/ProgramData/MATLAB/SupportPackages/R2022b/3P.instrset/cmsis.instrset/CMSIS/RTOS/RTX/LIB/GCC/libRTX_CM4.a(rt_cmsis.o)
                0x00004b30                osKernelInitialize
 .text.osKernelStart
                0x00004b58       0x74 C:/ProgramData/MATLAB/SupportPackages/R2022b/3P.instrset/cmsis.instrset/CMSIS/RTOS/RTX/LIB/GCC/libRTX_CM4.a(rt_cmsis.o)
                0x00004b58                osKernelStart
 .text.svcThreadCreate
                0x00004bcc       0x7c C:/ProgramData/MATLAB/SupportPackages/R2022b/3P.instrset/cmsis.instrset/CMSIS/RTOS/RTX/LIB/GCC/libRTX_CM4.a(rt_cmsis.o)
                0x00004bcc                svcThreadCreate
 .text.svcThreadGetId
                0x00004c48       0x18 C:/ProgramData/MATLAB/SupportPackages/R2022b/3P.instrset/cmsis.instrset/CMSIS/RTOS/RTX/LIB/GCC/libRTX_CM4.a(rt_cmsis.o)
                0x00004c48                svcThreadGetId
 .text.svcThreadTerminate
                0x00004c60       0x48 C:/ProgramData/MATLAB/SupportPackages/R2022b/3P.instrset/cmsis.instrset/CMSIS/RTOS/RTX/LIB/GCC/libRTX_CM4.a(rt_cmsis.o)
                0x00004c60                svcThreadTerminate
 .text.osThreadCreate
                0x00004ca8       0xa4 C:/ProgramData/MATLAB/SupportPackages/R2022b/3P.instrset/cmsis.instrset/CMSIS/RTOS/RTX/LIB/GCC/libRTX_CM4.a(rt_cmsis.o)
                0x00004ca8                osThreadCreate
 .text.osThreadGetId
                0x00004d4c       0x18 C:/ProgramData/MATLAB/SupportPackages/R2022b/3P.instrset/cmsis.instrset/CMSIS/RTOS/RTX/LIB/GCC/libRTX_CM4.a(rt_cmsis.o)
                0x00004d4c                osThreadGetId
 .text.osThreadTerminate
                0x00004d64       0x18 C:/ProgramData/MATLAB/SupportPackages/R2022b/3P.instrset/cmsis.instrset/CMSIS/RTOS/RTX/LIB/GCC/libRTX_CM4.a(rt_cmsis.o)
                0x00004d64                osThreadTerminate
 .text.svcTimerCreate
                0x00004d7c       0x40 C:/ProgramData/MATLAB/SupportPackages/R2022b/3P.instrset/cmsis.instrset/CMSIS/RTOS/RTX/LIB/GCC/libRTX_CM4.a(rt_cmsis.o)
                0x00004d7c                svcTimerCreate
 .text.svcTimerStart
                0x00004dbc       0xdc C:/ProgramData/MATLAB/SupportPackages/R2022b/3P.instrset/cmsis.instrset/CMSIS/RTOS/RTX/LIB/GCC/libRTX_CM4.a(rt_cmsis.o)
                0x00004dbc                svcTimerStart
 .text.svcTimerCall
                0x00004e98       0x18 C:/ProgramData/MATLAB/SupportPackages/R2022b/3P.instrset/cmsis.instrset/CMSIS/RTOS/RTX/LIB/GCC/libRTX_CM4.a(rt_cmsis.o)
                0x00004e98                svcTimerCall
 .text.sysTimerTick
                0x00004eb0       0xc8 C:/ProgramData/MATLAB/SupportPackages/R2022b/3P.instrset/cmsis.instrset/CMSIS/RTOS/RTX/LIB/GCC/libRTX_CM4.a(rt_cmsis.o)
                0x00004eb0                sysTimerTick
 .text.osTimerCreate
                0x00004f78       0x68 C:/ProgramData/MATLAB/SupportPackages/R2022b/3P.instrset/cmsis.instrset/CMSIS/RTOS/RTX/LIB/GCC/libRTX_CM4.a(rt_cmsis.o)
                0x00004f78                osTimerCreate
 .text.osTimerStart
                0x00004fe0       0x18 C:/ProgramData/MATLAB/SupportPackages/R2022b/3P.instrset/cmsis.instrset/CMSIS/RTOS/RTX/LIB/GCC/libRTX_CM4.a(rt_cmsis.o)
                0x00004fe0                osTimerStart
 .text.osTimerThread
                0x00004ff8       0x3c C:/ProgramData/MATLAB/SupportPackages/R2022b/3P.instrset/cmsis.instrset/CMSIS/RTOS/RTX/LIB/GCC/libRTX_CM4.a(rt_cmsis.o)
                0x00004ff8                osTimerThread
 .text.svcSignalSet
                0x00005034       0x2c C:/ProgramData/MATLAB/SupportPackages/R2022b/3P.instrset/cmsis.instrset/CMSIS/RTOS/RTX/LIB/GCC/libRTX_CM4.a(rt_cmsis.o)
                0x00005034                svcSignalSet
 .text.svcSignalClear
                0x00005060       0x2c C:/ProgramData/MATLAB/SupportPackages/R2022b/3P.instrset/cmsis.instrset/CMSIS/RTOS/RTX/LIB/GCC/libRTX_CM4.a(rt_cmsis.o)
                0x00005060                svcSignalClear
 .text.svcSignalWait
                0x0000508c      0x100 C:/ProgramData/MATLAB/SupportPackages/R2022b/3P.instrset/cmsis.instrset/CMSIS/RTOS/RTX/LIB/GCC/libRTX_CM4.a(rt_cmsis.o)
                0x0000508c                svcSignalWait
 .text.osSignalSet
                0x0000518c       0x40 C:/ProgramData/MATLAB/SupportPackages/R2022b/3P.instrset/cmsis.instrset/CMSIS/RTOS/RTX/LIB/GCC/libRTX_CM4.a(rt_cmsis.o)
                0x0000518c                osSignalSet
 .text.osSignalClear
                0x000051cc       0x1c C:/ProgramData/MATLAB/SupportPackages/R2022b/3P.instrset/cmsis.instrset/CMSIS/RTOS/RTX/LIB/GCC/libRTX_CM4.a(rt_cmsis.o)
                0x000051cc                osSignalClear
 .text.osSignalWait
                0x000051e8       0x2c C:/ProgramData/MATLAB/SupportPackages/R2022b/3P.instrset/cmsis.instrset/CMSIS/RTOS/RTX/LIB/GCC/libRTX_CM4.a(rt_cmsis.o)
                0x000051e8                osSignalWait
 .text.svcMessageGet
                0x00005214       0xbc C:/ProgramData/MATLAB/SupportPackages/R2022b/3P.instrset/cmsis.instrset/CMSIS/RTOS/RTX/LIB/GCC/libRTX_CM4.a(rt_cmsis.o)
                0x00005214                svcMessageGet
 .text.rt_init_stack
                0x000052d0       0xa8 C:/ProgramData/MATLAB/SupportPackages/R2022b/3P.instrset/cmsis.instrset/CMSIS/RTOS/RTX/LIB/GCC/libRTX_CM4.a(hal_cm.o)
                0x000052d0                rt_init_stack
 .text.rt_ret_val
                0x00005378       0x14 C:/ProgramData/MATLAB/SupportPackages/R2022b/3P.instrset/cmsis.instrset/CMSIS/RTOS/RTX/LIB/GCC/libRTX_CM4.a(hal_cm.o)
                0x00005378                rt_ret_val
 .text.rt_ret_val2
                0x0000538c       0x24 C:/ProgramData/MATLAB/SupportPackages/R2022b/3P.instrset/cmsis.instrset/CMSIS/RTOS/RTX/LIB/GCC/libRTX_CM4.a(hal_cm.o)
                0x0000538c                rt_ret_val2
 .text.dbg_init
                0x000053b0       0x34 C:/ProgramData/MATLAB/SupportPackages/R2022b/3P.instrset/cmsis.instrset/CMSIS/RTOS/RTX/LIB/GCC/libRTX_CM4.a(hal_cm.o)
                0x000053b0                dbg_init
 .text.dbg_task_notify
                0x000053e4       0x2c C:/ProgramData/MATLAB/SupportPackages/R2022b/3P.instrset/cmsis.instrset/CMSIS/RTOS/RTX/LIB/GCC/libRTX_CM4.a(hal_cm.o)
                0x000053e4                dbg_task_notify
 .text.dbg_task_switch
                0x00005410       0x14 C:/ProgramData/MATLAB/SupportPackages/R2022b/3P.instrset/cmsis.instrset/CMSIS/RTOS/RTX/LIB/GCC/libRTX_CM4.a(hal_cm.o)
                0x00005410                dbg_task_switch
 .text.rt_init_mem
                0x00005424       0x1c C:/ProgramData/MATLAB/SupportPackages/R2022b/3P.instrset/cmsis.instrset/CMSIS/RTOS/RTX/LIB/GCC/libRTX_CM4.a(rt_memory.o)
                0x00005424                rt_init_mem
 .text.rt_alloc_mem
                0x00005440       0x48 C:/ProgramData/MATLAB/SupportPackages/R2022b/3P.instrset/cmsis.instrset/CMSIS/RTOS/RTX/LIB/GCC/libRTX_CM4.a(rt_memory.o)
                0x00005440                rt_alloc_mem
 .text.rt_free_mem
                0x00005488       0x54 C:/ProgramData/MATLAB/SupportPackages/R2022b/3P.instrset/cmsis.instrset/CMSIS/RTOS/RTX/LIB/GCC/libRTX_CM4.a(rt_memory.o)
                0x00005488                rt_free_mem
 .text._init_box
                0x000054dc       0x58 C:/ProgramData/MATLAB/SupportPackages/R2022b/3P.instrset/cmsis.instrset/CMSIS/RTOS/RTX/LIB/GCC/libRTX_CM4.a(rt_membox.o)
                0x000054dc                _init_box
 .text.rt_alloc_box
                0x00005534       0x1c C:/ProgramData/MATLAB/SupportPackages/R2022b/3P.instrset/cmsis.instrset/CMSIS/RTOS/RTX/LIB/GCC/libRTX_CM4.a(rt_membox.o)
                0x00005534                rt_alloc_box
 .text.rt_free_box
                0x00005550       0x28 C:/ProgramData/MATLAB/SupportPackages/R2022b/3P.instrset/cmsis.instrset/CMSIS/RTOS/RTX/LIB/GCC/libRTX_CM4.a(rt_membox.o)
                0x00005550                rt_free_box
 .text.rt_sem_psh
                0x00005578       0x34 C:/ProgramData/MATLAB/SupportPackages/R2022b/3P.instrset/cmsis.instrset/CMSIS/RTOS/RTX/LIB/GCC/libRTX_CM4.a(rt_semaphore.o)
                0x00005578                rt_sem_psh
 .text.rt_mbx_init
                0x000055ac       0x18 C:/ProgramData/MATLAB/SupportPackages/R2022b/3P.instrset/cmsis.instrset/CMSIS/RTOS/RTX/LIB/GCC/libRTX_CM4.a(rt_mailbox.o)
                0x000055ac                rt_mbx_init
 .text.rt_mbx_wait
                0x000055c4       0xa8 C:/ProgramData/MATLAB/SupportPackages/R2022b/3P.instrset/cmsis.instrset/CMSIS/RTOS/RTX/LIB/GCC/libRTX_CM4.a(rt_mailbox.o)
                0x000055c4                rt_mbx_wait
 .text.rt_mbx_check
                0x0000566c        0x8 C:/ProgramData/MATLAB/SupportPackages/R2022b/3P.instrset/cmsis.instrset/CMSIS/RTOS/RTX/LIB/GCC/libRTX_CM4.a(rt_mailbox.o)
                0x0000566c                rt_mbx_check
 .text.isr_mbx_send
                0x00005674       0x10 C:/ProgramData/MATLAB/SupportPackages/R2022b/3P.instrset/cmsis.instrset/CMSIS/RTOS/RTX/LIB/GCC/libRTX_CM4.a(rt_mailbox.o)
                0x00005674                isr_mbx_send
 .text.rt_mbx_psh
                0x00005684       0xe8 C:/ProgramData/MATLAB/SupportPackages/R2022b/3P.instrset/cmsis.instrset/CMSIS/RTOS/RTX/LIB/GCC/libRTX_CM4.a(rt_mailbox.o)
                0x00005684                rt_mbx_psh
 .text.rt_put_prio
                0x0000576c       0x50 C:/ProgramData/MATLAB/SupportPackages/R2022b/3P.instrset/cmsis.instrset/CMSIS/RTOS/RTX/LIB/GCC/libRTX_CM4.a(rt_list.o)
                0x0000576c                rt_put_prio
 .text.rt_get_first
                0x000057bc       0x28 C:/ProgramData/MATLAB/SupportPackages/R2022b/3P.instrset/cmsis.instrset/CMSIS/RTOS/RTX/LIB/GCC/libRTX_CM4.a(rt_list.o)
                0x000057bc                rt_get_first
 .text.rt_put_rdy_first
                0x000057e4       0x14 C:/ProgramData/MATLAB/SupportPackages/R2022b/3P.instrset/cmsis.instrset/CMSIS/RTOS/RTX/LIB/GCC/libRTX_CM4.a(rt_list.o)
                0x000057e4                rt_put_rdy_first
 .text.rt_resort_prio
                0x000057f8       0xac C:/ProgramData/MATLAB/SupportPackages/R2022b/3P.instrset/cmsis.instrset/CMSIS/RTOS/RTX/LIB/GCC/libRTX_CM4.a(rt_list.o)
                0x000057f8                rt_resort_prio
 .text.rt_put_dly
                0x000058a4       0x60 C:/ProgramData/MATLAB/SupportPackages/R2022b/3P.instrset/cmsis.instrset/CMSIS/RTOS/RTX/LIB/GCC/libRTX_CM4.a(rt_list.o)
                0x000058a4                rt_put_dly
 .text.rt_dec_dly
                0x00005904       0xbc C:/ProgramData/MATLAB/SupportPackages/R2022b/3P.instrset/cmsis.instrset/CMSIS/RTOS/RTX/LIB/GCC/libRTX_CM4.a(rt_list.o)
                0x00005904                rt_dec_dly
 .text.rt_rmv_list
                0x000059c0       0x2c C:/ProgramData/MATLAB/SupportPackages/R2022b/3P.instrset/cmsis.instrset/CMSIS/RTOS/RTX/LIB/GCC/libRTX_CM4.a(rt_list.o)
                0x000059c0                rt_rmv_list
 .text.rt_rmv_dly
                0x000059ec       0x30 C:/ProgramData/MATLAB/SupportPackages/R2022b/3P.instrset/cmsis.instrset/CMSIS/RTOS/RTX/LIB/GCC/libRTX_CM4.a(rt_list.o)
                0x000059ec                rt_rmv_dly
 .text.rt_psq_enq
                0x00005a1c       0x44 C:/ProgramData/MATLAB/SupportPackages/R2022b/3P.instrset/cmsis.instrset/CMSIS/RTOS/RTX/LIB/GCC/libRTX_CM4.a(rt_list.o)
                0x00005a1c                rt_psq_enq
 .text.rt_evt_wait
                0x00005a60       0x44 C:/ProgramData/MATLAB/SupportPackages/R2022b/3P.instrset/cmsis.instrset/CMSIS/RTOS/RTX/LIB/GCC/libRTX_CM4.a(rt_event.o)
                0x00005a60                rt_evt_wait
 .text.rt_evt_set
                0x00005aa4       0x58 C:/ProgramData/MATLAB/SupportPackages/R2022b/3P.instrset/cmsis.instrset/CMSIS/RTOS/RTX/LIB/GCC/libRTX_CM4.a(rt_event.o)
                0x00005aa4                rt_evt_set
 .text.rt_evt_clr
                0x00005afc       0x18 C:/ProgramData/MATLAB/SupportPackages/R2022b/3P.instrset/cmsis.instrset/CMSIS/RTOS/RTX/LIB/GCC/libRTX_CM4.a(rt_event.o)
                0x00005afc                rt_evt_clr
 .text.isr_evt_set
                0x00005b14       0x24 C:/ProgramData/MATLAB/SupportPackages/R2022b/3P.instrset/cmsis.instrset/CMSIS/RTOS/RTX/LIB/GCC/libRTX_CM4.a(rt_event.o)
                0x00005b14                isr_evt_set
 .text.rt_evt_psh
                0x00005b38       0x50 C:/ProgramData/MATLAB/SupportPackages/R2022b/3P.instrset/cmsis.instrset/CMSIS/RTOS/RTX/LIB/GCC/libRTX_CM4.a(rt_event.o)
                0x00005b38                rt_evt_psh
 .text.rt_psh_req
                0x00005b88       0x20 C:/ProgramData/MATLAB/SupportPackages/R2022b/3P.instrset/cmsis.instrset/CMSIS/RTOS/RTX/LIB/GCC/libRTX_CM4.a(rt_system.o)
                0x00005b88                rt_psh_req
 .text.rt_pop_req
                0x00005ba8       0x9c C:/ProgramData/MATLAB/SupportPackages/R2022b/3P.instrset/cmsis.instrset/CMSIS/RTOS/RTX/LIB/GCC/libRTX_CM4.a(rt_system.o)
                0x00005ba8                rt_pop_req
 .text.os_tick_init
                0x00005c44       0x40 C:/ProgramData/MATLAB/SupportPackages/R2022b/3P.instrset/cmsis.instrset/CMSIS/RTOS/RTX/LIB/GCC/libRTX_CM4.a(rt_system.o)
                0x00005c44                os_tick_init
 .text.os_tick_irqack
                0x00005c84        0x4 C:/ProgramData/MATLAB/SupportPackages/R2022b/3P.instrset/cmsis.instrset/CMSIS/RTOS/RTX/LIB/GCC/libRTX_CM4.a(rt_system.o)
                0x00005c84                os_tick_irqack
 .text.rt_systick
                0x00005c88       0x3c C:/ProgramData/MATLAB/SupportPackages/R2022b/3P.instrset/cmsis.instrset/CMSIS/RTOS/RTX/LIB/GCC/libRTX_CM4.a(rt_system.o)
                0x00005c88                rt_systick
 .text.rt_stk_check
                0x00005cc4       0x24 C:/ProgramData/MATLAB/SupportPackages/R2022b/3P.instrset/cmsis.instrset/CMSIS/RTOS/RTX/LIB/GCC/libRTX_CM4.a(rt_system.o)
                0x00005cc4                rt_stk_check
 .text.rt_switch_req
                0x00005ce8       0x24 C:/ProgramData/MATLAB/SupportPackages/R2022b/3P.instrset/cmsis.instrset/CMSIS/RTOS/RTX/LIB/GCC/libRTX_CM4.a(rt_task.o)
                0x00005ce8                rt_switch_req
 .text.rt_dispatch
                0x00005d0c       0x78 C:/ProgramData/MATLAB/SupportPackages/R2022b/3P.instrset/cmsis.instrset/CMSIS/RTOS/RTX/LIB/GCC/libRTX_CM4.a(rt_task.o)
                0x00005d0c                rt_dispatch
 .text.rt_block
                0x00005d84       0x50 C:/ProgramData/MATLAB/SupportPackages/R2022b/3P.instrset/cmsis.instrset/CMSIS/RTOS/RTX/LIB/GCC/libRTX_CM4.a(rt_task.o)
                0x00005d84                rt_block
 .text.rt_tsk_self
                0x00005dd4       0x10 C:/ProgramData/MATLAB/SupportPackages/R2022b/3P.instrset/cmsis.instrset/CMSIS/RTOS/RTX/LIB/GCC/libRTX_CM4.a(rt_task.o)
                0x00005dd4                rt_tsk_self
 .text.rt_tsk_prio
                0x00005de4       0xa0 C:/ProgramData/MATLAB/SupportPackages/R2022b/3P.instrset/cmsis.instrset/CMSIS/RTOS/RTX/LIB/GCC/libRTX_CM4.a(rt_task.o)
                0x00005de4                rt_tsk_prio
 .text.rt_tsk_create
                0x00005e84       0xc8 C:/ProgramData/MATLAB/SupportPackages/R2022b/3P.instrset/cmsis.instrset/CMSIS/RTOS/RTX/LIB/GCC/libRTX_CM4.a(rt_task.o)
                0x00005e84                rt_tsk_create
 .text.rt_tsk_delete
                0x00005f4c      0x1bc C:/ProgramData/MATLAB/SupportPackages/R2022b/3P.instrset/cmsis.instrset/CMSIS/RTOS/RTX/LIB/GCC/libRTX_CM4.a(rt_task.o)
                0x00005f4c                rt_tsk_delete
 .text.rt_sys_init
                0x00006108       0xdc C:/ProgramData/MATLAB/SupportPackages/R2022b/3P.instrset/cmsis.instrset/CMSIS/RTOS/RTX/LIB/GCC/libRTX_CM4.a(rt_task.o)
                0x00006108                rt_sys_init
 .text.rt_sys_start
                0x000061e4       0x8c C:/ProgramData/MATLAB/SupportPackages/R2022b/3P.instrset/cmsis.instrset/CMSIS/RTOS/RTX/LIB/GCC/libRTX_CM4.a(rt_task.o)
                0x000061e4                rt_sys_start
 .text.OSA_TimeInit
                0x00006270       0x40 C:/ProgramData/MATLAB/SupportPackages/R2022b/toolbox/target/supportpackages/freedomk64f/src/ksdk_armgcc_lib/bm/libksdk_platform.a(fsl_os_abstraction_bm.o)
                0x00006270                OSA_TimeInit
 .text.OSA_SemaPost
                0x000062b0       0x3c C:/ProgramData/MATLAB/SupportPackages/R2022b/toolbox/target/supportpackages/freedomk64f/src/ksdk_armgcc_lib/bm/libksdk_platform.a(fsl_os_abstraction_bm.o)
                0x000062b0                OSA_SemaPost
 .text.task_init
                0x000062ec       0x38 C:/ProgramData/MATLAB/SupportPackages/R2022b/toolbox/target/supportpackages/freedomk64f/src/ksdk_armgcc_lib/bm/libksdk_platform.a(fsl_os_abstraction_bm.o)
                0x000062ec                task_init
 .text.OSA_Init
                0x00006324        0xe C:/ProgramData/MATLAB/SupportPackages/R2022b/toolbox/target/supportpackages/freedomk64f/src/ksdk_armgcc_lib/bm/libksdk_platform.a(fsl_os_abstraction_bm.o)
                0x00006324                OSA_Init
 *fill*         0x00006332        0x2 
 .text.CLOCK_SYS_SetMcgPeeToFbe
                0x00006334       0x34 C:/ProgramData/MATLAB/SupportPackages/R2022b/toolbox/target/supportpackages/freedomk64f/src/ksdk_armgcc_lib/bm/libksdk_platform.a(fsl_clock_manager.o)
 .text.CLOCK_SYS_SetMcgMode
                0x00006368      0x124 C:/ProgramData/MATLAB/SupportPackages/R2022b/toolbox/target/supportpackages/freedomk64f/src/ksdk_armgcc_lib/bm/libksdk_platform.a(fsl_clock_manager.o)
                0x00006368                CLOCK_SYS_SetMcgMode
 .text.CLOCK_SYS_SetOscerConfigration
                0x0000648c       0x20 C:/ProgramData/MATLAB/SupportPackages/R2022b/toolbox/target/supportpackages/freedomk64f/src/ksdk_armgcc_lib/bm/libksdk_platform.a(fsl_clock_manager.o)
                0x0000648c                CLOCK_SYS_SetOscerConfigration
 .text.CLOCK_SYS_OscInit
                0x000064ac       0x98 C:/ProgramData/MATLAB/SupportPackages/R2022b/toolbox/target/supportpackages/freedomk64f/src/ksdk_armgcc_lib/bm/libksdk_platform.a(fsl_clock_manager.o)
                0x000064ac                CLOCK_SYS_OscInit
 .text.CLOCK_SYS_RtcOscInit
                0x00006544       0x6c C:/ProgramData/MATLAB/SupportPackages/R2022b/toolbox/target/supportpackages/freedomk64f/src/ksdk_armgcc_lib/bm/libksdk_platform.a(fsl_clock_manager.o)
                0x00006544                CLOCK_SYS_RtcOscInit
 .text.SIM_HAL_EnableClock.constprop.0
                0x000065b0       0x1c C:/ProgramData/MATLAB/SupportPackages/R2022b/toolbox/target/supportpackages/freedomk64f/src/ksdk_armgcc_lib/bm/libksdk_platform.a(fsl_clock_MK64F12.o)
 .text.CLOCK_SYS_GetCoreClockFreq
                0x000065cc       0x24 C:/ProgramData/MATLAB/SupportPackages/R2022b/toolbox/target/supportpackages/freedomk64f/src/ksdk_armgcc_lib/bm/libksdk_platform.a(fsl_clock_MK64F12.o)
                0x000065cc                CLOCK_SYS_GetCoreClockFreq
 .text.CLOCK_SYS_SetConfiguration
                0x000065f0       0x94 C:/ProgramData/MATLAB/SupportPackages/R2022b/toolbox/target/supportpackages/freedomk64f/src/ksdk_armgcc_lib/bm/libksdk_platform.a(fsl_clock_MK64F12.o)
                0x000065f0                CLOCK_SYS_SetConfiguration
 .text.CLOCK_SYS_FllStableDelay
                0x00006684       0x18 C:/ProgramData/MATLAB/SupportPackages/R2022b/toolbox/target/supportpackages/freedomk64f/src/ksdk_armgcc_lib/bm/libksdk_platform.a(fsl_clock_MK64F12.o)
 .text.CLOCK_SYS_GetBusClockFreq
                0x0000669c       0x24 C:/ProgramData/MATLAB/SupportPackages/R2022b/toolbox/target/supportpackages/freedomk64f/src/ksdk_armgcc_lib/bm/libksdk_platform.a(fsl_clock_MK64F12.o)
                0x0000669c                CLOCK_SYS_GetBusClockFreq
 .text.CLOCK_SYS_GetFtmExternalFreq
                0x000066c0       0x20 C:/ProgramData/MATLAB/SupportPackages/R2022b/toolbox/target/supportpackages/freedomk64f/src/ksdk_armgcc_lib/bm/libksdk_platform.a(fsl_clock_MK64F12.o)
                0x000066c0                CLOCK_SYS_GetFtmExternalFreq
 .text.CLOCK_SYS_EnablePortClock
                0x000066e0       0x30 C:/ProgramData/MATLAB/SupportPackages/R2022b/toolbox/target/supportpackages/freedomk64f/src/ksdk_armgcc_lib/bm/libksdk_platform.a(fsl_clock_MK64F12.o)
                0x000066e0                CLOCK_SYS_EnablePortClock
 .text.CLOCK_SYS_EnableFtmClock
                0x00006710       0x30 C:/ProgramData/MATLAB/SupportPackages/R2022b/toolbox/target/supportpackages/freedomk64f/src/ksdk_armgcc_lib/bm/libksdk_platform.a(fsl_clock_MK64F12.o)
                0x00006710                CLOCK_SYS_EnableFtmClock
 .text.INT_SYS_EnableIRQGlobal
                0x00006740       0x14 C:/ProgramData/MATLAB/SupportPackages/R2022b/toolbox/target/supportpackages/freedomk64f/src/ksdk_armgcc_lib/bm/libksdk_platform.a(fsl_interrupt_manager.o)
                0x00006740                INT_SYS_EnableIRQGlobal
 .text.INT_SYS_DisableIRQGlobal
                0x00006754       0x10 C:/ProgramData/MATLAB/SupportPackages/R2022b/toolbox/target/supportpackages/freedomk64f/src/ksdk_armgcc_lib/bm/libksdk_platform.a(fsl_interrupt_manager.o)
                0x00006754                INT_SYS_DisableIRQGlobal
 .text.EDMA_DRV_IRQHandler
                0x00006764       0x30 C:/ProgramData/MATLAB/SupportPackages/R2022b/toolbox/target/supportpackages/freedomk64f/src/ksdk_armgcc_lib/bm/libksdk_platform.a(fsl_edma_driver.o)
                0x00006764                EDMA_DRV_IRQHandler
 .text.EDMA_DRV_ErrorIRQHandler
                0x00006794       0x8c C:/ProgramData/MATLAB/SupportPackages/R2022b/toolbox/target/supportpackages/freedomk64f/src/ksdk_armgcc_lib/bm/libksdk_platform.a(fsl_edma_driver.o)
                0x00006794                EDMA_DRV_ErrorIRQHandler
 .text.FTM_HAL_SetClockSource
                0x00006820       0x12 C:/ProgramData/MATLAB/SupportPackages/R2022b/toolbox/target/supportpackages/freedomk64f/src/ksdk_armgcc_lib/bm/libksdk_platform.a(fsl_ftm_driver.o)
 *fill*         0x00006832        0x2 
 .text.FTM_HAL_SetChnCountVal.part.0
                0x00006834       0x1c C:/ProgramData/MATLAB/SupportPackages/R2022b/toolbox/target/supportpackages/freedomk64f/src/ksdk_armgcc_lib/bm/libksdk_platform.a(fsl_ftm_driver.o)
 .text.FTM_DRV_Init
                0x00006850      0x10c C:/ProgramData/MATLAB/SupportPackages/R2022b/toolbox/target/supportpackages/freedomk64f/src/ksdk_armgcc_lib/bm/libksdk_platform.a(fsl_ftm_driver.o)
                0x00006850                FTM_DRV_Init
 .text.FTM_DRV_SetClock
                0x0000695c       0x54 C:/ProgramData/MATLAB/SupportPackages/R2022b/toolbox/target/supportpackages/freedomk64f/src/ksdk_armgcc_lib/bm/libksdk_platform.a(fsl_ftm_driver.o)
                0x0000695c                FTM_DRV_SetClock
 .text.FTM_DRV_GetClock
                0x000069b0       0x68 C:/ProgramData/MATLAB/SupportPackages/R2022b/toolbox/target/supportpackages/freedomk64f/src/ksdk_armgcc_lib/bm/libksdk_platform.a(fsl_ftm_driver.o)
                0x000069b0                FTM_DRV_GetClock
 .text.FTM_DRV_PwmStart
                0x00006a18      0x1cc C:/ProgramData/MATLAB/SupportPackages/R2022b/toolbox/target/supportpackages/freedomk64f/src/ksdk_armgcc_lib/bm/libksdk_platform.a(fsl_ftm_driver.o)
                0x00006a18                FTM_DRV_PwmStart
 .text.PORT_HAL_SetMuxMode.part.0
                0x00006be4       0x1c C:/ProgramData/MATLAB/SupportPackages/R2022b/toolbox/target/supportpackages/freedomk64f/src/ksdk_armgcc_lib/bm/libksdk_platform.a(fsl_gpio_driver.o)
 .text.GPIO_DRV_InputPinInit
                0x00006c00       0xe4 C:/ProgramData/MATLAB/SupportPackages/R2022b/toolbox/target/supportpackages/freedomk64f/src/ksdk_armgcc_lib/bm/libksdk_platform.a(fsl_gpio_driver.o)
                0x00006c00                GPIO_DRV_InputPinInit
 .text.GPIO_DRV_OutputPinInit
                0x00006ce4       0x78 C:/ProgramData/MATLAB/SupportPackages/R2022b/toolbox/target/supportpackages/freedomk64f/src/ksdk_armgcc_lib/bm/libksdk_platform.a(fsl_gpio_driver.o)
                0x00006ce4                GPIO_DRV_OutputPinInit
 .text.GPIO_DRV_WritePinOutput
                0x00006d5c       0x1c C:/ProgramData/MATLAB/SupportPackages/R2022b/toolbox/target/supportpackages/freedomk64f/src/ksdk_armgcc_lib/bm/libksdk_platform.a(fsl_gpio_driver.o)
                0x00006d5c                GPIO_DRV_WritePinOutput
 .text.GPIO_DRV_ReadPinInput
                0x00006d78       0x3c C:/ProgramData/MATLAB/SupportPackages/R2022b/toolbox/target/supportpackages/freedomk64f/src/ksdk_armgcc_lib/bm/libksdk_platform.a(fsl_gpio_driver.o)
                0x00006d78                GPIO_DRV_ReadPinInput
 .text.LPTMR_HAL_SetTimerWorkingMode
                0x00006db4       0x3c C:/ProgramData/MATLAB/SupportPackages/R2022b/toolbox/target/supportpackages/freedomk64f/src/ksdk_armgcc_lib/bm/libksdk_platform.a(fsl_lptmr_hal.o)
                0x00006db4                LPTMR_HAL_SetTimerWorkingMode
 .text.LPTMR_HAL_SetPrescalerMode
                0x00006df0       0x1c C:/ProgramData/MATLAB/SupportPackages/R2022b/toolbox/target/supportpackages/freedomk64f/src/ksdk_armgcc_lib/bm/libksdk_platform.a(fsl_lptmr_hal.o)
                0x00006df0                LPTMR_HAL_SetPrescalerMode
 .text.CLOCK_HAL_TestOscFreq
                0x00006e0c       0x28 C:/ProgramData/MATLAB/SupportPackages/R2022b/toolbox/target/supportpackages/freedomk64f/src/ksdk_armgcc_lib/bm/libksdk_platform.a(fsl_mcg_hal.o)
                0x00006e0c                CLOCK_HAL_TestOscFreq
 .text.CLOCK_HAL_GetMcgExternalClkFreq
                0x00006e34        0xa C:/ProgramData/MATLAB/SupportPackages/R2022b/toolbox/target/supportpackages/freedomk64f/src/ksdk_armgcc_lib/bm/libksdk_platform.a(fsl_mcg_hal.o)
 .text.CLOCK_HAL_TestFllExternalRefFreq
                0x00006e3e       0x2c C:/ProgramData/MATLAB/SupportPackages/R2022b/toolbox/target/supportpackages/freedomk64f/src/ksdk_armgcc_lib/bm/libksdk_platform.a(fsl_mcg_hal.o)
                0x00006e3e                CLOCK_HAL_TestFllExternalRefFreq
 *fill*         0x00006e6a        0x2 
 .text.CLOCK_HAL_GetFllRefClk
                0x00006e6c       0x40 C:/ProgramData/MATLAB/SupportPackages/R2022b/toolbox/target/supportpackages/freedomk64f/src/ksdk_armgcc_lib/bm/libksdk_platform.a(fsl_mcg_hal.o)
                0x00006e6c                CLOCK_HAL_GetFllRefClk
 .text.CLOCK_HAL_TestFllFreq
                0x00006eac       0x34 C:/ProgramData/MATLAB/SupportPackages/R2022b/toolbox/target/supportpackages/freedomk64f/src/ksdk_armgcc_lib/bm/libksdk_platform.a(fsl_mcg_hal.o)
                0x00006eac                CLOCK_HAL_TestFllFreq
 .text.CLOCK_HAL_GetFllClk
                0x00006ee0       0x3c C:/ProgramData/MATLAB/SupportPackages/R2022b/toolbox/target/supportpackages/freedomk64f/src/ksdk_armgcc_lib/bm/libksdk_platform.a(fsl_mcg_hal.o)
                0x00006ee0                CLOCK_HAL_GetFllClk
 .text.CLOCK_HAL_UpdateFastClkInternalRefDiv
                0x00006f1c       0x58 C:/ProgramData/MATLAB/SupportPackages/R2022b/toolbox/target/supportpackages/freedomk64f/src/ksdk_armgcc_lib/bm/libksdk_platform.a(fsl_mcg_hal.o)
                0x00006f1c                CLOCK_HAL_UpdateFastClkInternalRefDiv
 .text.CLOCK_HAL_GetPll0Clk
                0x00006f74       0x48 C:/ProgramData/MATLAB/SupportPackages/R2022b/toolbox/target/supportpackages/freedomk64f/src/ksdk_armgcc_lib/bm/libksdk_platform.a(fsl_mcg_hal.o)
                0x00006f74                CLOCK_HAL_GetPll0Clk
 .text.CLOCK_HAL_EnablePll0InFllMode
                0x00006fbc       0x38 C:/ProgramData/MATLAB/SupportPackages/R2022b/toolbox/target/supportpackages/freedomk64f/src/ksdk_armgcc_lib/bm/libksdk_platform.a(fsl_mcg_hal.o)
                0x00006fbc                CLOCK_HAL_EnablePll0InFllMode
 .text.CLOCK_HAL_GetInternalRefClk
                0x00006ff4       0x40 C:/ProgramData/MATLAB/SupportPackages/R2022b/toolbox/target/supportpackages/freedomk64f/src/ksdk_armgcc_lib/bm/libksdk_platform.a(fsl_mcg_hal.o)
                0x00006ff4                CLOCK_HAL_GetInternalRefClk
 .text.CLOCK_HAL_GetOutClk
                0x00007034       0x22 C:/ProgramData/MATLAB/SupportPackages/R2022b/toolbox/target/supportpackages/freedomk64f/src/ksdk_armgcc_lib/bm/libksdk_platform.a(fsl_mcg_hal.o)
                0x00007034                CLOCK_HAL_GetOutClk
 .text.CLOCK_HAL_GetFixedFreqClk
                0x00007056       0x20 C:/ProgramData/MATLAB/SupportPackages/R2022b/toolbox/target/supportpackages/freedomk64f/src/ksdk_armgcc_lib/bm/libksdk_platform.a(fsl_mcg_hal.o)
                0x00007056                CLOCK_HAL_GetFixedFreqClk
 .text.CLOCK_HAL_SetOsc0Mode
                0x00007076       0x24 C:/ProgramData/MATLAB/SupportPackages/R2022b/toolbox/target/supportpackages/freedomk64f/src/ksdk_armgcc_lib/bm/libksdk_platform.a(fsl_mcg_hal.o)
                0x00007076                CLOCK_HAL_SetOsc0Mode
 *fill*         0x0000709a        0x2 
 .text.CLOCK_HAL_PrepareOsc
                0x0000709c       0x30 C:/ProgramData/MATLAB/SupportPackages/R2022b/toolbox/target/supportpackages/freedomk64f/src/ksdk_armgcc_lib/bm/libksdk_platform.a(fsl_mcg_hal_modes.o)
 .text.CLOCK_HAL_GetMcgMode
                0x000070cc       0x7c C:/ProgramData/MATLAB/SupportPackages/R2022b/toolbox/target/supportpackages/freedomk64f/src/ksdk_armgcc_lib/bm/libksdk_platform.a(fsl_mcg_hal_modes.o)
                0x000070cc                CLOCK_HAL_GetMcgMode
 .text.CLOCK_HAL_SetFbiMode
                0x00007148       0xc0 C:/ProgramData/MATLAB/SupportPackages/R2022b/toolbox/target/supportpackages/freedomk64f/src/ksdk_armgcc_lib/bm/libksdk_platform.a(fsl_mcg_hal_modes.o)
                0x00007148                CLOCK_HAL_SetFbiMode
 .text.CLOCK_HAL_SetFbeMode
                0x00007208       0xf0 C:/ProgramData/MATLAB/SupportPackages/R2022b/toolbox/target/supportpackages/freedomk64f/src/ksdk_armgcc_lib/bm/libksdk_platform.a(fsl_mcg_hal_modes.o)
                0x00007208                CLOCK_HAL_SetFbeMode
 .text.CLOCK_HAL_SetPbeMode
                0x000072f8       0xd8 C:/ProgramData/MATLAB/SupportPackages/R2022b/toolbox/target/supportpackages/freedomk64f/src/ksdk_armgcc_lib/bm/libksdk_platform.a(fsl_mcg_hal_modes.o)
                0x000072f8                CLOCK_HAL_SetPbeMode
 .text.OSC_HAL_SetCapacitor
                0x000073d0        0xe C:/ProgramData/MATLAB/SupportPackages/R2022b/toolbox/target/supportpackages/freedomk64f/src/ksdk_armgcc_lib/bm/libksdk_platform.a(fsl_osc_hal.o)
                0x000073d0                OSC_HAL_SetCapacitor
 .text.CLOCK_HAL_SetOutDiv
                0x000073de       0x28 C:/ProgramData/MATLAB/SupportPackages/R2022b/toolbox/target/supportpackages/freedomk64f/src/ksdk_armgcc_lib/bm/libksdk_platform.a(fsl_sim_hal_MK64F12.o)
                0x000073de                CLOCK_HAL_SetOutDiv
 *fill*         0x00007406        0x2 
 .text.SIM_HAL_GetFtmExternalClkPinMode
                0x00007408       0x70 C:/ProgramData/MATLAB/SupportPackages/R2022b/toolbox/target/supportpackages/freedomk64f/src/ksdk_armgcc_lib/bm/libksdk_platform.a(fsl_sim_hal_MK64F12.o)
                0x00007408                SIM_HAL_GetFtmExternalClkPinMode
 .text.UART_DRV_CompleteSendData
                0x00007478       0x54 C:/ProgramData/MATLAB/SupportPackages/R2022b/toolbox/target/supportpackages/freedomk64f/src/ksdk_armgcc_lib/bm/libksdk_platform.a(fsl_uart_driver.o)
 .text.UART_DRV_CompleteReceiveData
                0x000074cc       0x5c C:/ProgramData/MATLAB/SupportPackages/R2022b/toolbox/target/supportpackages/freedomk64f/src/ksdk_armgcc_lib/bm/libksdk_platform.a(fsl_uart_driver.o)
 .text.UART_DRV_IRQHandler
                0x00007528       0xdc C:/ProgramData/MATLAB/SupportPackages/R2022b/toolbox/target/supportpackages/freedomk64f/src/ksdk_armgcc_lib/bm/libksdk_platform.a(fsl_uart_driver.o)
                0x00007528                UART_DRV_IRQHandler
 .text.EDMA_HAL_SetDmaRequestCmd
                0x00007604        0xa C:/ProgramData/MATLAB/SupportPackages/R2022b/toolbox/target/supportpackages/freedomk64f/src/ksdk_armgcc_lib/bm/libksdk_platform.a(fsl_edma_hal.o)
                0x00007604                EDMA_HAL_SetDmaRequestCmd
 *fill*         0x0000760e        0x2 
 .text.FTM_HAL_SetChnEdgeLevel.part.0
                0x00007610       0x1c C:/ProgramData/MATLAB/SupportPackages/R2022b/toolbox/target/supportpackages/freedomk64f/src/ksdk_armgcc_lib/bm/libksdk_platform.a(fsl_ftm_hal.o)
 .text.FTM_HAL_Init
                0x0000762c       0x3c C:/ProgramData/MATLAB/SupportPackages/R2022b/toolbox/target/supportpackages/freedomk64f/src/ksdk_armgcc_lib/bm/libksdk_platform.a(fsl_ftm_hal.o)
                0x0000762c                FTM_HAL_Init
 .text.FTM_HAL_SetSyncMode
                0x00007668       0x98 C:/ProgramData/MATLAB/SupportPackages/R2022b/toolbox/target/supportpackages/freedomk64f/src/ksdk_armgcc_lib/bm/libksdk_platform.a(fsl_ftm_hal.o)
                0x00007668                FTM_HAL_SetSyncMode
 .text.FTM_HAL_Reset
                0x00007700       0x3e C:/ProgramData/MATLAB/SupportPackages/R2022b/toolbox/target/supportpackages/freedomk64f/src/ksdk_armgcc_lib/bm/libksdk_platform.a(fsl_ftm_hal.o)
                0x00007700                FTM_HAL_Reset
 .text.FTM_HAL_GetChnPairIndex
                0x0000773e       0x1e C:/ProgramData/MATLAB/SupportPackages/R2022b/toolbox/target/supportpackages/freedomk64f/src/ksdk_armgcc_lib/bm/libksdk_platform.a(fsl_ftm_hal.o)
                0x0000773e                FTM_HAL_GetChnPairIndex
 .text.FTM_HAL_EnablePwmMode
                0x0000775c       0xd8 C:/ProgramData/MATLAB/SupportPackages/R2022b/toolbox/target/supportpackages/freedomk64f/src/ksdk_armgcc_lib/bm/libksdk_platform.a(fsl_ftm_hal.o)
                0x0000775c                FTM_HAL_EnablePwmMode
 .text.GPIO_HAL_SetPinDir
                0x00007834       0x34 C:/ProgramData/MATLAB/SupportPackages/R2022b/toolbox/target/supportpackages/freedomk64f/src/ksdk_armgcc_lib/bm/libksdk_platform.a(fsl_gpio_hal.o)
                0x00007834                GPIO_HAL_SetPinDir
 .text.GPIO_HAL_WritePinOutput
                0x00007868       0x30 C:/ProgramData/MATLAB/SupportPackages/R2022b/toolbox/target/supportpackages/freedomk64f/src/ksdk_armgcc_lib/bm/libksdk_platform.a(fsl_gpio_hal.o)
                0x00007868                GPIO_HAL_WritePinOutput
 .text.UART_HAL_Putchar
                0x00007898        0x6 C:/ProgramData/MATLAB/SupportPackages/R2022b/toolbox/target/supportpackages/freedomk64f/src/ksdk_armgcc_lib/bm/libksdk_platform.a(fsl_uart_hal.o)
                0x00007898                UART_HAL_Putchar
 .text.UART_HAL_Getchar
                0x0000789e        0x8 C:/ProgramData/MATLAB/SupportPackages/R2022b/toolbox/target/supportpackages/freedomk64f/src/ksdk_armgcc_lib/bm/libksdk_platform.a(fsl_uart_hal.o)
                0x0000789e                UART_HAL_Getchar
 .text.UART_HAL_SetIntMode
                0x000078a6       0x66 C:/ProgramData/MATLAB/SupportPackages/R2022b/toolbox/target/supportpackages/freedomk64f/src/ksdk_armgcc_lib/bm/libksdk_platform.a(fsl_uart_hal.o)
                0x000078a6                UART_HAL_SetIntMode
 .text.UART_HAL_GetStatusFlag
                0x0000790c       0x30 C:/ProgramData/MATLAB/SupportPackages/R2022b/toolbox/target/supportpackages/freedomk64f/src/ksdk_armgcc_lib/bm/libksdk_platform.a(fsl_uart_hal.o)
                0x0000790c                UART_HAL_GetStatusFlag
 .text.UART_HAL_ClearStatusFlag
                0x0000793c       0x7a C:/ProgramData/MATLAB/SupportPackages/R2022b/toolbox/target/supportpackages/freedomk64f/src/ksdk_armgcc_lib/bm/libksdk_platform.a(fsl_uart_hal.o)
                0x0000793c                UART_HAL_ClearStatusFlag
 *fill*         0x000079b6        0x2 
 .text.ceil     0x000079b8      0x100 c:/progra~3/matlab/supportpackages/r2022b/3p.instrset/gnuarm-armcortex.instrset/win/bin/../lib/gcc/arm-none-eabi/9.3.1/../../../../arm-none-eabi/lib/thumb/v7e-m+fp/hard\libm.a(lib_a-s_ceil.o)
                0x000079b8                ceil
 .text.fabs     0x00007ab8       0x14 c:/progra~3/matlab/supportpackages/r2022b/3p.instrset/gnuarm-armcortex.instrset/win/bin/../lib/gcc/arm-none-eabi/9.3.1/../../../../arm-none-eabi/lib/thumb/v7e-m+fp/hard\libm.a(lib_a-s_fabs.o)
                0x00007ab8                fabs
 *fill*         0x00007acc        0x4 
 .text.floor    0x00007ad0      0x108 c:/progra~3/matlab/supportpackages/r2022b/3p.instrset/gnuarm-armcortex.instrset/win/bin/../lib/gcc/arm-none-eabi/9.3.1/../../../../arm-none-eabi/lib/thumb/v7e-m+fp/hard\libm.a(lib_a-s_floor.o)
                0x00007ad0                floor
 .text.ldexp    0x00007bd8       0x74 c:/progra~3/matlab/supportpackages/r2022b/3p.instrset/gnuarm-armcortex.instrset/win/bin/../lib/gcc/arm-none-eabi/9.3.1/../../../../arm-none-eabi/lib/thumb/v7e-m+fp/hard\libm.a(lib_a-s_ldexp.o)
                0x00007bd8                ldexp
 *fill*         0x00007c4c        0x4 
 .text.scalbn   0x00007c50      0x124 c:/progra~3/matlab/supportpackages/r2022b/3p.instrset/gnuarm-armcortex.instrset/win/bin/../lib/gcc/arm-none-eabi/9.3.1/../../../../arm-none-eabi/lib/thumb/v7e-m+fp/hard\libm.a(lib_a-s_scalbn.o)
                0x00007c50                scalbn
 .text.finite   0x00007d74       0x18 c:/progra~3/matlab/supportpackages/r2022b/3p.instrset/gnuarm-armcortex.instrset/win/bin/../lib/gcc/arm-none-eabi/9.3.1/../../../../arm-none-eabi/lib/thumb/v7e-m+fp/hard\libm.a(lib_a-s_finite.o)
                0x00007d74                finite
 .text.abort    0x00007d8c       0x10 c:/progra~3/matlab/supportpackages/r2022b/3p.instrset/gnuarm-armcortex.instrset/win/bin/../lib/gcc/arm-none-eabi/9.3.1/../../../../arm-none-eabi/lib/thumb/v7e-m+fp/hard\libg.a(lib_a-abort.o)
                0x00007d8c                abort
 .text.__assert_func
                0x00007d9c       0x3c c:/progra~3/matlab/supportpackages/r2022b/3p.instrset/gnuarm-armcortex.instrset/win/bin/../lib/gcc/arm-none-eabi/9.3.1/../../../../arm-none-eabi/lib/thumb/v7e-m+fp/hard\libg.a(lib_a-assert.o)
                0x00007d9c                __assert_func
 .text.atexit   0x00007dd8        0xc c:/progra~3/matlab/supportpackages/r2022b/3p.instrset/gnuarm-armcortex.instrset/win/bin/../lib/gcc/arm-none-eabi/9.3.1/../../../../arm-none-eabi/lib/thumb/v7e-m+fp/hard\libg.a(lib_a-atexit.o)
                0x00007dd8                atexit
 .text.__errno  0x00007de4        0xc c:/progra~3/matlab/supportpackages/r2022b/3p.instrset/gnuarm-armcortex.instrset/win/bin/../lib/gcc/arm-none-eabi/9.3.1/../../../../arm-none-eabi/lib/thumb/v7e-m+fp/hard\libg.a(lib_a-errno.o)
                0x00007de4                __errno
 .text.exit     0x00007df0       0x20 c:/progra~3/matlab/supportpackages/r2022b/3p.instrset/gnuarm-armcortex.instrset/win/bin/../lib/gcc/arm-none-eabi/9.3.1/../../../../arm-none-eabi/lib/thumb/v7e-m+fp/hard\libg.a(lib_a-exit.o)
                0x00007df0                exit
 .text.__libc_fini_array
                0x00007e10       0x2c c:/progra~3/matlab/supportpackages/r2022b/3p.instrset/gnuarm-armcortex.instrset/win/bin/../lib/gcc/arm-none-eabi/9.3.1/../../../../arm-none-eabi/lib/thumb/v7e-m+fp/hard\libg.a(lib_a-fini.o)
                0x00007e10                __libc_fini_array
 .text.fiprintf
                0x00007e3c       0x28 c:/progra~3/matlab/supportpackages/r2022b/3p.instrset/gnuarm-armcortex.instrset/win/bin/../lib/gcc/arm-none-eabi/9.3.1/../../../../arm-none-eabi/lib/thumb/v7e-m+fp/hard\libg.a(lib_a-fiprintf.o)
                0x00007e3c                fiprintf
 .text.__libc_init_array
                0x00007e64       0x48 c:/progra~3/matlab/supportpackages/r2022b/3p.instrset/gnuarm-armcortex.instrset/win/bin/../lib/gcc/arm-none-eabi/9.3.1/../../../../arm-none-eabi/lib/thumb/v7e-m+fp/hard\libg.a(lib_a-init.o)
                0x00007e64                __libc_init_array
 .text._malloc_r
                0x00007eac      0x574 c:/progra~3/matlab/supportpackages/r2022b/3p.instrset/gnuarm-armcortex.instrset/win/bin/../lib/gcc/arm-none-eabi/9.3.1/../../../../arm-none-eabi/lib/thumb/v7e-m+fp/hard\libg.a(lib_a-mallocr.o)
                0x00007eac                _malloc_r
 .text.memset   0x00008420       0xa0 c:/progra~3/matlab/supportpackages/r2022b/3p.instrset/gnuarm-armcortex.instrset/win/bin/../lib/gcc/arm-none-eabi/9.3.1/../../../../arm-none-eabi/lib/thumb/v7e-m+fp/hard\libg.a(lib_a-memset.o)
                0x00008420                memset
 .text.__malloc_lock
                0x000084c0        0xc c:/progra~3/matlab/supportpackages/r2022b/3p.instrset/gnuarm-armcortex.instrset/win/bin/../lib/gcc/arm-none-eabi/9.3.1/../../../../arm-none-eabi/lib/thumb/v7e-m+fp/hard\libg.a(lib_a-mlock.o)
                0x000084c0                __malloc_lock
 .text.__malloc_unlock
                0x000084cc        0xc c:/progra~3/matlab/supportpackages/r2022b/3p.instrset/gnuarm-armcortex.instrset/win/bin/../lib/gcc/arm-none-eabi/9.3.1/../../../../arm-none-eabi/lib/thumb/v7e-m+fp/hard\libg.a(lib_a-mlock.o)
                0x000084cc                __malloc_unlock
 .text._sbrk_r  0x000084d8       0x24 c:/progra~3/matlab/supportpackages/r2022b/3p.instrset/gnuarm-armcortex.instrset/win/bin/../lib/gcc/arm-none-eabi/9.3.1/../../../../arm-none-eabi/lib/thumb/v7e-m+fp/hard\libg.a(lib_a-sbrkr.o)
                0x000084d8                _sbrk_r
 .text._raise_r
                0x000084fc       0x58 c:/progra~3/matlab/supportpackages/r2022b/3p.instrset/gnuarm-armcortex.instrset/win/bin/../lib/gcc/arm-none-eabi/9.3.1/../../../../arm-none-eabi/lib/thumb/v7e-m+fp/hard\libg.a(lib_a-signal.o)
                0x000084fc                _raise_r
 .text.raise    0x00008554       0x10 c:/progra~3/matlab/supportpackages/r2022b/3p.instrset/gnuarm-armcortex.instrset/win/bin/../lib/gcc/arm-none-eabi/9.3.1/../../../../arm-none-eabi/lib/thumb/v7e-m+fp/hard\libg.a(lib_a-signal.o)
                0x00008554                raise
 .text._kill_r  0x00008564       0x2c c:/progra~3/matlab/supportpackages/r2022b/3p.instrset/gnuarm-armcortex.instrset/win/bin/../lib/gcc/arm-none-eabi/9.3.1/../../../../arm-none-eabi/lib/thumb/v7e-m+fp/hard\libg.a(lib_a-signalr.o)
                0x00008564                _kill_r
 .text._getpid_r
                0x00008590        0x4 c:/progra~3/matlab/supportpackages/r2022b/3p.instrset/gnuarm-armcortex.instrset/win/bin/../lib/gcc/arm-none-eabi/9.3.1/../../../../arm-none-eabi/lib/thumb/v7e-m+fp/hard\libg.a(lib_a-signalr.o)
                0x00008590                _getpid_r
 .text.__sprint_r.part.0
                0x00008594       0x78 c:/progra~3/matlab/supportpackages/r2022b/3p.instrset/gnuarm-armcortex.instrset/win/bin/../lib/gcc/arm-none-eabi/9.3.1/../../../../arm-none-eabi/lib/thumb/v7e-m+fp/hard\libg.a(lib_a-vfiprintf.o)
 .text._vfiprintf_r
                0x0000860c      0xd4c c:/progra~3/matlab/supportpackages/r2022b/3p.instrset/gnuarm-armcortex.instrset/win/bin/../lib/gcc/arm-none-eabi/9.3.1/../../../../arm-none-eabi/lib/thumb/v7e-m+fp/hard\libg.a(lib_a-vfiprintf.o)
                0x0000860c                _vfiprintf_r
 .text.__sbprintf
                0x00009358       0x84 c:/progra~3/matlab/supportpackages/r2022b/3p.instrset/gnuarm-armcortex.instrset/win/bin/../lib/gcc/arm-none-eabi/9.3.1/../../../../arm-none-eabi/lib/thumb/v7e-m+fp/hard\libg.a(lib_a-vfiprintf.o)
 .text.__swsetup_r
                0x000093dc       0xd0 c:/progra~3/matlab/supportpackages/r2022b/3p.instrset/gnuarm-armcortex.instrset/win/bin/../lib/gcc/arm-none-eabi/9.3.1/../../../../arm-none-eabi/lib/thumb/v7e-m+fp/hard\libg.a(lib_a-wsetup.o)
                0x000093dc                __swsetup_r
 .text.__register_exitproc
                0x000094ac       0x8c c:/progra~3/matlab/supportpackages/r2022b/3p.instrset/gnuarm-armcortex.instrset/win/bin/../lib/gcc/arm-none-eabi/9.3.1/../../../../arm-none-eabi/lib/thumb/v7e-m+fp/hard\libg.a(lib_a-__atexit.o)
                0x000094ac                __register_exitproc
 .text.startup.register_fini
                0x00009538       0x14 c:/progra~3/matlab/supportpackages/r2022b/3p.instrset/gnuarm-armcortex.instrset/win/bin/../lib/gcc/arm-none-eabi/9.3.1/../../../../arm-none-eabi/lib/thumb/v7e-m+fp/hard\libg.a(lib_a-__call_atexit.o)
 .text.__call_exitprocs
                0x0000954c       0xcc c:/progra~3/matlab/supportpackages/r2022b/3p.instrset/gnuarm-armcortex.instrset/win/bin/../lib/gcc/arm-none-eabi/9.3.1/../../../../arm-none-eabi/lib/thumb/v7e-m+fp/hard\libg.a(lib_a-__call_atexit.o)
                0x0000954c                __call_exitprocs
 .text.__sflush_r
                0x00009618      0x130 c:/progra~3/matlab/supportpackages/r2022b/3p.instrset/gnuarm-armcortex.instrset/win/bin/../lib/gcc/arm-none-eabi/9.3.1/../../../../arm-none-eabi/lib/thumb/v7e-m+fp/hard\libg.a(lib_a-fflush.o)
                0x00009618                __sflush_r
 .text._fflush_r
                0x00009748       0x5c c:/progra~3/matlab/supportpackages/r2022b/3p.instrset/gnuarm-armcortex.instrset/win/bin/../lib/gcc/arm-none-eabi/9.3.1/../../../../arm-none-eabi/lib/thumb/v7e-m+fp/hard\libg.a(lib_a-fflush.o)
                0x00009748                _fflush_r
 .text.std      0x000097a4       0x50 c:/progra~3/matlab/supportpackages/r2022b/3p.instrset/gnuarm-armcortex.instrset/win/bin/../lib/gcc/arm-none-eabi/9.3.1/../../../../arm-none-eabi/lib/thumb/v7e-m+fp/hard\libg.a(lib_a-findfp.o)
 .text._cleanup_r
                0x000097f4        0xc c:/progra~3/matlab/supportpackages/r2022b/3p.instrset/gnuarm-armcortex.instrset/win/bin/../lib/gcc/arm-none-eabi/9.3.1/../../../../arm-none-eabi/lib/thumb/v7e-m+fp/hard\libg.a(lib_a-findfp.o)
                0x000097f4                _cleanup_r
 .text.__sinit  0x00009800       0x54 c:/progra~3/matlab/supportpackages/r2022b/3p.instrset/gnuarm-armcortex.instrset/win/bin/../lib/gcc/arm-none-eabi/9.3.1/../../../../arm-none-eabi/lib/thumb/v7e-m+fp/hard\libg.a(lib_a-findfp.o)
                0x00009800                __sinit
 .text.__sfp_lock_acquire
                0x00009854        0xc c:/progra~3/matlab/supportpackages/r2022b/3p.instrset/gnuarm-armcortex.instrset/win/bin/../lib/gcc/arm-none-eabi/9.3.1/../../../../arm-none-eabi/lib/thumb/v7e-m+fp/hard\libg.a(lib_a-findfp.o)
                0x00009854                __sfp_lock_acquire
 .text.__sfp_lock_release
                0x00009860        0xc c:/progra~3/matlab/supportpackages/r2022b/3p.instrset/gnuarm-armcortex.instrset/win/bin/../lib/gcc/arm-none-eabi/9.3.1/../../../../arm-none-eabi/lib/thumb/v7e-m+fp/hard\libg.a(lib_a-findfp.o)
                0x00009860                __sfp_lock_release
 .text.__fputwc
                0x0000986c       0xa8 c:/progra~3/matlab/supportpackages/r2022b/3p.instrset/gnuarm-armcortex.instrset/win/bin/../lib/gcc/arm-none-eabi/9.3.1/../../../../arm-none-eabi/lib/thumb/v7e-m+fp/hard\libg.a(lib_a-fputwc.o)
                0x0000986c                __fputwc
 .text._fputwc_r
                0x00009914       0x68 c:/progra~3/matlab/supportpackages/r2022b/3p.instrset/gnuarm-armcortex.instrset/win/bin/../lib/gcc/arm-none-eabi/9.3.1/../../../../arm-none-eabi/lib/thumb/v7e-m+fp/hard\libg.a(lib_a-fputwc.o)
                0x00009914                _fputwc_r
 .text._malloc_trim_r
                0x0000997c       0xa0 c:/progra~3/matlab/supportpackages/r2022b/3p.instrset/gnuarm-armcortex.instrset/win/bin/../lib/gcc/arm-none-eabi/9.3.1/../../../../arm-none-eabi/lib/thumb/v7e-m+fp/hard\libg.a(lib_a-freer.o)
                0x0000997c                _malloc_trim_r
 .text._free_r  0x00009a1c      0x208 c:/progra~3/matlab/supportpackages/r2022b/3p.instrset/gnuarm-armcortex.instrset/win/bin/../lib/gcc/arm-none-eabi/9.3.1/../../../../arm-none-eabi/lib/thumb/v7e-m+fp/hard\libg.a(lib_a-freer.o)
                0x00009a1c                _free_r
 .text.__sfvwrite_r
                0x00009c24      0x2e0 c:/progra~3/matlab/supportpackages/r2022b/3p.instrset/gnuarm-armcortex.instrset/win/bin/../lib/gcc/arm-none-eabi/9.3.1/../../../../arm-none-eabi/lib/thumb/v7e-m+fp/hard\libg.a(lib_a-fvwrite.o)
                0x00009c24                __sfvwrite_r
 .text._fwalk_reent
                0x00009f04       0x48 c:/progra~3/matlab/supportpackages/r2022b/3p.instrset/gnuarm-armcortex.instrset/win/bin/../lib/gcc/arm-none-eabi/9.3.1/../../../../arm-none-eabi/lib/thumb/v7e-m+fp/hard\libg.a(lib_a-fwalk.o)
                0x00009f04                _fwalk_reent
 .text.__locale_mb_cur_max
                0x00009f4c        0xc c:/progra~3/matlab/supportpackages/r2022b/3p.instrset/gnuarm-armcortex.instrset/win/bin/../lib/gcc/arm-none-eabi/9.3.1/../../../../arm-none-eabi/lib/thumb/v7e-m+fp/hard\libg.a(lib_a-locale.o)
                0x00009f4c                __locale_mb_cur_max
 .text._localeconv_r
                0x00009f58        0x8 c:/progra~3/matlab/supportpackages/r2022b/3p.instrset/gnuarm-armcortex.instrset/win/bin/../lib/gcc/arm-none-eabi/9.3.1/../../../../arm-none-eabi/lib/thumb/v7e-m+fp/hard\libg.a(lib_a-localeconv.o)
                0x00009f58                _localeconv_r
 .text.__retarget_lock_init_recursive
                0x00009f60        0x4 c:/progra~3/matlab/supportpackages/r2022b/3p.instrset/gnuarm-armcortex.instrset/win/bin/../lib/gcc/arm-none-eabi/9.3.1/../../../../arm-none-eabi/lib/thumb/v7e-m+fp/hard\libg.a(lib_a-lock.o)
                0x00009f60                __retarget_lock_init_recursive
 .text.__retarget_lock_close_recursive
                0x00009f64        0x4 c:/progra~3/matlab/supportpackages/r2022b/3p.instrset/gnuarm-armcortex.instrset/win/bin/../lib/gcc/arm-none-eabi/9.3.1/../../../../arm-none-eabi/lib/thumb/v7e-m+fp/hard\libg.a(lib_a-lock.o)
                0x00009f64                __retarget_lock_close_recursive
 .text.__retarget_lock_acquire_recursive
                0x00009f68        0x4 c:/progra~3/matlab/supportpackages/r2022b/3p.instrset/gnuarm-armcortex.instrset/win/bin/../lib/gcc/arm-none-eabi/9.3.1/../../../../arm-none-eabi/lib/thumb/v7e-m+fp/hard\libg.a(lib_a-lock.o)
                0x00009f68                __retarget_lock_acquire_recursive
 .text.__retarget_lock_release_recursive
                0x00009f6c        0x4 c:/progra~3/matlab/supportpackages/r2022b/3p.instrset/gnuarm-armcortex.instrset/win/bin/../lib/gcc/arm-none-eabi/9.3.1/../../../../arm-none-eabi/lib/thumb/v7e-m+fp/hard\libg.a(lib_a-lock.o)
                0x00009f6c                __retarget_lock_release_recursive
 .text.__swhatbuf_r
                0x00009f70       0x5c c:/progra~3/matlab/supportpackages/r2022b/3p.instrset/gnuarm-armcortex.instrset/win/bin/../lib/gcc/arm-none-eabi/9.3.1/../../../../arm-none-eabi/lib/thumb/v7e-m+fp/hard\libg.a(lib_a-makebuf.o)
                0x00009f70                __swhatbuf_r
 .text.__smakebuf_r
                0x00009fcc       0x98 c:/progra~3/matlab/supportpackages/r2022b/3p.instrset/gnuarm-armcortex.instrset/win/bin/../lib/gcc/arm-none-eabi/9.3.1/../../../../arm-none-eabi/lib/thumb/v7e-m+fp/hard\libg.a(lib_a-makebuf.o)
                0x00009fcc                __smakebuf_r
 .text.__ascii_mbtowc
                0x0000a064       0x2c c:/progra~3/matlab/supportpackages/r2022b/3p.instrset/gnuarm-armcortex.instrset/win/bin/../lib/gcc/arm-none-eabi/9.3.1/../../../../arm-none-eabi/lib/thumb/v7e-m+fp/hard\libg.a(lib_a-mbtowc_r.o)
                0x0000a064                __ascii_mbtowc
 .text.memmove  0x0000a090       0xd8 c:/progra~3/matlab/supportpackages/r2022b/3p.instrset/gnuarm-armcortex.instrset/win/bin/../lib/gcc/arm-none-eabi/9.3.1/../../../../arm-none-eabi/lib/thumb/v7e-m+fp/hard\libg.a(lib_a-memmove.o)
                0x0000a090                memmove
 .text._realloc_r
                0x0000a168      0x3e0 c:/progra~3/matlab/supportpackages/r2022b/3p.instrset/gnuarm-armcortex.instrset/win/bin/../lib/gcc/arm-none-eabi/9.3.1/../../../../arm-none-eabi/lib/thumb/v7e-m+fp/hard\libg.a(lib_a-reallocr.o)
                0x0000a168                _realloc_r
 .text.__sread  0x0000a548       0x24 c:/progra~3/matlab/supportpackages/r2022b/3p.instrset/gnuarm-armcortex.instrset/win/bin/../lib/gcc/arm-none-eabi/9.3.1/../../../../arm-none-eabi/lib/thumb/v7e-m+fp/hard\libg.a(lib_a-stdio.o)
                0x0000a548                __sread
 .text.__swrite
                0x0000a56c       0x40 c:/progra~3/matlab/supportpackages/r2022b/3p.instrset/gnuarm-armcortex.instrset/win/bin/../lib/gcc/arm-none-eabi/9.3.1/../../../../arm-none-eabi/lib/thumb/v7e-m+fp/hard\libg.a(lib_a-stdio.o)
                0x0000a56c                __swrite
 .text.__sseek  0x0000a5ac       0x20 c:/progra~3/matlab/supportpackages/r2022b/3p.instrset/gnuarm-armcortex.instrset/win/bin/../lib/gcc/arm-none-eabi/9.3.1/../../../../arm-none-eabi/lib/thumb/v7e-m+fp/hard\libg.a(lib_a-stdio.o)
                0x0000a5ac                __sseek
 .text.__sclose
                0x0000a5cc        0x8 c:/progra~3/matlab/supportpackages/r2022b/3p.instrset/gnuarm-armcortex.instrset/win/bin/../lib/gcc/arm-none-eabi/9.3.1/../../../../arm-none-eabi/lib/thumb/v7e-m+fp/hard\libg.a(lib_a-stdio.o)
                0x0000a5cc                __sclose
 .text.strncpy  0x0000a5d4       0x68 c:/progra~3/matlab/supportpackages/r2022b/3p.instrset/gnuarm-armcortex.instrset/win/bin/../lib/gcc/arm-none-eabi/9.3.1/../../../../arm-none-eabi/lib/thumb/v7e-m+fp/hard\libg.a(lib_a-strncpy.o)
                0x0000a5d4                strncpy
 .text.__swbuf_r
                0x0000a63c       0xb0 c:/progra~3/matlab/supportpackages/r2022b/3p.instrset/gnuarm-armcortex.instrset/win/bin/../lib/gcc/arm-none-eabi/9.3.1/../../../../arm-none-eabi/lib/thumb/v7e-m+fp/hard\libg.a(lib_a-wbuf.o)
                0x0000a63c                __swbuf_r
 .text._wcrtomb_r
                0x0000a6ec       0x3c c:/progra~3/matlab/supportpackages/r2022b/3p.instrset/gnuarm-armcortex.instrset/win/bin/../lib/gcc/arm-none-eabi/9.3.1/../../../../arm-none-eabi/lib/thumb/v7e-m+fp/hard\libg.a(lib_a-wcrtomb.o)
                0x0000a6ec                _wcrtomb_r
 .text.__ascii_wctomb
                0x0000a728       0x1c c:/progra~3/matlab/supportpackages/r2022b/3p.instrset/gnuarm-armcortex.instrset/win/bin/../lib/gcc/arm-none-eabi/9.3.1/../../../../arm-none-eabi/lib/thumb/v7e-m+fp/hard\libg.a(lib_a-wctomb_r.o)
                0x0000a728                __ascii_wctomb
 .text._write_r
                0x0000a744       0x2c c:/progra~3/matlab/supportpackages/r2022b/3p.instrset/gnuarm-armcortex.instrset/win/bin/../lib/gcc/arm-none-eabi/9.3.1/../../../../arm-none-eabi/lib/thumb/v7e-m+fp/hard\libg.a(lib_a-writer.o)
                0x0000a744                _write_r
 .text._close_r
                0x0000a770       0x24 c:/progra~3/matlab/supportpackages/r2022b/3p.instrset/gnuarm-armcortex.instrset/win/bin/../lib/gcc/arm-none-eabi/9.3.1/../../../../arm-none-eabi/lib/thumb/v7e-m+fp/hard\libg.a(lib_a-closer.o)
                0x0000a770                _close_r
 .text._fclose_r
                0x0000a794       0xcc c:/progra~3/matlab/supportpackages/r2022b/3p.instrset/gnuarm-armcortex.instrset/win/bin/../lib/gcc/arm-none-eabi/9.3.1/../../../../arm-none-eabi/lib/thumb/v7e-m+fp/hard\libg.a(lib_a-fclose.o)
                0x0000a794                _fclose_r
 .text._fstat_r
                0x0000a860       0x2c c:/progra~3/matlab/supportpackages/r2022b/3p.instrset/gnuarm-armcortex.instrset/win/bin/../lib/gcc/arm-none-eabi/9.3.1/../../../../arm-none-eabi/lib/thumb/v7e-m+fp/hard\libg.a(lib_a-fstatr.o)
                0x0000a860                _fstat_r
 .text._isatty_r
                0x0000a88c       0x24 c:/progra~3/matlab/supportpackages/r2022b/3p.instrset/gnuarm-armcortex.instrset/win/bin/../lib/gcc/arm-none-eabi/9.3.1/../../../../arm-none-eabi/lib/thumb/v7e-m+fp/hard\libg.a(lib_a-isattyr.o)
                0x0000a88c                _isatty_r
 .text._lseek_r
                0x0000a8b0       0x2c c:/progra~3/matlab/supportpackages/r2022b/3p.instrset/gnuarm-armcortex.instrset/win/bin/../lib/gcc/arm-none-eabi/9.3.1/../../../../arm-none-eabi/lib/thumb/v7e-m+fp/hard\libg.a(lib_a-lseekr.o)
                0x0000a8b0                _lseek_r
 .text._read_r  0x0000a8dc       0x2c c:/progra~3/matlab/supportpackages/r2022b/3p.instrset/gnuarm-armcortex.instrset/win/bin/../lib/gcc/arm-none-eabi/9.3.1/../../../../arm-none-eabi/lib/thumb/v7e-m+fp/hard\libg.a(lib_a-readr.o)
                0x0000a8dc                _read_r
 .text._close   0x0000a908       0x10 c:/progra~3/matlab/supportpackages/r2022b/3p.instrset/gnuarm-armcortex.instrset/win/bin/../lib/gcc/arm-none-eabi/9.3.1/../../../../arm-none-eabi/lib/thumb/v7e-m+fp/hard\libnosys.a(close.o)
                0x0000a908                _close
 .text._fstat   0x0000a918       0x10 c:/progra~3/matlab/supportpackages/r2022b/3p.instrset/gnuarm-armcortex.instrset/win/bin/../lib/gcc/arm-none-eabi/9.3.1/../../../../arm-none-eabi/lib/thumb/v7e-m+fp/hard\libnosys.a(fstat.o)
                0x0000a918                _fstat
 .text._getpid  0x0000a928       0x10 c:/progra~3/matlab/supportpackages/r2022b/3p.instrset/gnuarm-armcortex.instrset/win/bin/../lib/gcc/arm-none-eabi/9.3.1/../../../../arm-none-eabi/lib/thumb/v7e-m+fp/hard\libnosys.a(getpid.o)
                0x0000a928                _getpid
 .text._isatty  0x0000a938       0x10 c:/progra~3/matlab/supportpackages/r2022b/3p.instrset/gnuarm-armcortex.instrset/win/bin/../lib/gcc/arm-none-eabi/9.3.1/../../../../arm-none-eabi/lib/thumb/v7e-m+fp/hard\libnosys.a(isatty.o)
                0x0000a938                _isatty
 .text._kill    0x0000a948       0x10 c:/progra~3/matlab/supportpackages/r2022b/3p.instrset/gnuarm-armcortex.instrset/win/bin/../lib/gcc/arm-none-eabi/9.3.1/../../../../arm-none-eabi/lib/thumb/v7e-m+fp/hard\libnosys.a(kill.o)
                0x0000a948                _kill
 .text._lseek   0x0000a958       0x10 c:/progra~3/matlab/supportpackages/r2022b/3p.instrset/gnuarm-armcortex.instrset/win/bin/../lib/gcc/arm-none-eabi/9.3.1/../../../../arm-none-eabi/lib/thumb/v7e-m+fp/hard\libnosys.a(lseek.o)
                0x0000a958                _lseek
 .text._read    0x0000a968       0x10 c:/progra~3/matlab/supportpackages/r2022b/3p.instrset/gnuarm-armcortex.instrset/win/bin/../lib/gcc/arm-none-eabi/9.3.1/../../../../arm-none-eabi/lib/thumb/v7e-m+fp/hard\libnosys.a(read.o)
                0x0000a968                _read
 .text._write   0x0000a978       0x10 c:/progra~3/matlab/supportpackages/r2022b/3p.instrset/gnuarm-armcortex.instrset/win/bin/../lib/gcc/arm-none-eabi/9.3.1/../../../../arm-none-eabi/lib/thumb/v7e-m+fp/hard\libnosys.a(write.o)
                0x0000a978                _write
 .text._exit    0x0000a988        0x4 c:/progra~3/matlab/supportpackages/r2022b/3p.instrset/gnuarm-armcortex.instrset/win/bin/../lib/gcc/arm-none-eabi/9.3.1/../../../../arm-none-eabi/lib/thumb/v7e-m+fp/hard\libnosys.a(_exit.o)
                0x0000a988                _exit
 *(.rodata)
 .rodata        0x0000a98c       0x44 MW_PWM.o
 .rodata        0x0000a9d0       0x50 board.o
 *(.rodata*)
 .rodata.__func__.7647
                0x0000aa20       0x14 MW_PWM.o
 .rodata.Pacemaker_M
                0x0000aa34        0x4 Pacemaker.o
                0x0000aa34                Pacemaker_M
 .rodata.g_defaultClockConfigRun
                0x0000aa38       0x16 board.o
                0x0000aa38                g_defaultClockConfigRun
 *fill*         0x0000aa4e        0x2 
 .rodata.__func__.7550
                0x0000aa50       0x14 board.o
 .rodata.os_maxtaskrun
                0x0000aa64        0x2 RTX_Conf_CM.o
                0x0000aa64                os_maxtaskrun
 *fill*         0x0000aa66        0x2 
 .rodata.os_stackinfo
                0x0000aa68        0x4 RTX_Conf_CM.o
                0x0000aa68                os_stackinfo
 .rodata.os_trv
                0x0000aa6c        0x4 RTX_Conf_CM.o
                0x0000aa6c                os_trv
 .rodata.os_flags
                0x0000aa70        0x1 RTX_Conf_CM.o
                0x0000aa70                os_flags
 *fill*         0x0000aa71        0x3 
 .rodata.os_clockrate
                0x0000aa74        0x4 RTX_Conf_CM.o
                0x0000aa74                os_clockrate
 .rodata.mp_tcb_size
                0x0000aa78        0x2 RTX_Conf_CM.o
                0x0000aa78                mp_tcb_size
 *fill*         0x0000aa7a        0x2 
 .rodata.mp_stk_size
                0x0000aa7c        0x4 RTX_Conf_CM.o
                0x0000aa7c                mp_stk_size
 .rodata.os_stack_sz
                0x0000aa80        0x4 RTX_Conf_CM.o
                0x0000aa80                os_stack_sz
 .rodata.os_fifo_size
                0x0000aa84        0x1 RTX_Conf_CM.o
                0x0000aa84                os_fifo_size
 *fill*         0x0000aa85        0x3 
 .rodata.os_thread_def_osTimerThread
                0x0000aa88       0x10 RTX_Conf_CM.o
                0x0000aa88                os_thread_def_osTimerThread
 .rodata.os_messageQ_def_osTimerMessageQ
                0x0000aa98        0x8 RTX_Conf_CM.o
                0x0000aa98                os_messageQ_def_osTimerMessageQ
 .rodata.mp_tmr_size
                0x0000aaa0        0x2 RTX_Conf_CM.o
                0x0000aaa0                mp_tmr_size
 *fill*         0x0000aaa2        0x2 
 .rodata.os_thread_def_main
                0x0000aaa4       0x10 RTX_Conf_CM.o
                0x0000aaa4                os_thread_def_main
 .rodata.OSA_SemaCreate.str1.1
                0x0000aab4       0x46 C:/ProgramData/MATLAB/SupportPackages/R2022b/toolbox/target/supportpackages/freedomk64f/src/ksdk_armgcc_lib/bm/libksdk_platform.a(fsl_os_abstraction_bm.o)
 .rodata.__func__.9377
                0x0000aafa        0xd C:/ProgramData/MATLAB/SupportPackages/R2022b/toolbox/target/supportpackages/freedomk64f/src/ksdk_armgcc_lib/bm/libksdk_platform.a(fsl_os_abstraction_bm.o)
 .rodata.CLOCK_SYS_Init.str1.1
                0x0000ab07       0x73 C:/ProgramData/MATLAB/SupportPackages/R2022b/toolbox/target/supportpackages/freedomk64f/src/ksdk_armgcc_lib/bm/libksdk_platform.a(fsl_clock_manager.o)